   Compiling ureq-proto v0.6.0
   Compiling utf8-zero v0.8.1
   Compiling mecmcp-secret v0.8.0 (https://github.com/fastrevmd-lab/mecmcp?tag=v0.8.0#56b97f5d)
   Compiling mecmcp-auth v0.8.0 (https://github.com/fastrevmd-lab/mecmcp?tag=v0.8.0#56b97f5d)
   Compiling ureq v3.3.0
   Compiling mecmcp-audit v0.8.0 (https://github.com/fastrevmd-lab/mecmcp?tag=v0.8.0#56b97f5d)
   Compiling mecmcp-runtime v0.8.0 (https://github.com/fastrevmd-lab/mecmcp?tag=v0.8.0#56b97f5d)
   Compiling mecmcp-changeset v0.8.0 (https://github.com/fastrevmd-lab/mecmcp?tag=v0.8.0#56b97f5d)
   Compiling mecmcp-server v0.8.0 (https://github.com/fastrevmd-lab/mecmcp?tag=v0.8.0#56b97f5d)
   Compiling mecmcp-transport v0.8.0 (https://github.com/fastrevmd-lab/mecmcp?tag=v0.8.0#56b97f5d)
   Compiling rustsdcmcp-core v0.1.0 (/home/mharman/Projects/rustsdcmcp/crates/rustsdcmcp-core)
   Compiling rustsdcmcp v0.1.0 (/home/mharman/Projects/rustsdcmcp/crates/rustsdcmcp)
    Finished `test` profile [unoptimized + debuginfo] target(s) in 11.13s
     Running unittests src/lib.rs (target/debug/deps/rustsdcmcp-efe94708d13431f8)

running 4 tests
test server::tests::unauthenticated_paths_are_read_only ... ok
test server::tests::authenticated_calls_require_exact_tool_and_tenant_scopes ... ok
test server::tests::every_write_tool_is_a_registered_tool ... ok
test server::tests::known_tools_matches_the_registered_router_exactly ... ok

test result: ok. 4 passed; 0 failed; 0 ignored; 0 measured; 0 filtered out; finished in 0.00s

     Running unittests src/main.rs (target/debug/deps/rustsdcmcp-4d2baafee04c20ac)

running 4 tests
test tests::a_listener_with_no_authentication_decision_is_refused ... ok
test tests::a_tokens_file_alone_selects_an_authenticated_listener ... ok
test tests::a_tokens_file_is_never_silently_dropped_by_allow_no_auth ... ok
test tests::allow_no_auth_alone_selects_the_unauthenticated_listener ... ok

test result: ok. 4 passed; 0 failed; 0 ignored; 0 measured; 0 filtered out; finished in 0.00s

     Running tests/http_boundary.rs (target/debug/deps/http_boundary-446e50eeea4eebc0)

running 6 tests
test router_requires_bearer ... ok
test router_rejects_body_over_limit_before_rmcp_dispatch ... ok
test unlisted_host_is_rejected ... ok
test portless_allowed_host_matches_any_port ... ok
test loopback_stays_allowed_when_a_host_is_added ... ok
test origin_allowlist_is_passed_through ... ok

test result: ok. 6 passed; 0 failed; 0 ignored; 0 measured; 0 filtered out; finished in 0.07s

     Running tests/mecmcp_dependency_contract.rs (target/debug/deps/mecmcp_dependency_contract-65ae8d2bbef44545)

running 4 tests
test all_mecmcp_crates_use_one_released_tag_and_commit ... FAILED
test rejects_any_non_exact_mecmcp_package_set ... FAILED
test rejects_rogue_mecmcp_package_from_another_source ... ok
test rejects_noncanonical_toml_rogue_packages ... ok

failures:

---- all_mecmcp_crates_use_one_released_tag_and_commit stdout ----

thread 'all_mecmcp_crates_use_one_released_tag_and_commit' (14722) panicked at crates/rustsdcmcp/tests/mecmcp_dependency_contract.rs:99:9:
mecmcp-audit must use the exact coherent workspace declaration
note: run with `RUST_BACKTRACE=1` environment variable to display a backtrace

---- rejects_any_non_exact_mecmcp_package_set stdout ----

thread 'rejects_any_non_exact_mecmcp_package_set' (14723) panicked at crates/rustsdcmcp/tests/mecmcp_dependency_contract.rs:212:5:
assertion `left != right` failed: the different-version mutation must actually change the lockfile
  left: "# This file is automatically @generated by Cargo.\n# It is not intended for manual editing.\nversion = 4\n\n[[package]]\nname = \"aho-corasick\"\nversion = \"1.1.4\"\nsource = \"registry+https://github.com/rust-lang/crates.io-index\"\nchecksum = \"ddd31a130427c27518df266943a5308ed92d4b226cc639f5a8f1002816174301\"\ndependencies = [\n \"memchr\",\n]\n\n[[package]]\nname = \"android_system_properties\"\nversion = \"0.1.5\"\nsource = \"registry+https://github.com/rust-lang/crates.io-index\"\nchecksum = \"819e7219dbd41043ac279b19830f2efc897156490d7fd6ea916720117ee66311\"\ndependencies = [\n \"libc\",\n]\n\n[[package]]\nname = \"anstream\"\nversion = \"1.0.0\"\nsource = \"registry+https://github.com/rust-lang/crates.io-index\"\nchecksum = \"824a212faf96e9acacdbd09febd34438f8f711fb84e09a8916013cd7815ca28d\"\ndependencies = [\n \"anstyle\",\n \"anstyle-parse\",\n \"anstyle-query\",\n \"anstyle-wincon\",\n \"colorchoice\",\n \"is_terminal_polyfill\",\n \"utf8parse\",\n]\n\n[[package]]\nname = \"anstyle\"\nversion = \"1.0.14\"\nsource = \"registry+https://github.com/rust-lang/crates.io-index\"\nchecksum = \"940b3a0ca603d1eade50a4846a2afffd5ef57a9feac2c0e2ec2e14f9ead76000\"\n\n[[package]]\nname = \"anstyle-parse\"\nversion = \"1.0.0\"\nsource = \"registry+https://github.com/rust-lang/crates.io-index\"\nchecksum = \"52ce7f38b242319f7cabaa6813055467063ecdc9d355bbb4ce0c68908cd8130e\"\ndependencies = [\n \"utf8parse\",\n]\n\n[[package]]\nname = \"anstyle-query\"\nversion = \"1.1.5\"\nsource = \"registry+https://github.com/rust-lang/crates.io-index\"\nchecksum = \"40c48f72fd53cd289104fc64099abca73db4166ad86ea0b4341abe65af83dadc\"\ndependencies = [\n \"windows-sys 0.61.2\",\n]\n\n[[package]]\nname = \"anstyle-wincon\"\nversion = \"3.0.11\"\nsource = \"registry+https://github.com/rust-lang/crates.io-index\"\nchecksum = \"291e6a250ff86cd4a820112fb8898808a366d8f9f58ce16d1f538353ad55747d\"\ndependencies = [\n \"anstyle\",\n \"once_cell_polyfill\",\n \"windows-sys 0.61.2\",\n]\n\n[[package]]\nname = \"anyhow\"\nversion = \"1.0.104\"\nsource = \"registry+https://github.com/rust-lang/crates.io-index\"\nchecksum = \"330a5ed07fa54e4702c9d6c4174f74427fc0ef6e214bbd677ae50a5099946470\"\n\n[[package]]\nname = \"arc-swap\"\nversion = \"1.9.2\"\nsource = \"registry+https://github.com/rust-lang/crates.io-index\"\nchecksum = \"c049c0be4daef0b145cb3555416b3b8ef5b7888a38aea1a3a155801fe7b0810b\"\ndependencies = [\n \"rustversion\",\n]\n\n[[package]]\nname = \"async-trait\"\nversion = \"0.1.91\"\nsource = \"registry+https://github.com/rust-lang/crates.io-index\"\nchecksum = \"ae36dc4177970ef04fde5178d3e2429882def40e57a451f919c098f72baa6cec\"\ndependencies = [\n \"proc-macro2\",\n \"quote\",\n \"syn 3.0.3\",\n]\n\n[[package]]\nname = \"atomic-waker\"\nversion = \"1.1.2\"\nsource = \"registry+https://github.com/rust-lang/crates.io-index\"\nchecksum = \"1505bd5d3d116872e7271a6d4e16d81d0c8570876c8de68093a09ac269d8aac0\"\n\n[[package]]\nname = \"autocfg\"\nversion = \"1.5.1\"\nsource = \"registry+https://github.com/rust-lang/crates.io-index\"\nchecksum = \"f2032f911046de80f0a198e0901378627c33f59ea0ac00e363d481118bd70a53\"\n\n[[package]]\nname = \"axum\"\nversion = \"0.8.9\"\nsource = \"registry+https://github.com/rust-lang/crates.io-index\"\nchecksum = \"31b698c5f9a010f6573133b09e0de5408834d0c82f8d7475a89fc1867a71cd90\"\ndependencies = [\n \"axum-core\",\n \"bytes\",\n \"form_urlencoded\",\n \"futures-util\",\n \"http\",\n \"http-body\",\n \"http-body-util\",\n \"hyper\",\n \"hyper-util\",\n \"itoa\",\n \"matchit\",\n \"memchr\",\n \"mime\",\n \"percent-encoding\",\n \"pin-project-lite\",\n \"serde_core\",\n \"serde_json\",\n \"serde_path_to_error\",\n \"serde_urlencoded\",\n \"sync_wrapper\",\n \"tokio\",\n \"tower\",\n \"tower-layer\",\n \"tower-service\",\n \"tracing\",\n]\n\n[[package]]\nname = \"axum-core\"\nversion = \"0.5.6\"\nsource = \"registry+https://github.com/rust-lang/crates.io-index\"\nchecksum = \"08c78f31d7b1291f7ee735c1c6780ccde7785daae9a9206026862dab7d8792d1\"\ndependencies = [\n \"bytes\",\n \"futures-core\",\n \"http\",\n \"http-body\",\n \"http-body-util\",\n \"mime\",\n \"pin-project-lite\",\n \"sync_wrapper\",\n \"tower-layer\",\n \"tower-service\",\n \"tracing\",\n]\n\n[[package]]\nname = \"axum-server\"\nversion = \"0.8.0\"\nsource = \"registry+https://github.com/rust-lang/crates.io-index\"\nchecksum = \"b1df331683d982a0b9492b38127151e6453639cd34926eb9c07d4cd8c6d22bfc\"\ndependencies = [\n \"arc-swap\",\n \"bytes\",\n \"either\",\n \"fs-err\",\n \"http\",\n \"http-body\",\n \"hyper\",\n \"hyper-util\",\n \"pin-project-lite\",\n \"rustls\",\n \"rustls-pki-types\",\n \"tokio\",\n \"tokio-rustls\",\n \"tower-service\",\n]\n\n[[package]]\nname = \"base64\"\nversion = \"0.22.1\"\nsource = \"registry+https://github.com/rust-lang/crates.io-index\"\nchecksum = \"72b3254f16251a8381aa12e40e3c4d2f0199f8c6508fbecb9d91f575e0fbb8c6\"\n\n[[package]]\nname = \"base64\"\nversion = \"0.23.1\"\nsource = \"registry+https://github.com/rust-lang/crates.io-index\"\nchecksum = \"ac07cdecf99051d9a5238b80f35af32cdeba5b336e55d957b318b50137e18da5\"\n\n[[package]]\nname = \"bitflags\"\nversion = \"2.13.1\"\nsource = \"registry+https://github.com/rust-lang/crates.io-index\"\nchecksum = \"b588b76d00fde79687d7646a9b5bdf3cc0f655e0bbd080335a95d7e96f3587da\"\n\n[[package]]\nname = \"block-buffer\"\nversion = \"0.12.1\"\nsource = \"registry+https://github.com/rust-lang/crates.io-index\"\nchecksum = \"d2f6c7dbe95a6ed67ad9f18e57daf93a2f034c524b99fd2b76d18fdfeb6660aa\"\ndependencies = [\n \"hybrid-array\",\n]\n\n[[package]]\nname = \"bumpalo\"\nversion = \"3.20.3\"\nsource = \"registry+https://github.com/rust-lang/crates.io-index\"\nchecksum = \"72f5acc6cb2ba439de613abc23857ec3d78374d8ed5ac84e9d11336e87da8649\"\n\n[[package]]\nname = \"bytes\"\nversion = \"1.12.1\"\nsource = \"registry+https://github.com/rust-lang/crates.io-index\"\nchecksum = \"fc652a48c352aef3ea3aed32080501cf3ef6ed5da78602a020c991775b0aff04\"\n\n[[package]]\nname = \"cc\"\nversion = \"1.4.0\"\nsource = \"registry+https://github.com/rust-lang/crates.io-index\"\nchecksum = \"5add81bb678e6cb321aff7fa0dc7689ad82b112dbc032cea19f91d6b8e3582b9\"\ndependencies = [\n \"find-msvc-tools\",\n \"shlex\",\n]\n\n[[package]]\nname = \"cfg-if\"\nversion = \"1.0.4\"\nsource = \"registry+https://github.com/rust-lang/crates.io-index\"\nchecksum = \"9330f8b2ff13f34540b44e946ef35111825727b38d33286ef986142615121801\"\n\n[[package]]\nname = \"chacha20\"\nversion = \"0.10.1\"\nsource = \"registry+https://github.com/rust-lang/crates.io-index\"\nchecksum = \"d524456ba66e72eb8b115ff89e01e497f8e6d11d78b70b1aa13c0fbd97540a81\"\ndependencies = [\n \"cfg-if\",\n \"cpufeatures\",\n \"rand_core 0.10.1\",\n]\n\n[[package]]\nname = \"chrono\"\nversion = \"0.4.45\"\nsource = \"registry+https://github.com/rust-lang/crates.io-index\"\nchecksum = \"1aa79e62e7697b8e29b513a68abacf485adcd1fe8284a4316c5ae868e6633327\"\ndependencies = [\n \"iana-time-zone\",\n \"num-traits\",\n \"serde\",\n \"windows-link\",\n]\n\n[[package]]\nname = \"clap\"\nversion = \"4.6.4\"\nsource = \"registry+https://github.com/rust-lang/crates.io-index\"\nchecksum = \"d91e0c145792ef73a6ad36d27c75ac09f1832222a3c209689d90f534685ee5b7\"\ndependencies = [\n \"clap_builder\",\n \"clap_derive\",\n]\n\n[[package]]\nname = \"clap_builder\"\nversion = \"4.6.2\"\nsource = \"registry+https://github.com/rust-lang/crates.io-index\"\nchecksum = \"f09628afdcc538b57f3c6341e9c8e9970f18e4a481690a64974d7023bd33548b\"\ndependencies = [\n \"anstream\",\n \"anstyle\",\n \"clap_lex\",\n \"strsim\",\n]\n\n[[package]]\nname = \"clap_derive\"\nversion = \"4.6.4\"\nsource = \"registry+https://github.com/rust-lang/crates.io-index\"\nchecksum = \"d012d2b9d65aca7f18f4d9878a045bc17899bba951561ba5ec3c2ba1eed9a061\"\ndependencies = [\n \"heck\",\n \"proc-macro2\",\n \"quote\",\n \"syn 3.0.3\",\n]\n\n[[package]]\nname = \"clap_lex\"\nversion = \"1.1.0\"\nsource = \"registry+https://github.com/rust-lang/crates.io-index\"\nchecksum = \"c8d4a3bb8b1e0c1050499d1815f5ab16d04f0959b233085fb31653fbfc9d98f9\"\n\n[[package]]\nname = \"cmov\"\nversion = \"0.5.4\"\nsource = \"registry+https://github.com/rust-lang/crates.io-index\"\nchecksum = \"0c9ea0ac24bc397ab3c98583a3c9ba74fa56b09a4449bbe172b9b1ddb016027a\"\n\n[[package]]\nname = \"colorchoice\"\nversion = \"1.0.5\"\nsource = \"registry+https://github.com/rust-lang/crates.io-index\"\nchecksum = \"1d07550c9036bf2ae0c684c4297d503f838287c83c53686d05370d0e139ae570\"\n\n[[package]]\nname = \"combine\"\nversion = \"4.6.7\"\nsource = \"registry+https://github.com/rust-lang/crates.io-index\"\nchecksum = \"ba5a308b75df32fe02788e748662718f03fde005016435c444eea572398219fd\"\ndependencies = [\n \"bytes\",\n \"memchr\",\n]\n\n[[package]]\nname = \"const-oid\"\nversion = \"0.10.2\"\nsource = \"registry+https://github.com/rust-lang/crates.io-index\"\nchecksum = \"a6ef517f0926dd24a1582492c791b6a4818a4d94e789a334894aa15b0d12f55c\"\n\n[[package]]\nname = \"cookie\"\nversion = \"0.18.1\"\nsource = \"registry+https://github.com/rust-lang/crates.io-index\"\nchecksum = \"4ddef33a339a91ea89fb53151bd0a4689cfce27055c291dfa69945475d22c747\"\ndependencies = [\n \"percent-encoding\",\n \"time\",\n \"version_check\",\n]\n\n[[package]]\nname = \"cookie_store\"\nversion = \"0.22.1\"\nsource = \"registry+https://github.com/rust-lang/crates.io-index\"\nchecksum = \"15b2c103cf610ec6cae3da84a766285b42fd16aad564758459e6ecf128c75206\"\ndependencies = [\n \"cookie\",\n \"document-features\",\n \"idna\",\n \"indexmap\",\n \"log\",\n \"serde\",\n \"serde_derive\",\n \"serde_json\",\n \"time\",\n \"url\",\n]\n\n[[package]]\nname = \"core-foundation\"\nversion = \"0.10.1\"\nsource = \"registry+https://github.com/rust-lang/crates.io-index\"\nchecksum = \"b2a6cd9ae233e7f62ba4e9353e81a88df7fc8a5987b8d445b4d90c879bd156f6\"\ndependencies = [\n \"core-foundation-sys\",\n \"libc\",\n]\n\n[[package]]\nname = \"core-foundation-sys\"\nversion = \"0.8.7\"\nsource = \"registry+https://github.com/rust-lang/crates.io-index\"\nchecksum = \"773648b94d0e5d620f64f280777445740e61fe701025087ec8b57f45c791888b\"\n\n[[package]]\nname = \"cpufeatures\"\nversion = \"0.3.0\"\nsource = \"registry+https://github.com/rust-lang/crates.io-index\"\nchecksum = \"8b2a41393f66f16b0823bb79094d54ac5fbd34ab292ddafb9a0456ac9f87d201\"\ndependencies = [\n \"libc\",\n]\n\n[[package]]\nname = \"crossbeam-epoch\"\nversion = \"0.9.20\"\nsource = \"registry+https://github.com/rust-lang/crates.io-index\"\nchecksum = \"2d6914041f254d6e9176c01941b21115dcfb7089e55135a35411081bd106ef3f\"\ndependencies = [\n \"crossbeam-utils\",\n]\n\n[[package]]\nname = \"crossbeam-utils\"\nversion = \"0.8.22\"\nsource = \"registry+https://github.com/rust-lang/crates.io-index\"\nchecksum = \"61803da095bee82a81bb1a452ecc25d3b2f1416d1897eb86430c6159ef717c17\"\n\n[[package]]\nname = \"crypto-common\"\nversion = \"0.2.2\"\nsource = \"registry+https://github.com/rust-lang/crates.io-index\"\nchecksum = \"ce6e4c961d6cd6c9a86db418387425e8bdeaf05b3c8bc1411e6dca4c252f1453\"\ndependencies = [\n \"hybrid-array\",\n]\n\n[[package]]\nname = \"ctutils\"\nversion = \"0.4.2\"\nsource = \"registry+https://github.com/rust-lang/crates.io-index\"\nchecksum = \"7d5515a3834141de9eafb9717ad39eea8247b5674e6066c404e8c4b365d2a29e\"\ndependencies = [\n \"cmov\",\n]\n\n[[package]]\nname = \"darling\"\nversion = \"0.24.0\"\nsource = \"registry+https://github.com/rust-lang/crates.io-index\"\nchecksum = \"88490bf1b990d87eaaa7ac8aa887f629a08e7359765b4911faf63c3763347d23\"\ndependencies = [\n \"darling_core\",\n \"darling_macro\",\n]\n\n[[package]]\nname = \"darling_core\"\nversion = \"0.24.0\"\nsource = \"registry+https://github.com/rust-lang/crates.io-index\"\nchecksum = \"084e274f91c482280130e1e34e0b8d6e66776a060d7b6de7b84289ca778868c4\"\ndependencies = [\n \"ident_case\",\n \"proc-macro2\",\n \"quote\",\n \"strsim\",\n \"syn 3.0.3\",\n]\n\n[[package]]\nname = \"darling_macro\"\nversion = \"0.24.0\"\nsource = \"registry+https://github.com/rust-lang/crates.io-index\"\nchecksum = \"68f5792fa0d41cd2325ce0ffa64f0a340eaebd4971a3a0c5e1ffd2cc488a355e\"\ndependencies = [\n \"darling_core\",\n \"quote\",\n \"syn 3.0.3\",\n]\n\n[[package]]\nname = \"dashmap\"\nversion = \"6.2.1\"\nsource = \"registry+https://github.com/rust-lang/crates.io-index\"\nchecksum = \"e6361d5c062261c78a176addb82d4c821ae42bed6089de0e12603cd25de2059c\"\ndependencies = [\n \"cfg-if\",\n \"crossbeam-utils\",\n \"hashbrown 0.14.5\",\n \"lock_api\",\n \"once_cell\",\n \"parking_lot_core\",\n]\n\n[[package]]\nname = \"deranged\"\nversion = \"0.5.8\"\nsource = \"registry+https://github.com/rust-lang/crates.io-index\"\nchecksum = \"7cd812cc2bc1d69d4764bd80df88b4317eaef9e773c75226407d9bc0876b211c\"\n\n[[package]]\nname = \"digest\"\nversion = \"0.11.3\"\nsource = \"registry+https://github.com/rust-lang/crates.io-index\"\nchecksum = \"f1dd6dbb5841937940781866fa1281a1ff7bd3bf827091440879f9994983d5c2\"\ndependencies = [\n \"block-buffer\",\n \"const-oid\",\n \"crypto-common\",\n \"ctutils\",\n]\n\n[[package]]\nname = \"displaydoc\"\nversion = \"0.2.7\"\nsource = \"registry+https://github.com/rust-lang/crates.io-index\"\nchecksum = \"c6232dd377dcc64799954cbd3a9bb882e9cdc1308ccd87b1c098f1fb2eaf82a8\"\ndependencies = [\n \"proc-macro2\",\n \"quote\",\n \"syn 3.0.3\",\n]\n\n[[package]]\nname = \"document-features\"\nversion = \"0.2.12\"\nsource = \"registry+https://github.com/rust-lang/crates.io-index\"\nchecksum = \"d4b8a88685455ed29a21542a33abd9cb6510b6b129abadabdcef0f4c55bc8f61\"\ndependencies = [\n \"litrs\",\n]\n\n[[package]]\nname = \"dyn-clone\"\nversion = \"1.0.20\"\nsource = \"registry+https://github.com/rust-lang/crates.io-index\"\nchecksum = \"d0881ea181b1df73ff77ffaaf9c7544ecc11e82fba9b5f27b262a3c73a332555\"\n\n[[package]]\nname = \"either\"\nversion = \"1.17.0\"\nsource = \"registry+https://github.com/rust-lang/crates.io-index\"\nchecksum = \"9e5e8f6c15a24b9a3ee5efec809ccd006d3b30e8b3bb63c39af737c7f87daa1d\"\n\n[[package]]\nname = \"equivalent\"\nversion = \"1.0.2\"\nsource = \"registry+https://github.com/rust-lang/crates.io-index\"\nchecksum = \"877a4ace8713b0bcf2a4e7eec82529c029f1d0619886d18145fea96c3ffe5c0f\"\n\n[[package]]\nname = \"errno\"\nversion = \"0.3.14\"\nsource = \"registry+https://github.com/rust-lang/crates.io-index\"\nchecksum = \"39cab71617ae0d63f51a36d69f866391735b51691dbda63cf6f96d042b63efeb\"\ndependencies = [\n \"libc\",\n \"windows-sys 0.61.2\",\n]\n\n[[package]]\nname = \"fastrand\"\nversion = \"2.5.0\"\nsource = \"registry+https://github.com/rust-lang/crates.io-index\"\nchecksum = \"da7c62ceae207dd37ea5b845da6a0696c799f85e97da1ab5b7910be3c1c80223\"\n\n[[package]]\nname = \"find-msvc-tools\"\nversion = \"0.1.9\"\nsource = \"registry+https://github.com/rust-lang/crates.io-index\"\nchecksum = \"5baebc0774151f905a1a2cc41989300b1e6fbb29aff0ceffa1064fdd3088d582\"\n\n[[package]]\nname = \"fnv\"\nversion = \"1.0.7\"\nsource = \"registry+https://github.com/rust-lang/crates.io-index\"\nchecksum = \"3f9eec918d3f24069decb9af1554cad7c880e2da24a9afd88aca000531ab82c1\"\n\n[[package]]\nname = \"foldhash\"\nversion = \"0.2.0\"\nsource = \"registry+https://github.com/rust-lang/crates.io-index\"\nchecksum = \"77ce24cb58228fbb8aa041425bb1050850ac19177686ea6e0f41a70416f56fdb\"\n\n[[package]]\nname = \"form_urlencoded\"\nversion = \"1.2.2\"\nsource = \"registry+https://github.com/rust-lang/crates.io-index\"\nchecksum = \"cb4cb245038516f5f85277875cdaa4f7d2c9a0fa0468de06ed190163b1581fcf\"\ndependencies = [\n \"percent-encoding\",\n]\n\n[[package]]\nname = \"fs-err\"\nversion = \"3.3.1\"\nsource = \"registry+https://github.com/rust-lang/crates.io-index\"\nchecksum = \"b91aa448ca50d7e79433bdf3ee8d99215430d2ec02ade5aefab2a073a1822e8a\"\ndependencies = [\n \"autocfg\",\n \"tokio\",\n]\n\n[[package]]\nname = \"futures\"\nversion = \"0.3.33\"\nsource = \"registry+https://github.com/rust-lang/crates.io-index\"\nchecksum = \"a88cf1f829d945f548cf8fec32c61b1f202b6d93b45848602fc02af4b12ad218\"\ndependencies = [\n \"futures-channel\",\n \"futures-core\",\n \"futures-executor\",\n \"futures-io\",\n \"futures-sink\",\n \"futures-task\",\n \"futures-util\",\n]\n\n[[package]]\nname = \"futures-channel\"\nversion = \"0.3.33\"\nsource = \"registry+https://github.com/rust-lang/crates.io-index\"\nchecksum = \"262590f4fe6afeb0bc83be1daa64e52657fe185690a958af7f3ad0e92085c5ae\"\ndependencies = [\n \"futures-core\",\n \"futures-sink\",\n]\n\n[[package]]\nname = \"futures-core\"\nversion = \"0.3.33\"\nsource = \"registry+https://github.com/rust-lang/crates.io-index\"\nchecksum = \"2cd50c473c80f6d7c3670a752354b8e569b1a7cbfdc0419ec88e5edad85e0dc7\"\n\n[[package]]\nname = \"futures-executor\"\nversion = \"0.3.33\"\nsource = \"registry+https://github.com/rust-lang/crates.io-index\"\nchecksum = \"6754879cc9f2c66f88c6e5c35344bb0bdb0708b0352b1201815667c7eabc7458\"\ndependencies = [\n \"futures-core\",\n \"futures-task\",\n \"futures-util\",\n]\n\n[[package]]\nname = \"futures-io\"\nversion = \"0.3.33\"\nsource = \"registry+https://github.com/rust-lang/crates.io-index\"\nchecksum = \"4577ecaa3c4f96589d473f679a71b596316f6641bc350038b962a5daf0085d7a\"\n\n[[package]]\nname = \"futures-macro\"\nversion = \"0.3.33\"\nsource = \"registry+https://github.com/rust-lang/crates.io-index\"\nchecksum = \"2d6d3cde68c518367be28956066ddfef33813991b77a55005a69dae04bf3b10b\"\ndependencies = [\n \"proc-macro2\",\n \"quote\",\n \"syn 2.0.119\",\n]\n\n[[package]]\nname = \"futures-sink\"\nversion = \"0.3.33\"\nsource = \"registry+https://github.com/rust-lang/crates.io-index\"\nchecksum = \"e34418ac499d6305c2fb5ad0ed2f6ac998c5f8ca209b4510f7f94242c647e307\"\n\n[[package]]\nname = \"futures-task\"\nversion = \"0.3.33\"\nsource = \"registry+https://github.com/rust-lang/crates.io-index\"\nchecksum = \"b231ed28831efb4a61a08580c4bc233ec56bc009f4cd8f52da2c3cb97df0c109\"\n\n[[package]]\nname = \"futures-util\"\nversion = \"0.3.33\"\nsource = \"registry+https://github.com/rust-lang/crates.io-index\"\nchecksum = \"a77a90a256fce34da66415271e30f94ee91c57b04b8a2c042d9cf3220179deaa\"\ndependencies = [\n \"futures-channel\",\n \"futures-core\",\n \"futures-io\",\n \"futures-macro\",\n \"futures-sink\",\n \"futures-task\",\n \"memchr\",\n \"pin-project-lite\",\n \"slab\",\n]\n\n[[package]]\nname = \"getrandom\"\nversion = \"0.2.17\"\nsource = \"registry+https://github.com/rust-lang/crates.io-index\"\nchecksum = \"ff2abc00be7fca6ebc474524697ae276ad847ad0a6b3faa4bcb027e9a4614ad0\"\ndependencies = [\n \"cfg-if\",\n \"libc\",\n \"wasi\",\n]\n\n[[package]]\nname = \"getrandom\"\nversion = \"0.3.4\"\nsource = \"registry+https://github.com/rust-lang/crates.io-index\"\nchecksum = \"899def5c37c4fd7b2664648c28120ecec138e4d395b459e5ca34f9cce2dd77fd\"\ndependencies = [\n \"cfg-if\",\n \"libc\",\n \"r-efi 5.3.0\",\n \"wasip2\",\n]\n\n[[package]]\nname = \"getrandom\"\nversion = \"0.4.3\"\nsource = \"registry+https://github.com/rust-lang/crates.io-index\"\nchecksum = \"300e883d756b2e4ec94e02791f39b04b522276138852cfc41d9fb7e904106099\"\ndependencies = [\n \"cfg-if\",\n \"libc\",\n \"r-efi 6.0.0\",\n \"rand_core 0.10.1\",\n]\n\n[[package]]\nname = \"h2\"\nversion = \"0.4.15\"\nsource = \"registry+https://github.com/rust-lang/crates.io-index\"\nchecksum = \"6cb093c84e8bd9b188d4c4a8cb6579fc016968d14c99882163cd3ff402a4f155\"\ndependencies = [\n \"atomic-waker\",\n \"bytes\",\n \"fnv\",\n \"futures-core\",\n \"futures-sink\",\n \"http\",\n \"indexmap\",\n \"slab\",\n \"tokio\",\n \"tokio-util\",\n \"tracing\",\n]\n\n[[package]]\nname = \"hashbrown\"\nversion = \"0.14.5\"\nsource = \"registry+https://github.com/rust-lang/crates.io-index\"\nchecksum = \"e5274423e17b7c9fc20b6e7e208532f9b19825d82dfd615708b70edd83df41f1\"\n\n[[package]]\nname = \"hashbrown\"\nversion = \"0.16.1\"\nsource = \"registry+https://github.com/rust-lang/crates.io-index\"\nchecksum = \"841d1cc9bed7f9236f321df977030373f4a4163ae1a7dbfe1a51a2c1a51d9100\"\ndependencies = [\n \"foldhash\",\n]\n\n[[package]]\nname = \"hashbrown\"\nversion = \"0.17.1\"\nsource = \"registry+https://github.com/rust-lang/crates.io-index\"\nchecksum = \"ed5909b6e89a2db4456e54cd5f673791d7eca6732202bbf2a9cc504fe2f9b84a\"\n\n[[package]]\nname = \"heck\"\nversion = \"0.5.0\"\nsource = \"registry+https://github.com/rust-lang/crates.io-index\"\nchecksum = \"2304e00983f87ffb38b55b444b5e3b60a884b5d30c0fca7d82fe33449bbe55ea\"\n\n[[package]]\nname = \"hex\"\nversion = \"0.4.3\"\nsource = \"registry+https://github.com/rust-lang/crates.io-index\"\nchecksum = \"7f24254aa9a54b5c858eaee2f5bccdb46aaf0e486a595ed5fd8f86ba55232a70\"\n\n[[package]]\nname = \"hmac\"\nversion = \"0.13.0\"\nsource = \"registry+https://github.com/rust-lang/crates.io-index\"\nchecksum = \"6303bc9732ae41b04cb554b844a762b4115a61bfaa81e3e83050991eeb56863f\"\ndependencies = [\n \"digest\",\n]\n\n[[package]]\nname = \"http\"\nversion = \"1.5.0\"\nsource = \"registry+https://github.com/rust-lang/crates.io-index\"\nchecksum = \"918d3568bebf352712bc2ef3d46a8bcf1a75b373be6539de198e9105cbbf9ce0\"\ndependencies = [\n \"bytes\",\n \"itoa\",\n]\n\n[[package]]\nname = \"http-body\"\nversion = \"1.1.0\"\nsource = \"registry+https://github.com/rust-lang/crates.io-index\"\nchecksum = \"ca2a8f2913ee65f60facd6a5905613afaa448497a0230cc41ce022d93290bc2c\"\ndependencies = [\n \"bytes\",\n \"http\",\n]\n\n[[package]]\nname = \"http-body-util\"\nversion = \"0.1.4\"\nsource = \"registry+https://github.com/rust-lang/crates.io-index\"\nchecksum = \"e9f41fd6a08e4d4ec69df65976da761afd5ad5e58a9d4acb46bd1c953a9e3ff2\"\ndependencies = [\n \"bytes\",\n \"futures-core\",\n \"http\",\n \"http-body\",\n \"pin-project-lite\",\n]\n\n[[package]]\nname = \"httparse\"\nversion = \"1.10.1\"\nsource = \"registry+https://github.com/rust-lang/crates.io-index\"\nchecksum = \"6dbf3de79e51f3d586ab4cb9d5c3e2c14aa28ed23d180cf89b4df0454a69cc87\"\n\n[[package]]\nname = \"httpdate\"\nversion = \"1.0.3\"\nsource = \"registry+https://github.com/rust-lang/crates.io-index\"\nchecksum = \"df3b46402a9d5adb4c86a0cf463f42e19994e3ee891101b1841f30a545cb49a9\"\n\n[[package]]\nname = \"hybrid-array\"\nversion = \"0.4.13\"\nsource = \"registry+https://github.com/rust-lang/crates.io-index\"\nchecksum = \"818356c5132c1fede50f837ca96afbe78ff42413047f4abb886217845e1b6c8c\"\ndependencies = [\n \"typenum\",\n]\n\n[[package]]\nname = \"hyper\"\nversion = \"1.11.0\"\nsource = \"registry+https://github.com/rust-lang/crates.io-index\"\nchecksum = \"d22053281f852e11534f5198498373cbb59295120a20771d90f7ed1897490a72\"\ndependencies = [\n \"atomic-waker\",\n \"bytes\",\n \"futures-channel\",\n \"futures-core\",\n \"h2\",\n \"http\",\n \"http-body\",\n \"httparse\",\n \"httpdate\",\n \"itoa\",\n \"pin-project-lite\",\n \"smallvec\",\n \"tokio\",\n \"want\",\n]\n\n[[package]]\nname = \"hyper-rustls\"\nversion = \"0.27.9\"\nsource = \"registry+https://github.com/rust-lang/crates.io-index\"\nchecksum = \"33ca68d021ef39cf6463ab54c1d0f5daf03377b70561305bb89a8f83aab66e0f\"\ndependencies = [\n \"http\",\n \"hyper\",\n \"hyper-util\",\n \"rustls\",\n \"tokio\",\n \"tokio-rustls\",\n \"tower-service\",\n]\n\n[[package]]\nname = \"hyper-util\"\nversion = \"0.1.20\"\nsource = \"registry+https://github.com/rust-lang/crates.io-index\"\nchecksum = \"96547c2556ec9d12fb1578c4eaf448b04993e7fb79cbaad930a656880a6bdfa0\"\ndependencies = [\n \"base64 0.22.1\",\n \"bytes\",\n \"futures-channel\",\n \"futures-util\",\n \"http\",\n \"http-body\",\n \"hyper\",\n \"ipnet\",\n \"libc\",\n \"percent-encoding\",\n \"pin-project-lite\",\n \"socket2\",\n \"tokio\",\n \"tower-service\",\n \"tracing\",\n]\n\n[[package]]\nname = \"iana-time-zone\"\nversion = \"0.1.65\"\nsource = \"registry+https://github.com/rust-lang/crates.io-index\"\nchecksum = \"e31bc9ad994ba00e440a8aa5c9ef0ec67d5cb5e5cb0cc7f8b744a35b389cc470\"\ndependencies = [\n \"android_system_properties\",\n \"core-foundation-sys\",\n \"iana-time-zone-haiku\",\n \"js-sys\",\n \"log\",\n \"wasm-bindgen\",\n \"windows-core\",\n]\n\n[[package]]\nname = \"iana-time-zone-haiku\"\nversion = \"0.1.2\"\nsource = \"registry+https://github.com/rust-lang/crates.io-index\"\nchecksum = \"f31827a206f56af32e590ba56d5d2d085f558508192593743f16b2306495269f\"\ndependencies = [\n \"cc\",\n]\n\n[[package]]\nname = \"icu_collections\"\nversion = \"2.2.0\"\nsource = \"registry+https://github.com/rust-lang/crates.io-index\"\nchecksum = \"2984d1cd16c883d7935b9e07e44071dca8d917fd52ecc02c04d5fa0b5a3f191c\"\ndependencies = [\n \"displaydoc\",\n \"potential_utf\",\n \"utf8_iter\",\n \"yoke\",\n \"zerofrom\",\n \"zerovec\",\n]\n\n[[package]]\nname = \"icu_locale_core\"\nversion = \"2.2.0\"\nsource = \"registry+https://github.com/rust-lang/crates.io-index\"\nchecksum = \"92219b62b3e2b4d88ac5119f8904c10f8f61bf7e95b640d25ba3075e6cac2c29\"\ndependencies = [\n \"displaydoc\",\n \"litemap\",\n \"tinystr\",\n \"writeable\",\n \"zerovec\",\n]\n\n[[package]]\nname = \"icu_normalizer\"\nversion = \"2.2.0\"\nsource = \"registry+https://github.com/rust-lang/crates.io-index\"\nchecksum = \"c56e5ee99d6e3d33bd91c5d85458b6005a22140021cc324cea84dd0e72cff3b4\"\ndependencies = [\n \"icu_collections\",\n \"icu_normalizer_data\",\n \"icu_properties\",\n \"icu_provider\",\n \"smallvec\",\n \"zerovec\",\n]\n\n[[package]]\nname = \"icu_normalizer_data\"\nversion = \"2.2.0\"\nsource = \"registry+https://github.com/rust-lang/crates.io-index\"\nchecksum = \"da3be0ae77ea334f4da67c12f149704f19f81d1adf7c51cf482943e84a2bad38\"\n\n[[package]]\nname = \"icu_properties\"\nversion = \"2.2.0\"\nsource = \"registry+https://github.com/rust-lang/crates.io-index\"\nchecksum = \"bee3b67d0ea5c2cca5003417989af8996f8604e34fb9ddf96208a033901e70de\"\ndependencies = [\n \"icu_collections\",\n \"icu_locale_core\",\n \"icu_properties_data\",\n \"icu_provider\",\n \"zerotrie\",\n \"zerovec\",\n]\n\n[[package]]\nname = \"icu_properties_data\"\nversion = \"2.2.0\"\nsource = \"registry+https://github.com/rust-lang/crates.io-index\"\nchecksum = \"8e2bbb201e0c04f7b4b3e14382af113e17ba4f63e2c9d2ee626b720cbce54a14\"\n\n[[package]]\nname = \"icu_provider\"\nversion = \"2.2.0\"\nsource = \"registry+https://github.com/rust-lang/crates.io-index\"\nchecksum = \"139c4cf31c8b5f33d7e199446eff9c1e02decfc2f0eec2c8d71f65befa45b421\"\ndependencies = [\n \"displaydoc\",\n \"icu_locale_core\",\n \"writeable\",\n \"yoke\",\n \"zerofrom\",\n \"zerotrie\",\n \"zerovec\",\n]\n\n[[package]]\nname = \"ident_case\"\nversion = \"1.0.1\"\nsource = \"registry+https://github.com/rust-lang/crates.io-index\"\nchecksum = \"b9e0384b61958566e926dc50660321d12159025e767c18e043daf26b70104c39\"\n\n[[package]]\nname = \"idna\"\nversion = \"1.1.0\"\nsource = \"registry+https://github.com/rust-lang/crates.io-index\"\nchecksum = \"3b0875f23caa03898994f6ddc501886a45c7d3d62d04d2d90788d47be1b1e4de\"\ndependencies = [\n \"idna_adapter\",\n \"smallvec\",\n \"utf8_iter\",\n]\n\n[[package]]\nname = \"idna_adapter\"\nversion = \"1.2.2\"\nsource = \"registry+https://github.com/rust-lang/crates.io-index\"\nchecksum = \"cb68373c0d6620ef8105e855e7745e18b0d00d3bdb07fb532e434244cdb9a714\"\ndependencies = [\n \"icu_normalizer\",\n \"icu_properties\",\n]\n\n[[package]]\nname = \"indexmap\"\nversion = \"2.14.0\"\nsource = \"registry+https://github.com/rust-lang/crates.io-index\"\nchecksum = \"d466e9454f08e4a911e14806c24e16fba1b4c121d1ea474396f396069cf949d9\"\ndependencies = [\n \"equivalent\",\n \"hashbrown 0.17.1\",\n]\n\n[[package]]\nname = \"ipnet\"\nversion = \"2.12.0\"\nsource = \"registry+https://github.com/rust-lang/crates.io-index\"\nchecksum = \"d98f6fed1fde3f8c21bc40a1abb88dd75e67924f9cffc3ef95607bad8017f8e2\"\n\n[[package]]\nname = \"is_terminal_polyfill\"\nversion = \"1.70.2\"\nsource = \"registry+https://github.com/rust-lang/crates.io-index\"\nchecksum = \"a6cb138bb79a146c1bd460005623e142ef0181e3d0219cb493e02f7d08a35695\"\n\n[[package]]\nname = \"itoa\"\nversion = \"1.0.18\"\nsource = \"registry+https://github.com/rust-lang/crates.io-index\"\nchecksum = \"8f42a60cbdf9a97f5d2305f08a87dc4e09308d1276d28c869c684d7777685682\"\n\n[[package]]\nname = \"jni\"\nversion = \"0.22.4\"\nsource = \"registry+https://github.com/rust-lang/crates.io-index\"\nchecksum = \"5efd9a482cf3a427f00d6b35f14332adc7902ce91efb778580e180ff90fa3498\"\ndependencies = [\n \"cfg-if\",\n \"combine\",\n \"jni-macros\",\n \"jni-sys\",\n \"log\",\n \"simd_cesu8\",\n \"thiserror\",\n \"walkdir\",\n \"windows-link\",\n]\n\n[[package]]\nname = \"jni-macros\"\nversion = \"0.22.4\"\nsource = \"registry+https://github.com/rust-lang/crates.io-index\"\nchecksum = \"a00109accc170f0bdb141fed3e393c565b6f5e072365c3bd58f5b062591560a3\"\ndependencies = [\n \"proc-macro2\",\n \"quote\",\n \"rustc_version\",\n \"simd_cesu8\",\n \"syn 2.0.119\",\n]\n\n[[package]]\nname = \"jni-sys\"\nversion = \"0.4.1\"\nsource = \"registry+https://github.com/rust-lang/crates.io-index\"\nchecksum = \"c6377a88cb3910bee9b0fa88d4f42e1d2da8e79915598f65fb0c7ee14c878af2\"\ndependencies = [\n \"jni-sys-macros\",\n]\n\n[[package]]\nname = \"jni-sys-macros\"\nversion = \"0.4.1\"\nsource = \"registry+https://github.com/rust-lang/crates.io-index\"\nchecksum = \"38c0b942f458fe50cdac086d2f946512305e5631e720728f2a61aabcd47a6264\"\ndependencies = [\n \"quote\",\n \"syn 2.0.119\",\n]\n\n[[package]]\nname = \"js-sys\"\nversion = \"0.3.103\"\nsource = \"registry+https://github.com/rust-lang/crates.io-index\"\nchecksum = \"53b44bfcdb3f8d5837a46dae1ca9660a837176eee74a28b229bc626816589102\"\ndependencies = [\n \"cfg-if\",\n \"futures-util\",\n \"wasm-bindgen\",\n]\n\n[[package]]\nname = \"lazy_static\"\nversion = \"1.5.0\"\nsource = \"registry+https://github.com/rust-lang/crates.io-index\"\nchecksum = \"bbd2bcb4c963f2ddae06a2efc7e9f3591312473c50c6685e1f298068316e66fe\"\n\n[[package]]\nname = \"libc\"\nversion = \"0.2.189\"\nsource = \"registry+https://github.com/rust-lang/crates.io-index\"\nchecksum = \"3eaf3ede3fee6db1a4c2ee091bf8a8b4dccdc6d17f656fb07896ee72867612f2\"\n\n[[package]]\nname = \"linux-raw-sys\"\nversion = \"0.4.15\"\nsource = \"registry+https://github.com/rust-lang/crates.io-index\"\nchecksum = \"d26c52dbd32dccf2d10cac7725f8eae5296885fb5703b261f7d0a0739ec807ab\"\n\n[[package]]\nname = \"linux-raw-sys\"\nversion = \"0.12.1\"\nsource = \"registry+https://github.com/rust-lang/crates.io-index\"\nchecksum = \"32a66949e030da00e8c7d4434b251670a91556f4144941d37452769c25d58a53\"\n\n[[package]]\nname = \"litemap\"\nversion = \"0.8.2\"\nsource = \"registry+https://github.com/rust-lang/crates.io-index\"\nchecksum = \"92daf443525c4cce67b150400bc2316076100ce0b3686209eb8cf3c31612e6f0\"\n\n[[package]]\nname = \"litrs\"\nversion = \"1.0.0\"\nsource = \"registry+https://github.com/rust-lang/crates.io-index\"\nchecksum = \"11d3d7f243d5c5a8b9bb5d6dd2b1602c0cb0b9db1621bafc7ed66e35ff9fe092\"\n\n[[package]]\nname = \"lock_api\"\nversion = \"0.4.14\"\nsource = \"registry+https://github.com/rust-lang/crates.io-index\"\nchecksum = \"224399e74b87b5f3557511d98dff8b14089b3dadafcab6bb93eab67d3aace965\"\ndependencies = [\n \"scopeguard\",\n]\n\n[[package]]\nname = \"log\"\nversion = \"0.4.33\"\nsource = \"registry+https://github.com/rust-lang/crates.io-index\"\nchecksum = \"0ceec5bc11778974d1bcb055b18002eba7f4b3518b6a0081b3af5f21666da9ad\"\n\n[[package]]\nname = \"matchers\"\nversion = \"0.2.0\"\nsource = \"registry+https://github.com/rust-lang/crates.io-index\"\nchecksum = \"d1525a2a28c7f4fa0fc98bb91ae755d1e2d1505079e05539e35bc876b5d65ae9\"\ndependencies = [\n \"regex-automata\",\n]\n\n[[package]]\nname = \"matchit\"\nversion = \"0.8.4\"\nsource = \"registry+https://github.com/rust-lang/crates.io-index\"\nchecksum = \"47e1ffaa40ddd1f3ed91f717a33c8c0ee23fff369e3aa8772b9605cc1d22f4c3\"\n\n[[package]]\nname = \"mecmcp-audit\"\nversion = \"0.8.0\"\nsource = \"git+https://github.com/fastrevmd-lab/mecmcp?tag=v0.8.0#56b97f5d9530f63a2961950cbd1f88970cb01320\"\ndependencies = [\n \"hmac\",\n \"log\",\n \"mecmcp-auth\",\n \"metrics\",\n \"serde\",\n \"serde_json\",\n \"sha2\",\n \"tempfile\",\n \"tracing\",\n \"tracing-journald\",\n \"tracing-log\",\n \"tracing-subscriber\",\n \"uuid\",\n]\n\n[[package]]\nname = \"mecmcp-auth\"\nversion = \"0.8.0\"\nsource = \"git+https://github.com/fastrevmd-lab/mecmcp?tag=v0.8.0#56b97f5d9530f63a2961950cbd1f88970cb01320\"\ndependencies = [\n \"arc-swap\",\n \"chrono\",\n \"getrandom 0.4.3\",\n \"mecmcp-secret\",\n \"serde\",\n \"serde_json\",\n \"sha2\",\n \"subtle\",\n \"tempfile\",\n \"thiserror\",\n \"zeroize\",\n]\n\n[[package]]\nname = \"mecmcp-changeset\"\nversion = \"0.8.0\"\nsource = \"git+https://github.com/fastrevmd-lab/mecmcp?tag=v0.8.0#56b97f5d9530f63a2961950cbd1f88970cb01320\"\ndependencies = [\n \"async-trait\",\n \"getrandom 0.4.3\",\n \"hex\",\n \"mecmcp-audit\",\n \"mecmcp-secret\",\n \"rustix 1.1.4\",\n \"serde\",\n \"serde_json\",\n \"sha2\",\n \"tempfile\",\n \"tokio\",\n \"tokio-util\",\n \"url\",\n]\n\n[[package]]\nname = \"mecmcp-runtime\"\nversion = \"0.8.0\"\nsource = \"git+https://github.com/fastrevmd-lab/mecmcp?tag=v0.8.0#56b97f5d9530f63a2961950cbd1f88970cb01320\"\ndependencies = [\n \"anyhow\",\n \"clap\",\n \"mecmcp-auth\",\n \"rustix 1.1.4\",\n \"thiserror\",\n \"tokio\",\n \"tokio-util\",\n \"tracing\",\n]\n\n[[package]]\nname = \"mecmcp-secret\"\nversion = \"0.8.0\"\nsource = \"git+https://github.com/fastrevmd-lab/mecmcp?tag=v0.8.0#56b97f5d9530f63a2961950cbd1f88970cb01320\"\ndependencies = [\n \"rustix 1.1.4\",\n \"thiserror\",\n \"zeroize\",\n]\n\n[[package]]\nname = \"mecmcp-server\"\nversion = \"0.8.0\"\nsource = \"git+https://github.com/fastrevmd-lab/mecmcp?tag=v0.8.0#56b97f5d9530f63a2961950cbd1f88970cb01320\"\ndependencies = [\n \"http\",\n \"mecmcp-audit\",\n \"mecmcp-auth\",\n \"rmcp\",\n \"serde\",\n \"serde_json\",\n \"thiserror\",\n]\n\n[[package]]\nname = \"mecmcp-transport\"\nversion = \"0.8.0\"\nsource = \"git+https://github.com/fastrevmd-lab/mecmcp?tag=v0.8.0#56b97f5d9530f63a2961950cbd1f88970cb01320\"\ndependencies = [\n \"axum\",\n \"axum-server\",\n \"dashmap\",\n \"futures\",\n \"http\",\n \"http-body\",\n \"http-body-util\",\n \"mecmcp-auth\",\n \"metrics\",\n \"metrics-exporter-prometheus\",\n \"rmcp\",\n \"rustix 0.38.44\",\n \"rustls\",\n \"rustls-pki-types\",\n \"serde\",\n \"serde_json\",\n \"thiserror\",\n \"tokio\",\n \"tokio-util\",\n \"tower-http\",\n \"tracing\",\n \"ureq\",\n \"zeroize\",\n]\n\n[[package]]\nname = \"memchr\"\nversion = \"2.8.3\"\nsource = \"registry+https://github.com/rust-lang/crates.io-index\"\nchecksum = \"cf8baf1c55e62ffcace7a9f06f4bd9cd3f0c4beb022d3b367256b91b87513d98\"\n\n[[package]]\nname = \"metrics\"\nversion = \"0.24.6\"\nsource = \"registry+https://github.com/rust-lang/crates.io-index\"\nchecksum = \"89550ee9f79e88fef3119de263694973a8adb26c21d75322164fb8c493039fe2\"\ndependencies = [\n \"portable-atomic\",\n \"rapidhash\",\n]\n\n[[package]]\nname = \"metrics-exporter-prometheus\"\nversion = \"0.17.2\"\nsource = \"registry+https://github.com/rust-lang/crates.io-index\"\nchecksum = \"2b166dea96003ee2531cf14833efedced545751d800f03535801d833313f8c15\"\ndependencies = [\n \"base64 0.22.1\",\n \"indexmap\",\n \"metrics\",\n \"metrics-util\",\n \"quanta\",\n \"thiserror\",\n]\n\n[[package]]\nname = \"metrics-util\"\nversion = \"0.20.4\"\nsource = \"registry+https://github.com/rust-lang/crates.io-index\"\nchecksum = \"96f8722f8562635f92f8ed992f26df0532266eb03d5202607c20c0d7e9745e13\"\ndependencies = [\n \"crossbeam-epoch\",\n \"crossbeam-utils\",\n \"hashbrown 0.16.1\",\n \"metrics\",\n \"quanta\",\n \"rand 0.9.5\",\n \"rand_xoshiro\",\n \"rapidhash\",\n \"sketches-ddsketch\",\n]\n\n[[package]]\nname = \"mime\"\nversion = \"0.3.17\"\nsource = \"registry+https://github.com/rust-lang/crates.io-index\"\nchecksum = \"6877bb514081ee2a7ff5ef9de3281f14a4dd4bceac4c09388074a6b5df8a139a\"\n\n[[package]]\nname = \"mio\"\nversion = \"1.2.2\"\nsource = \"registry+https://github.com/rust-lang/crates.io-index\"\nchecksum = \"30d65c71f1ce40ab09135ce117d742b9f8a19ff91a41a8b57ed50bc2de59c427\"\ndependencies = [\n \"libc\",\n \"wasi\",\n \"windows-sys 0.61.2\",\n]\n\n[[package]]\nname = \"nu-ansi-term\"\nversion = \"0.50.3\"\nsource = \"registry+https://github.com/rust-lang/crates.io-index\"\nchecksum = \"7957b9740744892f114936ab4a57b3f487491bbeafaf8083688b16841a4240e5\"\ndependencies = [\n \"windows-sys 0.61.2\",\n]\n\n[[package]]\nname = \"num-conv\"\nversion = \"0.2.2\"\nsource = \"registry+https://github.com/rust-lang/crates.io-index\"\nchecksum = \"521739c6d2bac4aa25192232afe6841231376b2b26d4d9fae5ecf8ca5772e441\"\n\n[[package]]\nname = \"num-traits\"\nversion = \"0.2.19\"\nsource = \"registry+https://github.com/rust-lang/crates.io-index\"\nchecksum = \"071dfc062690e90b734c0b2273ce72ad0ffa95f0c74596bc250dcfd960262841\"\ndependencies = [\n \"autocfg\",\n]\n\n[[package]]\nname = \"once_cell\"\nversion = \"1.21.4\"\nsource = \"registry+https://github.com/rust-lang/crates.io-index\"\nchecksum = \"9f7c3e4beb33f85d45ae3e3a1792185706c8e16d043238c593331cc7cd313b50\"\n\n[[package]]\nname = \"once_cell_polyfill\"\nversion = \"1.70.2\"\nsource = \"registry+https://github.com/rust-lang/crates.io-index\"\nchecksum = \"384b8ab6d37215f3c5301a95a4accb5d64aa607f1fcb26a11b5303878451b4fe\"\n\n[[package]]\nname = \"openssl-probe\"\nversion = \"0.2.1\"\nsource = \"registry+https://github.com/rust-lang/crates.io-index\"\nchecksum = \"7c87def4c32ab89d880effc9e097653c8da5d6ef28e6b539d313baaacfbafcbe\"\n\n[[package]]\nname = \"parking_lot\"\nversion = \"0.12.5\"\nsource = \"registry+https://github.com/rust-lang/crates.io-index\"\nchecksum = \"93857453250e3077bd71ff98b6a65ea6621a19bb0f559a85248955ac12c45a1a\"\ndependencies = [\n \"lock_api\",\n \"parking_lot_core\",\n]\n\n[[package]]\nname = \"parking_lot_core\"\nversion = \"0.9.12\"\nsource = \"registry+https://github.com/rust-lang/crates.io-index\"\nchecksum = \"2621685985a2ebf1c516881c026032ac7deafcda1a2c9b7850dc81e3dfcb64c1\"\ndependencies = [\n \"cfg-if\",\n \"libc\",\n \"redox_syscall\",\n \"smallvec\",\n \"windows-link\",\n]\n\n[[package]]\nname = \"pastey\"\nversion = \"0.2.3\"\nsource = \"registry+https://github.com/rust-lang/crates.io-index\"\nchecksum = \"2ee67f1008b1ba2321834326597b8e186293b049a023cdef258527550b9935b4\"\n\n[[package]]\nname = \"percent-encoding\"\nversion = \"2.3.2\"\nsource = \"registry+https://github.com/rust-lang/crates.io-index\"\nchecksum = \"9b4f627cb1b25917193a259e49bdad08f671f8d9708acfd5fe0a8c1455d87220\"\n\n[[package]]\nname = \"pin-project-lite\"\nversion = \"0.2.17\"\nsource = \"registry+https://github.com/rust-lang/crates.io-index\"\nchecksum = \"a89322df9ebe1c1578d689c92318e070967d1042b512afbe49518723f4e6d5cd\"\n\n[[package]]\nname = \"portable-atomic\"\nversion = \"1.14.0\"\nsource = \"registry+https://github.com/rust-lang/crates.io-index\"\nchecksum = \"3d20d5497ef88037a52ff98267d066e7f11fcc5e99bbfbd58a42336193aacec3\"\n\n[[package]]\nname = \"potential_utf\"\nversion = \"0.1.5\"\nsource = \"registry+https://github.com/rust-lang/crates.io-index\"\nchecksum = \"0103b1cef7ec0cf76490e969665504990193874ea05c85ff9bab8b911d0a0564\"\ndependencies = [\n \"zerovec\",\n]\n\n[[package]]\nname = \"powerfmt\"\nversion = \"0.2.0\"\nsource = \"registry+https://github.com/rust-lang/crates.io-index\"\nchecksum = \"439ee305def115ba05938db6eb1644ff94165c5ab5e9420d1c1bcedbba909391\"\n\n[[package]]\nname = \"ppv-lite86\"\nversion = \"0.2.21\"\nsource = \"registry+https://github.com/rust-lang/crates.io-index\"\nchecksum = \"85eae3c4ed2f50dcfe72643da4befc30deadb458a9b590d720cde2f2b1e97da9\"\ndependencies = [\n \"zerocopy\",\n]\n\n[[package]]\nname = \"proc-macro2\"\nversion = \"1.0.107\"\nsource = \"registry+https://github.com/rust-lang/crates.io-index\"\nchecksum = \"985e7ec9bb745e6ce6535b544d84d6cd6f7ad8bd711c398938ae983b91a766d9\"\ndependencies = [\n \"unicode-ident\",\n]\n\n[[package]]\nname = \"quanta\"\nversion = \"0.12.6\"\nsource = \"registry+https://github.com/rust-lang/crates.io-index\"\nchecksum = \"f3ab5a9d756f0d97bdc89019bd2e4ea098cf9cde50ee7564dde6b81ccc8f06c7\"\ndependencies = [\n \"crossbeam-utils\",\n \"libc\",\n \"once_cell\",\n \"raw-cpuid\",\n \"wasi\",\n \"web-sys\",\n \"winapi\",\n]\n\n[[package]]\nname = \"quote\"\nversion = \"1.0.47\"\nsource = \"registry+https://github.com/rust-lang/crates.io-index\"\nchecksum = \"1fbf4db142a473a8d80c26bbf18454ed458bf8d26c8219c331daecfdbd079001\"\ndependencies = [\n \"proc-macro2\",\n]\n\n[[package]]\nname = \"r-efi\"\nversion = \"5.3.0\"\nsource = \"registry+https://github.com/rust-lang/crates.io-index\"\nchecksum = \"69cdb34c158ceb288df11e18b4bd39de994f6657d83847bdffdbd7f346754b0f\"\n\n[[package]]\nname = \"r-efi\"\nversion = \"6.0.0\"\nsource = \"registry+https://github.com/rust-lang/crates.io-index\"\nchecksum = \"f8dcc9c7d52a811697d2151c701e0d08956f92b0e24136cf4cf27b57a6a0d9bf\"\n\n[[package]]\nname = \"rand\"\nversion = \"0.9.5\"\nsource = \"registry+https://github.com/rust-lang/crates.io-index\"\nchecksum = \"b9ef1d0d795eb7d84685bca4f72f3649f064e6641543d3a8c415898726a57b41\"\ndependencies = [\n \"rand_chacha\",\n \"rand_core 0.9.5\",\n]\n\n[[package]]\nname = \"rand\"\nversion = \"0.10.2\"\nsource = \"registry+https://github.com/rust-lang/crates.io-index\"\nchecksum = \"c7f5fa3a058cd35567ef9bfa5e75732bee0f9e4c55fa90477bef2dfcdbc4be80\"\ndependencies = [\n \"chacha20\",\n \"getrandom 0.4.3\",\n \"rand_core 0.10.1\",\n]\n\n[[package]]\nname = \"rand_chacha\"\nversion = \"0.9.0\"\nsource = \"registry+https://github.com/rust-lang/crates.io-index\"\nchecksum = \"d3022b5f1df60f26e1ffddd6c66e8aa15de382ae63b3a0c1bfc0e4d3e3f325cb\"\ndependencies = [\n \"ppv-lite86\",\n \"rand_core 0.9.5\",\n]\n\n[[package]]\nname = \"rand_core\"\nversion = \"0.9.5\"\nsource = \"registry+https://github.com/rust-lang/crates.io-index\"\nchecksum = \"76afc826de14238e6e8c374ddcc1fa19e374fd8dd986b0d2af0d02377261d83c\"\ndependencies = [\n \"getrandom 0.3.4\",\n]\n\n[[package]]\nname = \"rand_core\"\nversion = \"0.10.1\"\nsource = \"registry+https://github.com/rust-lang/crates.io-index\"\nchecksum = \"63b8176103e19a2643978565ca18b50549f6101881c443590420e4dc998a3c69\"\n\n[[package]]\nname = \"rand_xoshiro\"\nversion = \"0.7.0\"\nsource = \"registry+https://github.com/rust-lang/crates.io-index\"\nchecksum = \"f703f4665700daf5512dcca5f43afa6af89f09db47fb56be587f80636bda2d41\"\ndependencies = [\n \"rand_core 0.9.5\",\n]\n\n[[package]]\nname = \"rapidhash\"\nversion = \"4.5.1\"\nsource = \"registry+https://github.com/rust-lang/crates.io-index\"\nchecksum = \"5da7e78a036ce858e8d55b7e7dc8ba3a88b78350fd2155d3591bbd966b58589e\"\ndependencies = [\n \"rustversion\",\n]\n\n[[package]]\nname = \"raw-cpuid\"\nversion = \"11.6.0\"\nsource = \"registry+https://github.com/rust-lang/crates.io-index\"\nchecksum = \"498cd0dc59d73224351ee52a95fee0f1a617a2eae0e7d9d720cc622c73a54186\"\ndependencies = [\n \"bitflags\",\n]\n\n[[package]]\nname = \"redox_syscall\"\nversion = \"0.5.18\"\nsource = \"registry+https://github.com/rust-lang/crates.io-index\"\nchecksum = \"ed2bf2547551a7053d6fdfafda3f938979645c44812fbfcda098faae3f1a362d\"\ndependencies = [\n \"bitflags\",\n]\n\n[[package]]\nname = \"ref-cast\"\nversion = \"1.0.26\"\nsource = \"registry+https://github.com/rust-lang/crates.io-index\"\nchecksum = \"216e8f773d7923bcba9ceb86a86c93cabb3903a11872fc3f138c49630e50b96d\"\ndependencies = [\n \"ref-cast-impl\",\n]\n\n[[package]]\nname = \"ref-cast-impl\"\nversion = \"1.0.26\"\nsource = \"registry+https://github.com/rust-lang/crates.io-index\"\nchecksum = \"2c9283685feec7d69af75fb0e858d5e7378f33fe4fc699383b2916ab9273e03c\"\ndependencies = [\n \"proc-macro2\",\n \"quote\",\n \"syn 3.0.3\",\n]\n\n[[package]]\nname = \"regex-automata\"\nversion = \"0.4.16\"\nsource = \"registry+https://github.com/rust-lang/crates.io-index\"\nchecksum = \"8fcfdb36bda0c880c5931cdc7a2bcdc8ba4556847b9d912bca70bc94708711ad\"\ndependencies = [\n \"aho-corasick\",\n \"memchr\",\n \"regex-syntax\",\n]\n\n[[package]]\nname = \"regex-syntax\"\nversion = \"0.8.11\"\nsource = \"registry+https://github.com/rust-lang/crates.io-index\"\nchecksum = \"d6f6ff9a378485b298a5286656da665ba74413d36db0979633275d2e708145d4\"\n\n[[package]]\nname = \"reqwest\"\nversion = \"0.13.4\"\nsource = \"registry+https://github.com/rust-lang/crates.io-index\"\nchecksum = \"219c5811de6525e5416c7d5d53bb656d3afdbc6c5af816e0802bcfa42dbdc1c3\"\ndependencies = [\n \"base64 0.22.1\",\n \"bytes\",\n \"futures-core\",\n \"futures-util\",\n \"http\",\n \"http-body\",\n \"http-body-util\",\n \"hyper\",\n \"hyper-rustls\",\n \"hyper-util\",\n \"js-sys\",\n \"log\",\n \"percent-encoding\",\n \"pin-project-lite\",\n \"rustls\",\n \"rustls-pki-types\",\n \"rustls-platform-verifier\",\n \"serde\",\n \"serde_json\",\n \"serde_urlencoded\",\n \"sync_wrapper\",\n \"tokio\",\n \"tokio-rustls\",\n \"tokio-util\",\n \"tower\",\n \"tower-http\",\n \"tower-service\",\n \"url\",\n \"wasm-bindgen\",\n \"wasm-bindgen-futures\",\n \"wasm-streams\",\n \"web-sys\",\n]\n\n[[package]]\nname = \"ring\"\nversion = \"0.17.14\"\nsource = \"registry+https://github.com/rust-lang/crates.io-index\"\nchecksum = \"a4689e6c2294d81e88dc6261c768b63bc4fcdb852be6d1352498b114f61383b7\"\ndependencies = [\n \"cc\",\n \"cfg-if\",\n \"getrandom 0.2.17\",\n \"libc\",\n \"untrusted\",\n \"windows-sys 0.52.0\",\n]\n\n[[package]]\nname = \"rmcp\"\nversion = \"3.1.1\"\nsource = \"registry+https://github.com/rust-lang/crates.io-index\"\nchecksum = \"094c075f6698deef5a657cf4df6b684dff65157d255978b92b552ec22503f17a\"\ndependencies = [\n \"async-trait\",\n \"base64 0.23.1\",\n \"bytes\",\n \"chrono\",\n \"futures\",\n \"http\",\n \"http-body\",\n \"http-body-util\",\n \"pastey\",\n \"pin-project-lite\",\n \"rand 0.10.2\",\n \"rmcp-macros\",\n \"schemars\",\n \"serde\",\n \"serde_json\",\n \"sse-stream\",\n \"thiserror\",\n \"tokio\",\n \"tokio-stream\",\n \"tokio-util\",\n \"tower-service\",\n \"tracing\",\n \"uuid\",\n]\n\n[[package]]\nname = \"rmcp-macros\"\nversion = \"3.1.1\"\nsource = \"registry+https://github.com/rust-lang/crates.io-index\"\nchecksum = \"737d947bcfd946fae6a179a4ef6487be6dcf25c930c2393856b820f1386e52a6\"\ndependencies = [\n \"darling\",\n \"proc-macro2\",\n \"quote\",\n \"serde_json\",\n \"syn 3.0.3\",\n]\n\n[[package]]\nname = \"rustc_version\"\nversion = \"0.4.1\"\nsource = \"registry+https://github.com/rust-lang/crates.io-index\"\nchecksum = \"cfcb3a22ef46e85b45de6ee7e79d063319ebb6594faafcf1c225ea92ab6e9b92\"\ndependencies = [\n \"semver\",\n]\n\n[[package]]\nname = \"rustix\"\nversion = \"0.38.44\"\nsource = \"registry+https://github.com/rust-lang/crates.io-index\"\nchecksum = \"fdb5bc1ae2baa591800df16c9ca78619bf65c0488b41b96ccec5d11220d8c154\"\ndependencies = [\n \"bitflags\",\n \"errno\",\n \"libc\",\n \"linux-raw-sys 0.4.15\",\n \"windows-sys 0.59.0\",\n]\n\n[[package]]\nname = \"rustix\"\nversion = \"1.1.4\"\nsource = \"registry+https://github.com/rust-lang/crates.io-index\"\nchecksum = \"b6fe4565b9518b83ef4f91bb47ce29620ca828bd32cb7e408f0062e9930ba190\"\ndependencies = [\n \"bitflags\",\n \"errno\",\n \"libc\",\n \"linux-raw-sys 0.12.1\",\n \"windows-sys 0.61.2\",\n]\n\n[[package]]\nname = \"rustls\"\nversion = \"0.23.43\"\nsource = \"registry+https://github.com/rust-lang/crates.io-index\"\nchecksum = \"0283386ce02abc0151e1761d08802dfe86c173b0b494af5cbc086574e453da06\"\ndependencies = [\n \"log\",\n \"once_cell\",\n \"ring\",\n \"rustls-pki-types\",\n \"rustls-webpki\",\n \"subtle\",\n \"zeroize\",\n]\n\n[[package]]\nname = \"rustls-native-certs\"\nversion = \"0.8.4\"\nsource = \"registry+https://github.com/rust-lang/crates.io-index\"\nchecksum = \"dab5152771c58876a2146916e53e35057e1a4dfa2b9df0f0305b07f611fdea4d\"\ndependencies = [\n \"openssl-probe\",\n \"rustls-pki-types\",\n \"schannel\",\n \"security-framework\",\n]\n\n[[package]]\nname = \"rustls-pki-types\"\nversion = \"1.15.1\"\nsource = \"registry+https://github.com/rust-lang/crates.io-index\"\nchecksum = \"2f4925028c7eb5d1fcdaf196971378ed9d2c1c4efc7dc5d011256f76c99c0a96\"\ndependencies = [\n \"zeroize\",\n]\n\n[[package]]\nname = \"rustls-platform-verifier\"\nversion = \"0.7.0\"\nsource = \"registry+https://github.com/rust-lang/crates.io-index\"\nchecksum = \"26d1e2536ce4f35f4846aa13bff16bd0ff40157cdb14cc056c7b14ba41233ba0\"\ndependencies = [\n \"core-foundation\",\n \"core-foundation-sys\",\n \"jni\",\n \"log\",\n \"once_cell\",\n \"rustls\",\n \"rustls-native-certs\",\n \"rustls-platform-verifier-android\",\n \"rustls-webpki\",\n \"security-framework\",\n \"security-framework-sys\",\n \"webpki-root-certs\",\n \"windows-sys 0.61.2\",\n]\n\n[[package]]\nname = \"rustls-platform-verifier-android\"\nversion = \"0.1.1\"\nsource = \"registry+https://github.com/rust-lang/crates.io-index\"\nchecksum = \"f87165f0995f63a9fbeea62b64d10b4d9d8e78ec6d7d51fb2125fda7bb36788f\"\n\n[[package]]\nname = \"rustls-webpki\"\nversion = \"0.103.13\"\nsource = \"registry+https://github.com/rust-lang/crates.io-index\"\nchecksum = \"61c429a8649f110dddef65e2a5ad240f747e85f7758a6bccc7e5777bd33f756e\"\ndependencies = [\n \"ring\",\n \"rustls-pki-types\",\n \"untrusted\",\n]\n\n[[package]]\nname = \"rustsdcmcp\"\nversion = \"0.1.0\"\ndependencies = [\n \"anyhow\",\n \"axum\",\n \"axum-server\",\n \"clap\",\n \"http\",\n \"mecmcp-audit\",\n \"mecmcp-auth\",\n \"mecmcp-changeset\",\n \"mecmcp-runtime\",\n \"mecmcp-server\",\n \"mecmcp-transport\",\n \"rmcp\",\n \"rustls\",\n \"rustsdcmcp-core\",\n \"schemars\",\n \"serde\",\n \"serde_json\",\n \"syn 2.0.119\",\n \"thiserror\",\n \"tokio\",\n \"tokio-util\",\n \"toml\",\n \"tower\",\n \"tracing\",\n \"tracing-subscriber\",\n]\n\n[[package]]\nname = \"rustsdcmcp-core\"\nversion = \"0.1.0\"\ndependencies = [\n \"async-trait\",\n \"axum\",\n \"futures\",\n \"hex\",\n \"http\",\n \"mecmcp-audit\",\n \"mecmcp-changeset\",\n \"mecmcp-server\",\n \"reqwest\",\n \"rustls\",\n \"schemars\",\n \"serde\",\n \"serde_json\",\n \"sha2\",\n \"tempfile\",\n \"thiserror\",\n \"tokio\",\n \"tokio-util\",\n \"url\",\n \"zeroize\",\n]\n\n[[package]]\nname = \"rustversion\"\nversion = \"1.0.23\"\nsource = \"registry+https://github.com/rust-lang/crates.io-index\"\nchecksum = \"cf54715a573b99ac80df0bc206da022bcd442c974952c7b9720069370852e21f\"\n\n[[package]]\nname = \"ryu\"\nversion = \"1.0.23\"\nsource = \"registry+https://github.com/rust-lang/crates.io-index\"\nchecksum = \"9774ba4a74de5f7b1c1451ed6cd5285a32eddb5cccb8cc655a4e50009e06477f\"\n\n[[package]]\nname = \"same-file\"\nversion = \"1.0.6\"\nsource = \"registry+https://github.com/rust-lang/crates.io-index\"\nchecksum = \"93fc1dc3aaa9bfed95e02e6eadabb4baf7e3078b0bd1b4d7b6b0b68378900502\"\ndependencies = [\n \"winapi-util\",\n]\n\n[[package]]\nname = \"schannel\"\nversion = \"0.1.29\"\nsource = \"registry+https://github.com/rust-lang/crates.io-index\"\nchecksum = \"91c1b7e4904c873ef0710c1f407dde2e6287de2bebc1bbbf7d430bb7cbffd939\"\ndependencies = [\n \"windows-sys 0.61.2\",\n]\n\n[[package]]\nname = \"schemars\"\nversion = \"1.2.2\"\nsource = \"registry+https://github.com/rust-lang/crates.io-index\"\nchecksum = \"687274d293b6cdc6e73e0fee520bf2049650090d7164f87672d212a3c530cf4a\"\ndependencies = [\n \"chrono\",\n \"dyn-clone\",\n \"ref-cast\",\n \"schemars_derive\",\n \"serde\",\n \"serde_json\",\n]\n\n[[package]]\nname = \"schemars_derive\"\nversion = \"1.2.2\"\nsource = \"registry+https://github.com/rust-lang/crates.io-index\"\nchecksum = \"d98c67716b46af2f0b8cf752abc930f6f9aecfbf671ecfb531db8a31dbe4e2ba\"\ndependencies = [\n \"proc-macro2\",\n \"quote\",\n \"serde_derive_internals\",\n \"syn 3.0.3\",\n]\n\n[[package]]\nname = \"scopeguard\"\nversion = \"1.2.0\"\nsource = \"registry+https://github.com/rust-lang/crates.io-index\"\nchecksum = \"94143f37725109f92c262ed2cf5e59bce7498c01bcc1502d7b9afe439a4e9f49\"\n\n[[package]]\nname = \"security-framework\"\nversion = \"3.7.0\"\nsource = \"registry+https://github.com/rust-lang/crates.io-index\"\nchecksum = \"b7f4bc775c73d9a02cde8bf7b2ec4c9d12743edf609006c7facc23998404cd1d\"\ndependencies = [\n \"bitflags\",\n \"core-foundation\",\n \"core-foundation-sys\",\n \"libc\",\n \"security-framework-sys\",\n]\n\n[[package]]\nname = \"security-framework-sys\"\nversion = \"2.17.0\"\nsource = \"registry+https://github.com/rust-lang/crates.io-index\"\nchecksum = \"6ce2691df843ecc5d231c0b14ece2acc3efb62c0a398c7e1d875f3983ce020e3\"\ndependencies = [\n \"core-foundation-sys\",\n \"libc\",\n]\n\n[[package]]\nname = \"semver\"\nversion = \"1.0.28\"\nsource = \"registry+https://github.com/rust-lang/crates.io-index\"\nchecksum = \"8a7852d02fc848982e0c167ef163aaff9cd91dc640ba85e263cb1ce46fae51cd\"\n\n[[package]]\nname = \"serde\"\nversion = \"1.0.229\"\nsource = \"registry+https://github.com/rust-lang/crates.io-index\"\nchecksum = \"4148590afebada386688f18773da617792bf2ef03ffc1e4cbd2b1d45b023e0ba\"\ndependencies = [\n \"serde_core\",\n \"serde_derive\",\n]\n\n[[package]]\nname = \"serde_core\"\nversion = \"1.0.229\"\nsource = \"registry+https://github.com/rust-lang/crates.io-index\"\nchecksum = \"67dca2c9c51e58a4791a4b1ed58308b39c64224d349a935ab5039aa360942a48\"\ndependencies = [\n \"serde_derive\",\n]\n\n[[package]]\nname = \"serde_derive\"\nversion = \"1.0.229\"\nsource = \"registry+https://github.com/rust-lang/crates.io-index\"\nchecksum = \"e7a5d71263a5a7d47b41f6b3f06ba276f10cc18b0931f1799f710578e2309348\"\ndependencies = [\n \"proc-macro2\",\n \"quote\",\n \"syn 3.0.3\",\n]\n\n[[package]]\nname = \"serde_derive_internals\"\nversion = \"0.30.0\"\nsource = \"registry+https://github.com/rust-lang/crates.io-index\"\nchecksum = \"f852137cce035d6a4df67ccce505ff6b3e9fd3a10e3e52b24dc71e650bb1a9bd\"\ndependencies = [\n \"proc-macro2\",\n \"quote\",\n \"syn 3.0.3\",\n]\n\n[[package]]\nname = \"serde_json\"\nversion = \"1.0.151\"\nsource = \"registry+https://github.com/rust-lang/crates.io-index\"\nchecksum = \"c841b55ecdae098c80dcae9cf767f6f8a0c2cdb3416bbef72181df4d0fe73f14\"\ndependencies = [\n \"indexmap\",\n \"itoa\",\n \"memchr\",\n \"serde\",\n \"serde_core\",\n \"zmij\",\n]\n\n[[package]]\nname = \"serde_path_to_error\"\nversion = \"0.1.20\"\nsource = \"registry+https://github.com/rust-lang/crates.io-index\"\nchecksum = \"10a9ff822e371bb5403e391ecd83e182e0e77ba7f6fe0160b795797109d1b457\"\ndependencies = [\n \"itoa\",\n \"serde\",\n \"serde_core\",\n]\n\n[[package]]\nname = \"serde_spanned\"\nversion = \"1.1.1\"\nsource = \"registry+https://github.com/rust-lang/crates.io-index\"\nchecksum = \"6662b5879511e06e8999a8a235d848113e942c9124f211511b16466ee2995f26\"\ndependencies = [\n \"serde_core\",\n]\n\n[[package]]\nname = \"serde_urlencoded\"\nversion = \"0.7.1\"\nsource = \"registry+https://github.com/rust-lang/crates.io-index\"\nchecksum = \"d3491c14715ca2294c4d6a88f15e84739788c1d030eed8c110436aafdaa2f3fd\"\ndependencies = [\n \"form_urlencoded\",\n \"itoa\",\n \"ryu\",\n \"serde\",\n]\n\n[[package]]\nname = \"sha2\"\nversion = \"0.11.0\"\nsource = \"registry+https://github.com/rust-lang/crates.io-index\"\nchecksum = \"446ba717509524cb3f22f17ecc096f10f4822d76ab5c0b9822c5f9c284e825f4\"\ndependencies = [\n \"cfg-if\",\n \"cpufeatures\",\n \"digest\",\n]\n\n[[package]]\nname = \"sharded-slab\"\nversion = \"0.1.7\"\nsource = \"registry+https://github.com/rust-lang/crates.io-index\"\nchecksum = \"f40ca3c46823713e0d4209592e8d6e826aa57e928f09752619fc696c499637f6\"\ndependencies = [\n \"lazy_static\",\n]\n\n[[package]]\nname = \"shlex\"\nversion = \"2.0.1\"\nsource = \"registry+https://github.com/rust-lang/crates.io-index\"\nchecksum = \"f8fadd59c855ef2080decdef8ff161eb6661b86933c9d82e5ba29dc602a55aba\"\n\n[[package]]\nname = \"signal-hook-registry\"\nversion = \"1.4.8\"\nsource = \"registry+https://github.com/rust-lang/crates.io-index\"\nchecksum = \"c4db69cba1110affc0e9f7bcd48bbf87b3f4fc7c61fc9155afd4c469eb3d6c1b\"\ndependencies = [\n \"errno\",\n \"libc\",\n]\n\n[[package]]\nname = \"simd_cesu8\"\nversion = \"1.2.0\"\nsource = \"registry+https://github.com/rust-lang/crates.io-index\"\nchecksum = \"11031e251abf8611c80f460e19dbdeb54a66db918e49c65a7065b46ac7aec520\"\ndependencies = [\n \"rustc_version\",\n \"simdutf8\",\n]\n\n[[package]]\nname = \"simdutf8\"\nversion = \"0.1.5\"\nsource = \"registry+https://github.com/rust-lang/crates.io-index\"\nchecksum = \"e3a9fe34e3e7a50316060351f37187a3f546bce95496156754b601a5fa71b76e\"\n\n[[package]]\nname = \"sketches-ddsketch\"\nversion = \"0.3.1\"\nsource = \"registry+https://github.com/rust-lang/crates.io-index\"\nchecksum = \"0c6f73aeb92d671e0cc4dca167e59b2deb6387c375391bc99ee743f326994a2b\"\n\n[[package]]\nname = \"slab\"\nversion = \"0.4.12\"\nsource = \"registry+https://github.com/rust-lang/crates.io-index\"\nchecksum = \"0c790de23124f9ab44544d7ac05d60440adc586479ce501c1d6d7da3cd8c9cf5\"\n\n[[package]]\nname = \"smallvec\"\nversion = \"1.15.2\"\nsource = \"registry+https://github.com/rust-lang/crates.io-index\"\nchecksum = \"8ed6a63f02c8539c91a8685a86f4099661ba3da017932f6ebbea6de3f0fa7c90\"\n\n[[package]]\nname = \"socket2\"\nversion = \"0.6.5\"\nsource = \"registry+https://github.com/rust-lang/crates.io-index\"\nchecksum = \"c3d1e2c7f27f8d4cb10542a02c49005dbd6e93095799d6f3be745fae9f8fedd4\"\ndependencies = [\n \"libc\",\n \"windows-sys 0.61.2\",\n]\n\n[[package]]\nname = \"sse-stream\"\nversion = \"0.2.5\"\nsource = \"registry+https://github.com/rust-lang/crates.io-index\"\nchecksum = \"c123f296ade4ec4b8b0f6162116e6629f5146922ca5ab40ca9d3c2e73ab4761e\"\ndependencies = [\n \"bytes\",\n \"futures-util\",\n \"http-body\",\n \"http-body-util\",\n \"pin-project-lite\",\n]\n\n[[package]]\nname = \"stable_deref_trait\"\nversion = \"1.2.1\"\nsource = \"registry+https://github.com/rust-lang/crates.io-index\"\nchecksum = \"6ce2be8dc25455e1f91df71bfa12ad37d7af1092ae736f3a6cd0e37bc7810596\"\n\n[[package]]\nname = \"strsim\"\nversion = \"0.11.1\"\nsource = \"registry+https://github.com/rust-lang/crates.io-index\"\nchecksum = \"7da8b5736845d9f2fcb837ea5d9e2628564b3b043a70948a3f0b778838c5fb4f\"\n\n[[package]]\nname = \"subtle\"\nversion = \"2.6.1\"\nsource = \"registry+https://github.com/rust-lang/crates.io-index\"\nchecksum = \"13c2bddecc57b384dee18652358fb23172facb8a2c51ccc10d74c157bdea3292\"\n\n[[package]]\nname = \"syn\"\nversion = \"2.0.119\"\nsource = \"registry+https://github.com/rust-lang/crates.io-index\"\nchecksum = \"872831b642d1a07999a962a351ed35b955ea2cfc8f3862091e2a240a84f17297\"\ndependencies = [\n \"proc-macro2\",\n \"quote\",\n \"unicode-ident\",\n]\n\n[[package]]\nname = \"syn\"\nversion = \"3.0.3\"\nsource = \"registry+https://github.com/rust-lang/crates.io-index\"\nchecksum = \"53e9bae58849f64dfa4f5d5ae372c8341f7305f82a3868709269343628b659a3\"\ndependencies = [\n \"proc-macro2\",\n \"quote\",\n \"unicode-ident\",\n]\n\n[[package]]\nname = \"sync_wrapper\"\nversion = \"1.0.2\"\nsource = \"registry+https://github.com/rust-lang/crates.io-index\"\nchecksum = \"0bf256ce5efdfa370213c1dabab5935a12e49f2c58d15e9eac2870d3b4f27263\"\ndependencies = [\n \"futures-core\",\n]\n\n[[package]]\nname = \"synstructure\"\nversion = \"0.13.2\"\nsource = \"registry+https://github.com/rust-lang/crates.io-index\"\nchecksum = \"728a70f3dbaf5bab7f0c4b1ac8d7ae5ea60a4b5549c8a5914361c99147a709d2\"\ndependencies = [\n \"proc-macro2\",\n \"quote\",\n \"syn 2.0.119\",\n]\n\n[[package]]\nname = \"tempfile\"\nversion = \"3.27.0\"\nsource = \"registry+https://github.com/rust-lang/crates.io-index\"\nchecksum = \"32497e9a4c7b38532efcdebeef879707aa9f794296a4f0244f6f69e9bc8574bd\"\ndependencies = [\n \"fastrand\",\n \"getrandom 0.4.3\",\n \"once_cell\",\n \"rustix 1.1.4\",\n \"windows-sys 0.61.2\",\n]\n\n[[package]]\nname = \"thiserror\"\nversion = \"2.0.19\"\nsource = \"registry+https://github.com/rust-lang/crates.io-index\"\nchecksum = \"09a43598840e33d5b0331f38c5e30d13bb11c11210a4b58f0d9b18a5a5eefcd9\"\ndependencies = [\n \"thiserror-impl\",\n]\n\n[[package]]\nname = \"thiserror-impl\"\nversion = \"2.0.19\"\nsource = \"registry+https://github.com/rust-lang/crates.io-index\"\nchecksum = \"43cbfe0cf76104d42a574802844187e84a305e531ed54455f11fbde0f10541cd\"\ndependencies = [\n \"proc-macro2\",\n \"quote\",\n \"syn 3.0.3\",\n]\n\n[[package]]\nname = \"thread_local\"\nversion = \"1.1.10\"\nsource = \"registry+https://github.com/rust-lang/crates.io-index\"\nchecksum = \"1ad99c4c6d32803332c548b1af0540b357b3f5fc0be8f6c6bfe8b2e6ae784070\"\ndependencies = [\n \"cfg-if\",\n]\n\n[[package]]\nname = \"time\"\nversion = \"0.3.55\"\nsource = \"registry+https://github.com/rust-lang/crates.io-index\"\nchecksum = \"cdb87b95ec50ddfa440816d227a17b2ccbdda963a316a727fda0fc4334f7d134\"\ndependencies = [\n \"deranged\",\n \"num-conv\",\n \"powerfmt\",\n \"serde_core\",\n \"time-core\",\n \"time-macros\",\n]\n\n[[package]]\nname = \"time-core\"\nversion = \"0.1.9\"\nsource = \"registry+https://github.com/rust-lang/crates.io-index\"\nchecksum = \"9e1c906769ad99c88eaa54e728060edef082f8e358ff32030cb7c7d315e81109\"\n\n[[package]]\nname = \"time-macros\"\nversion = \"0.2.32\"\nsource = \"registry+https://github.com/rust-lang/crates.io-index\"\nchecksum = \"7e689342a48d2ea927c87ea50cabf8594854bf940e9310208848d680d668ed85\"\ndependencies = [\n \"num-conv\",\n \"time-core\",\n]\n\n[[package]]\nname = \"tinystr\"\nversion = \"0.8.3\"\nsource = \"registry+https://github.com/rust-lang/crates.io-index\"\nchecksum = \"c8323304221c2a851516f22236c5722a72eaa19749016521d6dff0824447d96d\"\ndependencies = [\n \"displaydoc\",\n \"zerovec\",\n]\n\n[[package]]\nname = \"tokio\"\nversion = \"1.53.1\"\nsource = \"registry+https://github.com/rust-lang/crates.io-index\"\nchecksum = \"202caea871b69668250d242070849eb495be178ed697a3e98aebce5bc81a0bed\"\ndependencies = [\n \"bytes\",\n \"libc\",\n \"mio\",\n \"parking_lot\",\n \"pin-project-lite\",\n \"signal-hook-registry\",\n \"socket2\",\n \"tokio-macros\",\n \"windows-sys 0.61.2\",\n]\n\n[[package]]\nname = \"tokio-macros\"\nversion = \"2.7.2\"\nsource = \"registry+https://github.com/rust-lang/crates.io-index\"\nchecksum = \"78773a2a397f451582ce068015985c33193cf6dea8b74d2a639fe457b2f07b0e\"\ndependencies = [\n \"proc-macro2\",\n \"quote\",\n \"syn 3.0.3\",\n]\n\n[[package]]\nname = \"tokio-rustls\"\nversion = \"0.26.4\"\nsource = \"registry+https://github.com/rust-lang/crates.io-index\"\nchecksum = \"1729aa945f29d91ba541258c8df89027d5792d85a8841fb65e8bf0f4ede4ef61\"\ndependencies = [\n \"rustls\",\n \"tokio\",\n]\n\n[[package]]\nname = \"tokio-stream\"\nversion = \"0.1.19\"\nsource = \"registry+https://github.com/rust-lang/crates.io-index\"\nchecksum = \"a3d06f0b082ba57c26b79407372e57cf2a1e28124f78e9479fe80322cf53420b\"\ndependencies = [\n \"futures-core\",\n \"pin-project-lite\",\n \"tokio\",\n]\n\n[[package]]\nname = \"tokio-util\"\nversion = \"0.7.19\"\nsource = \"registry+https://github.com/rust-lang/crates.io-index\"\nchecksum = \"494815d09bf52b5548659851081238f0ca39ff638363907596da739561c62c52\"\ndependencies = [\n \"bytes\",\n \"futures-core\",\n \"futures-sink\",\n \"futures-util\",\n \"libc\",\n \"pin-project-lite\",\n \"tokio\",\n]\n\n[[package]]\nname = \"toml\"\nversion = \"1.1.4+spec-1.1.0\"\nsource = \"registry+https://github.com/rust-lang/crates.io-index\"\nchecksum = \"3aace63f4bbcdfc2c965b059de67119c89c4017a70d633be6c104910f67056f5\"\ndependencies = [\n \"serde_core\",\n \"serde_spanned\",\n \"toml_datetime\",\n \"toml_parser\",\n \"winnow\",\n]\n\n[[package]]\nname = \"toml_datetime\"\nversion = \"1.1.1+spec-1.1.0\"\nsource = \"registry+https://github.com/rust-lang/crates.io-index\"\nchecksum = \"3165f65f62e28e0115a00b2ebdd37eb6f3b641855f9d636d3cd4103767159ad7\"\ndependencies = [\n \"serde_core\",\n]\n\n[[package]]\nname = \"toml_parser\"\nversion = \"1.1.3+spec-1.1.0\"\nsource = \"registry+https://github.com/rust-lang/crates.io-index\"\nchecksum = \"1d38ac1cf9b95face32296c0a3ede1fdc270627c9d9c02a7274dd6d960dc4d56\"\ndependencies = [\n \"winnow\",\n]\n\n[[package]]\nname = \"tower\"\nversion = \"0.5.3\"\nsource = \"registry+https://github.com/rust-lang/crates.io-index\"\nchecksum = \"ebe5ef63511595f1344e2d5cfa636d973292adc0eec1f0ad45fae9f0851ab1d4\"\ndependencies = [\n \"futures-core\",\n \"futures-util\",\n \"pin-project-lite\",\n \"sync_wrapper\",\n \"tokio\",\n \"tower-layer\",\n \"tower-service\",\n \"tracing\",\n]\n\n[[package]]\nname = \"tower-http\"\nversion = \"0.6.11\"\nsource = \"registry+https://github.com/rust-lang/crates.io-index\"\nchecksum = \"4cfcf7e2740e6fc6d4d688b4ef00650406bb94adf4731e43c096c3a19fe40840\"\ndependencies = [\n \"bitflags\",\n \"bytes\",\n \"futures-util\",\n \"http\",\n \"http-body\",\n \"http-body-util\",\n \"pin-project-lite\",\n \"tower\",\n \"tower-layer\",\n \"tower-service\",\n \"url\",\n]\n\n[[package]]\nname = \"tower-layer\"\nversion = \"0.3.3\"\nsource = \"registry+https://github.com/rust-lang/crates.io-index\"\nchecksum = \"121c2a6cda46980bb0fcd1647ffaf6cd3fc79a013de288782836f6df9c48780e\"\n\n[[package]]\nname = \"tower-service\"\nversion = \"0.3.3\"\nsource = \"registry+https://github.com/rust-lang/crates.io-index\"\nchecksum = \"8df9b6e13f2d32c91b9bd719c00d1958837bc7dec474d94952798cc8e69eeec3\"\n\n[[package]]\nname = \"tracing\"\nversion = \"0.1.44\"\nsource = \"registry+https://github.com/rust-lang/crates.io-index\"\nchecksum = \"63e71662fa4b2a2c3a26f570f037eb95bb1f85397f3cd8076caed2f026a6d100\"\ndependencies = [\n \"log\",\n \"pin-project-lite\",\n \"tracing-attributes\",\n \"tracing-core\",\n]\n\n[[package]]\nname = \"tracing-attributes\"\nversion = \"0.1.31\"\nsource = \"registry+https://github.com/rust-lang/crates.io-index\"\nchecksum = \"7490cfa5ec963746568740651ac6781f701c9c5ea257c58e057f3ba8cf69e8da\"\ndependencies = [\n \"proc-macro2\",\n \"quote\",\n \"syn 2.0.119\",\n]\n\n[[package]]\nname = \"tracing-core\"\nversion = \"0.1.36\"\nsource = \"registry+https://github.com/rust-lang/crates.io-index\"\nchecksum = \"db97caf9d906fbde555dd62fa95ddba9eecfd14cb388e4f491a66d74cd5fb79a\"\ndependencies = [\n \"once_cell\",\n \"valuable\",\n]\n\n[[package]]\nname = \"tracing-journald\"\nversion = \"0.3.2\"\nsource = \"registry+https://github.com/rust-lang/crates.io-index\"\nchecksum = \"2d3a81ed245bfb62592b1e2bc153e77656d94ee6a0497683a65a12ccaf2438d0\"\ndependencies = [\n \"libc\",\n \"tracing-core\",\n \"tracing-subscriber\",\n]\n\n[[package]]\nname = \"tracing-log\"\nversion = \"0.2.0\"\nsource = \"registry+https://github.com/rust-lang/crates.io-index\"\nchecksum = \"ee855f1f400bd0e5c02d150ae5de3840039a3f54b025156404e34c23c03f47c3\"\ndependencies = [\n \"log\",\n \"once_cell\",\n \"tracing-core\",\n]\n\n[[package]]\nname = \"tracing-serde\"\nversion = \"0.2.0\"\nsource = \"registry+https://github.com/rust-lang/crates.io-index\"\nchecksum = \"704b1aeb7be0d0a84fc9828cae51dab5970fee5088f83d1dd7ee6f6246fc6ff1\"\ndependencies = [\n \"serde\",\n \"tracing-core\",\n]\n\n[[package]]\nname = \"tracing-subscriber\"\nversion = \"0.3.23\"\nsource = \"registry+https://github.com/rust-lang/crates.io-index\"\nchecksum = \"cb7f578e5945fb242538965c2d0b04418d38ec25c79d160cd279bf0731c8d319\"\ndependencies = [\n \"matchers\",\n \"nu-ansi-term\",\n \"once_cell\",\n \"regex-automata\",\n \"serde\",\n \"serde_json\",\n \"sharded-slab\",\n \"smallvec\",\n \"thread_local\",\n \"tracing\",\n \"tracing-core\",\n \"tracing-log\",\n \"tracing-serde\",\n]\n\n[[package]]\nname = \"try-lock\"\nversion = \"0.2.5\"\nsource = \"registry+https://github.com/rust-lang/crates.io-index\"\nchecksum = \"e421abadd41a4225275504ea4d6566923418b7f05506fbc9c0fe86ba7396114b\"\n\n[[package]]\nname = \"typenum\"\nversion = \"1.20.1\"\nsource = \"registry+https://github.com/rust-lang/crates.io-index\"\nchecksum = \"b6f5e870be6c3b371b77fe0ee0bafb859fa4964b4404c27de1d380043c4dda20\"\n\n[[package]]\nname = \"unicode-ident\"\nversion = \"1.0.24\"\nsource = \"registry+https://github.com/rust-lang/crates.io-index\"\nchecksum = \"e6e4313cd5fcd3dad5cafa179702e2b244f760991f45397d14d4ebf38247da75\"\n\n[[package]]\nname = \"untrusted\"\nversion = \"0.9.0\"\nsource = \"registry+https://github.com/rust-lang/crates.io-index\"\nchecksum = \"8ecb6da28b8a351d773b68d5825ac39017e680750f980f3a1a85cd8dd28a47c1\"\n\n[[package]]\nname = \"ureq\"\nversion = \"3.3.0\"\nsource = \"registry+https://github.com/rust-lang/crates.io-index\"\nchecksum = \"dea7109cdcd5864d4eeb1b58a1648dc9bf520360d7af16ec26d0a9354bafcfc0\"\ndependencies = [\n \"base64 0.22.1\",\n \"cookie_store\",\n \"log\",\n \"percent-encoding\",\n \"serde\",\n \"serde_json\",\n \"ureq-proto\",\n \"utf8-zero\",\n]\n\n[[package]]\nname = \"ureq-proto\"\nversion = \"0.6.0\"\nsource = \"registry+https://github.com/rust-lang/crates.io-index\"\nchecksum = \"e994ba84b0bd1b1b0cf92878b7ef898a5c1760108fe7b6010327e274917a808c\"\ndependencies = [\n \"base64 0.22.1\",\n \"http\",\n \"httparse\",\n \"log\",\n]\n\n[[package]]\nname = \"url\"\nversion = \"2.5.8\"\nsource = \"registry+https://github.com/rust-lang/crates.io-index\"\nchecksum = \"ff67a8a4397373c3ef660812acab3268222035010ab8680ec4215f38ba3d0eed\"\ndependencies = [\n \"form_urlencoded\",\n \"idna\",\n \"percent-encoding\",\n \"serde\",\n]\n\n[[package]]\nname = \"utf8-zero\"\nversion = \"0.8.1\"\nsource = \"registry+https://github.com/rust-lang/crates.io-index\"\nchecksum = \"b8c0a043c9540bae7c578c88f91dda8bd82e59ae27c21baca69c8b191aaf5a6e\"\n\n[[package]]\nname = \"utf8_iter\"\nversion = \"1.0.4\"\nsource = \"registry+https://github.com/rust-lang/crates.io-index\"\nchecksum = \"b6c140620e7ffbb22c2dee59cafe6084a59b5ffc27a8859a5f0d494b5d52b6be\"\n\n[[package]]\nname = \"utf8parse\"\nversion = \"0.2.2\"\nsource = \"registry+https://github.com/rust-lang/crates.io-index\"\nchecksum = \"06abde3611657adf66d383f00b093d7faecc7fa57071cce2578660c9f1010821\"\n\n[[package]]\nname = \"uuid\"\nversion = \"1.24.0\"\nsource = \"registry+https://github.com/rust-lang/crates.io-index\"\nchecksum = \"bf3923a6f5c4c6382e0b653c4117f48d631ea17f38ed86e2a828e6f7412f5239\"\ndependencies = [\n \"getrandom 0.4.3\",\n \"js-sys\",\n \"wasm-bindgen\",\n]\n\n[[package]]\nname = \"valuable\"\nversion = \"0.1.1\"\nsource = \"registry+https://github.com/rust-lang/crates.io-index\"\nchecksum = \"ba73ea9cf16a25df0c8caa16c51acb937d5712a8429db78a3ee29d5dcacd3a65\"\n\n[[package]]\nname = \"version_check\"\nversion = \"0.9.5\"\nsource = \"registry+https://github.com/rust-lang/crates.io-index\"\nchecksum = \"0b928f33d975fc6ad9f86c8f283853ad26bdd5b10b7f1542aa2fa15e2289105a\"\n\n[[package]]\nname = \"walkdir\"\nversion = \"2.5.0\"\nsource = \"registry+https://github.com/rust-lang/crates.io-index\"\nchecksum = \"29790946404f91d9c5d06f9874efddea1dc06c5efe94541a7d6863108e3a5e4b\"\ndependencies = [\n \"same-file\",\n \"winapi-util\",\n]\n\n[[package]]\nname = \"want\"\nversion = \"0.3.1\"\nsource = \"registry+https://github.com/rust-lang/crates.io-index\"\nchecksum = \"bfa7760aed19e106de2c7c0b581b509f2f25d3dacaf737cb82ac61bc6d760b0e\"\ndependencies = [\n \"try-lock\",\n]\n\n[[package]]\nname = \"wasi\"\nversion = \"0.11.1+wasi-snapshot-preview1\"\nsource = \"registry+https://github.com/rust-lang/crates.io-index\"\nchecksum = \"ccf3ec651a847eb01de73ccad15eb7d99f80485de043efb2f370cd654f4ea44b\"\n\n[[package]]\nname = \"wasip2\"\nversion = \"1.0.4+wasi-0.2.12\"\nsource = \"registry+https://github.com/rust-lang/crates.io-index\"\nchecksum = \"b67efb37e106e55ce722a510d6b5f9c17f083e5fc79afc2badeb12cc313d9487\"\ndependencies = [\n \"wit-bindgen\",\n]\n\n[[package]]\nname = \"wasm-bindgen\"\nversion = \"0.2.126\"\nsource = \"registry+https://github.com/rust-lang/crates.io-index\"\nchecksum = \"4b067c0c11094aef6b7a801c1e34a26affafdf3d051dba08456b868789aaf9a4\"\ndependencies = [\n \"cfg-if\",\n \"once_cell\",\n \"rustversion\",\n \"wasm-bindgen-macro\",\n \"wasm-bindgen-shared\",\n]\n\n[[package]]\nname = \"wasm-bindgen-futures\"\nversion = \"0.4.76\"\nsource = \"registry+https://github.com/rust-lang/crates.io-index\"\nchecksum = \"c62df1340f32221cb9c54d6a27b030e3dba64361d4a95bed55f9aacb44da291d\"\ndependencies = [\n \"js-sys\",\n \"wasm-bindgen\",\n]\n\n[[package]]\nname = \"wasm-bindgen-macro\"\nversion = \"0.2.126\"\nsource = \"registry+https://github.com/rust-lang/crates.io-index\"\nchecksum = \"167ce5e579f6bcf889c4f7175a8a5a585de84e8ff93976ce393efa5f2837aab1\"\ndependencies = [\n \"quote\",\n \"wasm-bindgen-macro-support\",\n]\n\n[[package]]\nname = \"wasm-bindgen-macro-support\"\nversion = \"0.2.126\"\nsource = \"registry+https://github.com/rust-lang/crates.io-index\"\nchecksum = \"f3997c7839262f4ef12cf90b818d6340c18e80f263f1a94bf157d0ec4420380e\"\ndependencies = [\n \"bumpalo\",\n \"proc-macro2\",\n \"quote\",\n \"syn 2.0.119\",\n \"wasm-bindgen-shared\",\n]\n\n[[package]]\nname = \"wasm-bindgen-shared\"\nversion = \"0.2.126\"\nsource = \"registry+https://github.com/rust-lang/crates.io-index\"\nchecksum = \"dc1b4cb0cc549fcf58d7dfc081778139b3d283a081644e833e84682ad71cea24\"\ndependencies = [\n \"unicode-ident\",\n]\n\n[[package]]\nname = \"wasm-streams\"\nversion = \"0.5.0\"\nsource = \"registry+https://github.com/rust-lang/crates.io-index\"\nchecksum = \"9d1ec4f6517c9e11ae630e200b2b65d193279042e28edd4a2cda233e46670bbb\"\ndependencies = [\n \"futures-util\",\n \"js-sys\",\n \"wasm-bindgen\",\n \"wasm-bindgen-futures\",\n \"web-sys\",\n]\n\n[[package]]\nname = \"web-sys\"\nversion = \"0.3.103\"\nsource = \"registry+https://github.com/rust-lang/crates.io-index\"\nchecksum = \"8622dcb61c0bcc9fffa6938bed81210af2da9a7e4a1a834b2e37a59b6dfb6141\"\ndependencies = [\n \"js-sys\",\n \"wasm-bindgen\",\n]\n\n[[package]]\nname = \"webpki-root-certs\"\nversion = \"1.0.9\"\nsource = \"registry+https://github.com/rust-lang/crates.io-index\"\nchecksum = \"b96554aa2acc8ccdb7e1c9a58a7a68dd5d13bccc69cd124cb09406db612a1c9b\"\ndependencies = [\n \"rustls-pki-types\",\n]\n\n[[package]]\nname = \"winapi\"\nversion = \"0.3.9\"\nsource = \"registry+https://github.com/rust-lang/crates.io-index\"\nchecksum = \"5c839a674fcd7a98952e593242ea400abe93992746761e38641405d28b00f419\"\ndependencies = [\n \"winapi-i686-pc-windows-gnu\",\n \"winapi-x86_64-pc-windows-gnu\",\n]\n\n[[package]]\nname = \"winapi-i686-pc-windows-gnu\"\nversion = \"0.4.0\"\nsource = \"registry+https://github.com/rust-lang/crates.io-index\"\nchecksum = \"ac3b87c63620426dd9b991e5ce0329eff545bccbbb34f3be09ff6fb6ab51b7b6\"\n\n[[package]]\nname = \"winapi-util\"\nversion = \"0.1.11\"\nsource = \"registry+https://github.com/rust-lang/crates.io-index\"\nchecksum = \"c2a7b1c03c876122aa43f3020e6c3c3ee5c05081c9a00739faf7503aeba10d22\"\ndependencies = [\n \"windows-sys 0.61.2\",\n]\n\n[[package]]\nname = \"winapi-x86_64-pc-windows-gnu\"\nversion = \"0.4.0\"\nsource = \"registry+https://github.com/rust-lang/crates.io-index\"\nchecksum = \"712e227841d057c1ee1cd2fb22fa7e5a5461ae8e48fa2ca79ec42cfc1931183f\"\n\n[[package]]\nname = \"windows-core\"\nversion = \"0.62.2\"\nsource = \"registry+https://github.com/rust-lang/crates.io-index\"\nchecksum = \"b8e83a14d34d0623b51dce9581199302a221863196a1dde71a7663a4c2be9deb\"\ndependencies = [\n \"windows-implement\",\n \"windows-interface\",\n \"windows-link\",\n \"windows-result\",\n \"windows-strings\",\n]\n\n[[package]]\nname = \"windows-implement\"\nversion = \"0.60.2\"\nsource = \"registry+https://github.com/rust-lang/crates.io-index\"\nchecksum = \"053e2e040ab57b9dc951b72c264860db7eb3b0200ba345b4e4c3b14f67855ddf\"\ndependencies = [\n \"proc-macro2\",\n \"quote\",\n \"syn 2.0.119\",\n]\n\n[[package]]\nname = \"windows-interface\"\nversion = \"0.59.3\"\nsource = \"registry+https://github.com/rust-lang/crates.io-index\"\nchecksum = \"3f316c4a2570ba26bbec722032c4099d8c8bc095efccdc15688708623367e358\"\ndependencies = [\n \"proc-macro2\",\n \"quote\",\n \"syn 2.0.119\",\n]\n\n[[package]]\nname = \"windows-link\"\nversion = \"0.2.1\"\nsource = \"registry+https://github.com/rust-lang/crates.io-index\"\nchecksum = \"f0805222e57f7521d6a62e36fa9163bc891acd422f971defe97d64e70d0a4fe5\"\n\n[[package]]\nname = \"windows-result\"\nversion = \"0.4.1\"\nsource = \"registry+https://github.com/rust-lang/crates.io-index\"\nchecksum = \"7781fa89eaf60850ac3d2da7af8e5242a5ea78d1a11c49bf2910bb5a73853eb5\"\ndependencies = [\n \"windows-link\",\n]\n\n[[package]]\nname = \"windows-strings\"\nversion = \"0.5.1\"\nsource = \"registry+https://github.com/rust-lang/crates.io-index\"\nchecksum = \"7837d08f69c77cf6b07689544538e017c1bfcf57e34b4c0ff58e6c2cd3b37091\"\ndependencies = [\n \"windows-link\",\n]\n\n[[package]]\nname = \"windows-sys\"\nversion = \"0.52.0\"\nsource = \"registry+https://github.com/rust-lang/crates.io-index\"\nchecksum = \"282be5f36a8ce781fad8c8ae18fa3f9beff57ec1b52cb3de0789201425d9a33d\"\ndependencies = [\n \"windows-targets\",\n]\n\n[[package]]\nname = \"windows-sys\"\nversion = \"0.59.0\"\nsource = \"registry+https://github.com/rust-lang/crates.io-index\"\nchecksum = \"1e38bc4d79ed67fd075bcc251a1c39b32a1776bbe92e5bef1f0bf1f8c531853b\"\ndependencies = [\n \"windows-targets\",\n]\n\n[[package]]\nname = \"windows-sys\"\nversion = \"0.61.2\"\nsource = \"registry+https://github.com/rust-lang/crates.io-index\"\nchecksum = \"ae137229bcbd6cdf0f7b80a31df61766145077ddf49416a728b02cb3921ff3fc\"\ndependencies = [\n \"windows-link\",\n]\n\n[[package]]\nname = \"windows-targets\"\nversion = \"0.52.6\"\nsource = \"registry+https://github.com/rust-lang/crates.io-index\"\nchecksum = \"9b724f72796e036ab90c1021d4780d4d3d648aca59e491e6b98e725b84e99973\"\ndependencies = [\n \"windows_aarch64_gnullvm\",\n \"windows_aarch64_msvc\",\n \"windows_i686_gnu\",\n \"windows_i686_gnullvm\",\n \"windows_i686_msvc\",\n \"windows_x86_64_gnu\",\n \"windows_x86_64_gnullvm\",\n \"windows_x86_64_msvc\",\n]\n\n[[package]]\nname = \"windows_aarch64_gnullvm\"\nversion = \"0.52.6\"\nsource = \"registry+https://github.com/rust-lang/crates.io-index\"\nchecksum = \"32a4622180e7a0ec044bb555404c800bc9fd9ec262ec147edd5989ccd0c02cd3\"\n\n[[package]]\nname = \"windows_aarch64_msvc\"\nversion = \"0.52.6\"\nsource = \"registry+https://github.com/rust-lang/crates.io-index\"\nchecksum = \"09ec2a7bb152e2252b53fa7803150007879548bc709c039df7627cabbd05d469\"\n\n[[package]]\nname = \"windows_i686_gnu\"\nversion = \"0.52.6\"\nsource = \"registry+https://github.com/rust-lang/crates.io-index\"\nchecksum = \"8e9b5ad5ab802e97eb8e295ac6720e509ee4c243f69d781394014ebfe8bbfa0b\"\n\n[[package]]\nname = \"windows_i686_gnullvm\"\nversion = \"0.52.6\"\nsource = \"registry+https://github.com/rust-lang/crates.io-index\"\nchecksum = \"0eee52d38c090b3caa76c563b86c3a4bd71ef1a819287c19d586d7334ae8ed66\"\n\n[[package]]\nname = \"windows_i686_msvc\"\nversion = \"0.52.6\"\nsource = \"registry+https://github.com/rust-lang/crates.io-index\"\nchecksum = \"240948bc05c5e7c6dabba28bf89d89ffce3e303022809e73deaefe4f6ec56c66\"\n\n[[package]]\nname = \"windows_x86_64_gnu\"\nversion = \"0.52.6\"\nsource = \"registry+https://github.com/rust-lang/crates.io-index\"\nchecksum = \"147a5c80aabfbf0c7d901cb5895d1de30ef2907eb21fbbab29ca94c5b08b1a78\"\n\n[[package]]\nname = \"windows_x86_64_gnullvm\"\nversion = \"0.52.6\"\nsource = \"registry+https://github.com/rust-lang/crates.io-index\"\nchecksum = \"24d5b23dc417412679681396f2b49f3de8c1473deb516bd34410872eff51ed0d\"\n\n[[package]]\nname = \"windows_x86_64_msvc\"\nversion = \"0.52.6\"\nsource = \"registry+https://github.com/rust-lang/crates.io-index\"\nchecksum = \"589f6da84c646204747d1270a2a5661ea66ed1cced2631d546fdfb155959f9ec\"\n\n[[package]]\nname = \"winnow\"\nversion = \"1.0.4\"\nsource = \"registry+https://github.com/rust-lang/crates.io-index\"\nchecksum = \"23b97319f7b8343df12cc98938e5c3eb436064524c8d2b4e30a1d3a36eecdf81\"\n\n[[package]]\nname = \"wit-bindgen\"\nversion = \"0.57.1\"\nsource = \"registry+https://github.com/rust-lang/crates.io-index\"\nchecksum = \"1ebf944e87a7c253233ad6766e082e3cd714b5d03812acc24c318f549614536e\"\n\n[[package]]\nname = \"writeable\"\nversion = \"0.6.3\"\nsource = \"registry+https://github.com/rust-lang/crates.io-index\"\nchecksum = \"1ffae5123b2d3fc086436f8834ae3ab053a283cfac8fe0a0b8eaae044768a4c4\"\n\n[[package]]\nname = \"yoke\"\nversion = \"0.8.3\"\nsource = \"registry+https://github.com/rust-lang/crates.io-index\"\nchecksum = \"709fe23a0424b6a435d82152b1bd3fdfb0833487d5fa90d05d42762a9891fef5\"\ndependencies = [\n \"stable_deref_trait\",\n \"yoke-derive\",\n \"zerofrom\",\n]\n\n[[package]]\nname = \"yoke-derive\"\nversion = \"0.8.2\"\nsource = \"registry+https://github.com/rust-lang/crates.io-index\"\nchecksum = \"de844c262c8848816172cef550288e7dc6c7b7814b4ee56b3e1553f275f1858e\"\ndependencies = [\n \"proc-macro2\",\n \"quote\",\n \"syn 2.0.119\",\n \"synstructure\",\n]\n\n[[package]]\nname = \"zerocopy\"\nversion = \"0.8.55\"\nsource = \"registry+https://github.com/rust-lang/crates.io-index\"\nchecksum = \"b5a105cd7b140f6eeec8acff2ea38135d3cab283ada58540f629fe51e46696eb\"\ndependencies = [\n \"zerocopy-derive\",\n]\n\n[[package]]\nname = \"zerocopy-derive\"\nversion = \"0.8.55\"\nsource = \"registry+https://github.com/rust-lang/crates.io-index\"\nchecksum = \"0fe976fb70c78cd64cccfe3a6fc142244e8a77b70959b30faf9d0ac37ee228eb\"\ndependencies = [\n \"proc-macro2\",\n \"quote\",\n \"syn 2.0.119\",\n]\n\n[[package]]\nname = \"zerofrom\"\nversion = \"0.1.8\"\nsource = \"registry+https://github.com/rust-lang/crates.io-index\"\nchecksum = \"0ec05a11813ea801ff6d75110ad09cd0824ddba17dfe17128ea0d5f68e6c5272\"\ndependencies = [\n \"zerofrom-derive\",\n]\n\n[[package]]\nname = \"zerofrom-derive\"\nversion = \"0.1.7\"\nsource = \"registry+https://github.com/rust-lang/crates.io-index\"\nchecksum = \"11532158c46691caf0f2593ea8358fed6bbf68a0315e80aae9bd41fbade684a1\"\ndependencies = [\n \"proc-macro2\",\n \"quote\",\n \"syn 2.0.119\",\n \"synstructure\",\n]\n\n[[package]]\nname = \"zeroize\"\nversion = \"1.9.0\"\nsource = \"registry+https://github.com/rust-lang/crates.io-index\"\nchecksum = \"e13c156562582aa81c60cb29407084cdb54c4164760106ab78e6c5b0858cf64e\"\ndependencies = [\n \"zeroize_derive\",\n]\n\n[[package]]\nname = \"zeroize_derive\"\nversion = \"1.5.0\"\nsource = \"registry+https://github.com/rust-lang/crates.io-index\"\nchecksum = \"3c50655cbb0fe3fc43170059e702f1ce5e19b84cec58dc87b037a09935c2f328\"\ndependencies = [\n \"proc-macro2\",\n \"quote\",\n \"syn 2.0.119\",\n]\n\n[[package]]\nname = \"zerotrie\"\nversion = \"0.2.4\"\nsource = \"registry+https://github.com/rust-lang/crates.io-index\"\nchecksum = \"0f9152d31db0792fa83f70fb2f83148effb5c1f5b8c7686c3459e361d9bc20bf\"\ndependencies = [\n \"displaydoc\",\n \"yoke\",\n \"zerofrom\",\n]\n\n[[package]]\nname = \"zerovec\"\nversion = \"0.11.6\"\nsource = \"registry+https://github.com/rust-lang/crates.io-index\"\nchecksum = \"90f911cbc359ab6af17377d242225f4d75119aec87ea711a880987b18cd7b239\"\ndependencies = [\n \"yoke\",\n \"zerofrom\",\n \"zerovec-derive\",\n]\n\n[[package]]\nname = \"zerovec-derive\"\nversion = \"0.11.3\"\nsource = \"registry+https://github.com/rust-lang/crates.io-index\"\nchecksum = \"625dc425cab0dca6dc3c3319506e6593dcb08a9f387ea3b284dbd52a92c40555\"\ndependencies = [\n \"proc-macro2\",\n \"quote\",\n \"syn 2.0.119\",\n]\n\n[[package]]\nname = \"zmij\"\nversion = \"1.0.23\"\nsource = \"registry+https://github.com/rust-lang/crates.io-index\"\nchecksum = \"29666d0abbfad1e3dc4dcf6144730dd3a3ab225bbbdac83319345b1b44ccfc1b\"\n"
 right: "# This file is automatically @generated by Cargo.\n# It is not intended for manual editing.\nversion = 4\n\n[[package]]\nname = \"aho-corasick\"\nversion = \"1.1.4\"\nsource = \"registry+https://github.com/rust-lang/crates.io-index\"\nchecksum = \"ddd31a130427c27518df266943a5308ed92d4b226cc639f5a8f1002816174301\"\ndependencies = [\n \"memchr\",\n]\n\n[[package]]\nname = \"android_system_properties\"\nversion = \"0.1.5\"\nsource = \"registry+https://github.com/rust-lang/crates.io-index\"\nchecksum = \"819e7219dbd41043ac279b19830f2efc897156490d7fd6ea916720117ee66311\"\ndependencies = [\n \"libc\",\n]\n\n[[package]]\nname = \"anstream\"\nversion = \"1.0.0\"\nsource = \"registry+https://github.com/rust-lang/crates.io-index\"\nchecksum = \"824a212faf96e9acacdbd09febd34438f8f711fb84e09a8916013cd7815ca28d\"\ndependencies = [\n \"anstyle\",\n \"anstyle-parse\",\n \"anstyle-query\",\n \"anstyle-wincon\",\n \"colorchoice\",\n \"is_terminal_polyfill\",\n \"utf8parse\",\n]\n\n[[package]]\nname = \"anstyle\"\nversion = \"1.0.14\"\nsource = \"registry+https://github.com/rust-lang/crates.io-index\"\nchecksum = \"940b3a0ca603d1eade50a4846a2afffd5ef57a9feac2c0e2ec2e14f9ead76000\"\n\n[[package]]\nname = \"anstyle-parse\"\nversion = \"1.0.0\"\nsource = \"registry+https://github.com/rust-lang/crates.io-index\"\nchecksum = \"52ce7f38b242319f7cabaa6813055467063ecdc9d355bbb4ce0c68908cd8130e\"\ndependencies = [\n \"utf8parse\",\n]\n\n[[package]]\nname = \"anstyle-query\"\nversion = \"1.1.5\"\nsource = \"registry+https://github.com/rust-lang/crates.io-index\"\nchecksum = \"40c48f72fd53cd289104fc64099abca73db4166ad86ea0b4341abe65af83dadc\"\ndependencies = [\n \"windows-sys 0.61.2\",\n]\n\n[[package]]\nname = \"anstyle-wincon\"\nversion = \"3.0.11\"\nsource = \"registry+https://github.com/rust-lang/crates.io-index\"\nchecksum = \"291e6a250ff86cd4a820112fb8898808a366d8f9f58ce16d1f538353ad55747d\"\ndependencies = [\n \"anstyle\",\n \"once_cell_polyfill\",\n \"windows-sys 0.61.2\",\n]\n\n[[package]]\nname = \"anyhow\"\nversion = \"1.0.104\"\nsource = \"registry+https://github.com/rust-lang/crates.io-index\"\nchecksum = \"330a5ed07fa54e4702c9d6c4174f74427fc0ef6e214bbd677ae50a5099946470\"\n\n[[package]]\nname = \"arc-swap\"\nversion = \"1.9.2\"\nsource = \"registry+https://github.com/rust-lang/crates.io-index\"\nchecksum = \"c049c0be4daef0b145cb3555416b3b8ef5b7888a38aea1a3a155801fe7b0810b\"\ndependencies = [\n \"rustversion\",\n]\n\n[[package]]\nname = \"async-trait\"\nversion = \"0.1.91\"\nsource = \"registry+https://github.com/rust-lang/crates.io-index\"\nchecksum = \"ae36dc4177970ef04fde5178d3e2429882def40e57a451f919c098f72baa6cec\"\ndependencies = [\n \"proc-macro2\",\n \"quote\",\n \"syn 3.0.3\",\n]\n\n[[package]]\nname = \"atomic-waker\"\nversion = \"1.1.2\"\nsource = \"registry+https://github.com/rust-lang/crates.io-index\"\nchecksum = \"1505bd5d3d116872e7271a6d4e16d81d0c8570876c8de68093a09ac269d8aac0\"\n\n[[package]]\nname = \"autocfg\"\nversion = \"1.5.1\"\nsource = \"registry+https://github.com/rust-lang/crates.io-index\"\nchecksum = \"f2032f911046de80f0a198e0901378627c33f59ea0ac00e363d481118bd70a53\"\n\n[[package]]\nname = \"axum\"\nversion = \"0.8.9\"\nsource = \"registry+https://github.com/rust-lang/crates.io-index\"\nchecksum = \"31b698c5f9a010f6573133b09e0de5408834d0c82f8d7475a89fc1867a71cd90\"\ndependencies = [\n \"axum-core\",\n \"bytes\",\n \"form_urlencoded\",\n \"futures-util\",\n \"http\",\n \"http-body\",\n \"http-body-util\",\n \"hyper\",\n \"hyper-util\",\n \"itoa\",\n \"matchit\",\n \"memchr\",\n \"mime\",\n \"percent-encoding\",\n \"pin-project-lite\",\n \"serde_core\",\n \"serde_json\",\n \"serde_path_to_error\",\n \"serde_urlencoded\",\n \"sync_wrapper\",\n \"tokio\",\n \"tower\",\n \"tower-layer\",\n \"tower-service\",\n \"tracing\",\n]\n\n[[package]]\nname = \"axum-core\"\nversion = \"0.5.6\"\nsource = \"registry+https://github.com/rust-lang/crates.io-index\"\nchecksum = \"08c78f31d7b1291f7ee735c1c6780ccde7785daae9a9206026862dab7d8792d1\"\ndependencies = [\n \"bytes\",\n \"futures-core\",\n \"http\",\n \"http-body\",\n \"http-body-util\",\n \"mime\",\n \"pin-project-lite\",\n \"sync_wrapper\",\n \"tower-layer\",\n \"tower-service\",\n \"tracing\",\n]\n\n[[package]]\nname = \"axum-server\"\nversion = \"0.8.0\"\nsource = \"registry+https://github.com/rust-lang/crates.io-index\"\nchecksum = \"b1df331683d982a0b9492b38127151e6453639cd34926eb9c07d4cd8c6d22bfc\"\ndependencies = [\n \"arc-swap\",\n \"bytes\",\n \"either\",\n \"fs-err\",\n \"http\",\n \"http-body\",\n \"hyper\",\n \"hyper-util\",\n \"pin-project-lite\",\n \"rustls\",\n \"rustls-pki-types\",\n \"tokio\",\n \"tokio-rustls\",\n \"tower-service\",\n]\n\n[[package]]\nname = \"base64\"\nversion = \"0.22.1\"\nsource = \"registry+https://github.com/rust-lang/crates.io-index\"\nchecksum = \"72b3254f16251a8381aa12e40e3c4d2f0199f8c6508fbecb9d91f575e0fbb8c6\"\n\n[[package]]\nname = \"base64\"\nversion = \"0.23.1\"\nsource = \"registry+https://github.com/rust-lang/crates.io-index\"\nchecksum = \"ac07cdecf99051d9a5238b80f35af32cdeba5b336e55d957b318b50137e18da5\"\n\n[[package]]\nname = \"bitflags\"\nversion = \"2.13.1\"\nsource = \"registry+https://github.com/rust-lang/crates.io-index\"\nchecksum = \"b588b76d00fde79687d7646a9b5bdf3cc0f655e0bbd080335a95d7e96f3587da\"\n\n[[package]]\nname = \"block-buffer\"\nversion = \"0.12.1\"\nsource = \"registry+https://github.com/rust-lang/crates.io-index\"\nchecksum = \"d2f6c7dbe95a6ed67ad9f18e57daf93a2f034c524b99fd2b76d18fdfeb6660aa\"\ndependencies = [\n \"hybrid-array\",\n]\n\n[[package]]\nname = \"bumpalo\"\nversion = \"3.20.3\"\nsource = \"registry+https://github.com/rust-lang/crates.io-index\"\nchecksum = \"72f5acc6cb2ba439de613abc23857ec3d78374d8ed5ac84e9d11336e87da8649\"\n\n[[package]]\nname = \"bytes\"\nversion = \"1.12.1\"\nsource = \"registry+https://github.com/rust-lang/crates.io-index\"\nchecksum = \"fc652a48c352aef3ea3aed32080501cf3ef6ed5da78602a020c991775b0aff04\"\n\n[[package]]\nname = \"cc\"\nversion = \"1.4.0\"\nsource = \"registry+https://github.com/rust-lang/crates.io-index\"\nchecksum = \"5add81bb678e6cb321aff7fa0dc7689ad82b112dbc032cea19f91d6b8e3582b9\"\ndependencies = [\n \"find-msvc-tools\",\n \"shlex\",\n]\n\n[[package]]\nname = \"cfg-if\"\nversion = \"1.0.4\"\nsource = \"registry+https://github.com/rust-lang/crates.io-index\"\nchecksum = \"9330f8b2ff13f34540b44e946ef35111825727b38d33286ef986142615121801\"\n\n[[package]]\nname = \"chacha20\"\nversion = \"0.10.1\"\nsource = \"registry+https://github.com/rust-lang/crates.io-index\"\nchecksum = \"d524456ba66e72eb8b115ff89e01e497f8e6d11d78b70b1aa13c0fbd97540a81\"\ndependencies = [\n \"cfg-if\",\n \"cpufeatures\",\n \"rand_core 0.10.1\",\n]\n\n[[package]]\nname = \"chrono\"\nversion = \"0.4.45\"\nsource = \"registry+https://github.com/rust-lang/crates.io-index\"\nchecksum = \"1aa79e62e7697b8e29b513a68abacf485adcd1fe8284a4316c5ae868e6633327\"\ndependencies = [\n \"iana-time-zone\",\n \"num-traits\",\n \"serde\",\n \"windows-link\",\n]\n\n[[package]]\nname = \"clap\"\nversion = \"4.6.4\"\nsource = \"registry+https://github.com/rust-lang/crates.io-index\"\nchecksum = \"d91e0c145792ef73a6ad36d27c75ac09f1832222a3c209689d90f534685ee5b7\"\ndependencies = [\n \"clap_builder\",\n \"clap_derive\",\n]\n\n[[package]]\nname = \"clap_builder\"\nversion = \"4.6.2\"\nsource = \"registry+https://github.com/rust-lang/crates.io-index\"\nchecksum = \"f09628afdcc538b57f3c6341e9c8e9970f18e4a481690a64974d7023bd33548b\"\ndependencies = [\n \"anstream\",\n \"anstyle\",\n \"clap_lex\",\n \"strsim\",\n]\n\n[[package]]\nname = \"clap_derive\"\nversion = \"4.6.4\"\nsource = \"registry+https://github.com/rust-lang/crates.io-index\"\nchecksum = \"d012d2b9d65aca7f18f4d9878a045bc17899bba951561ba5ec3c2ba1eed9a061\"\ndependencies = [\n \"heck\",\n \"proc-macro2\",\n \"quote\",\n \"syn 3.0.3\",\n]\n\n[[package]]\nname = \"clap_lex\"\nversion = \"1.1.0\"\nsource = \"registry+https://github.com/rust-lang/crates.io-index\"\nchecksum = \"c8d4a3bb8b1e0c1050499d1815f5ab16d04f0959b233085fb31653fbfc9d98f9\"\n\n[[package]]\nname = \"cmov\"\nversion = \"0.5.4\"\nsource = \"registry+https://github.com/rust-lang/crates.io-index\"\nchecksum = \"0c9ea0ac24bc397ab3c98583a3c9ba74fa56b09a4449bbe172b9b1ddb016027a\"\n\n[[package]]\nname = \"colorchoice\"\nversion = \"1.0.5\"\nsource = \"registry+https://github.com/rust-lang/crates.io-index\"\nchecksum = \"1d07550c9036bf2ae0c684c4297d503f838287c83c53686d05370d0e139ae570\"\n\n[[package]]\nname = \"combine\"\nversion = \"4.6.7\"\nsource = \"registry+https://github.com/rust-lang/crates.io-index\"\nchecksum = \"ba5a308b75df32fe02788e748662718f03fde005016435c444eea572398219fd\"\ndependencies = [\n \"bytes\",\n \"memchr\",\n]\n\n[[package]]\nname = \"const-oid\"\nversion = \"0.10.2\"\nsource = \"registry+https://github.com/rust-lang/crates.io-index\"\nchecksum = \"a6ef517f0926dd24a1582492c791b6a4818a4d94e789a334894aa15b0d12f55c\"\n\n[[package]]\nname = \"cookie\"\nversion = \"0.18.1\"\nsource = \"registry+https://github.com/rust-lang/crates.io-index\"\nchecksum = \"4ddef33a339a91ea89fb53151bd0a4689cfce27055c291dfa69945475d22c747\"\ndependencies = [\n \"percent-encoding\",\n \"time\",\n \"version_check\",\n]\n\n[[package]]\nname = \"cookie_store\"\nversion = \"0.22.1\"\nsource = \"registry+https://github.com/rust-lang/crates.io-index\"\nchecksum = \"15b2c103cf610ec6cae3da84a766285b42fd16aad564758459e6ecf128c75206\"\ndependencies = [\n \"cookie\",\n \"document-features\",\n \"idna\",\n \"indexmap\",\n \"log\",\n \"serde\",\n \"serde_derive\",\n \"serde_json\",\n \"time\",\n \"url\",\n]\n\n[[package]]\nname = \"core-foundation\"\nversion = \"0.10.1\"\nsource = \"registry+https://github.com/rust-lang/crates.io-index\"\nchecksum = \"b2a6cd9ae233e7f62ba4e9353e81a88df7fc8a5987b8d445b4d90c879bd156f6\"\ndependencies = [\n \"core-foundation-sys\",\n \"libc\",\n]\n\n[[package]]\nname = \"core-foundation-sys\"\nversion = \"0.8.7\"\nsource = \"registry+https://github.com/rust-lang/crates.io-index\"\nchecksum = \"773648b94d0e5d620f64f280777445740e61fe701025087ec8b57f45c791888b\"\n\n[[package]]\nname = \"cpufeatures\"\nversion = \"0.3.0\"\nsource = \"registry+https://github.com/rust-lang/crates.io-index\"\nchecksum = \"8b2a41393f66f16b0823bb79094d54ac5fbd34ab292ddafb9a0456ac9f87d201\"\ndependencies = [\n \"libc\",\n]\n\n[[package]]\nname = \"crossbeam-epoch\"\nversion = \"0.9.20\"\nsource = \"registry+https://github.com/rust-lang/crates.io-index\"\nchecksum = \"2d6914041f254d6e9176c01941b21115dcfb7089e55135a35411081bd106ef3f\"\ndependencies = [\n \"crossbeam-utils\",\n]\n\n[[package]]\nname = \"crossbeam-utils\"\nversion = \"0.8.22\"\nsource = \"registry+https://github.com/rust-lang/crates.io-index\"\nchecksum = \"61803da095bee82a81bb1a452ecc25d3b2f1416d1897eb86430c6159ef717c17\"\n\n[[package]]\nname = \"crypto-common\"\nversion = \"0.2.2\"\nsource = \"registry+https://github.com/rust-lang/crates.io-index\"\nchecksum = \"ce6e4c961d6cd6c9a86db418387425e8bdeaf05b3c8bc1411e6dca4c252f1453\"\ndependencies = [\n \"hybrid-array\",\n]\n\n[[package]]\nname = \"ctutils\"\nversion = \"0.4.2\"\nsource = \"registry+https://github.com/rust-lang/crates.io-index\"\nchecksum = \"7d5515a3834141de9eafb9717ad39eea8247b5674e6066c404e8c4b365d2a29e\"\ndependencies = [\n \"cmov\",\n]\n\n[[package]]\nname = \"darling\"\nversion = \"0.24.0\"\nsource = \"registry+https://github.com/rust-lang/crates.io-index\"\nchecksum = \"88490bf1b990d87eaaa7ac8aa887f629a08e7359765b4911faf63c3763347d23\"\ndependencies = [\n \"darling_core\",\n \"darling_macro\",\n]\n\n[[package]]\nname = \"darling_core\"\nversion = \"0.24.0\"\nsource = \"registry+https://github.com/rust-lang/crates.io-index\"\nchecksum = \"084e274f91c482280130e1e34e0b8d6e66776a060d7b6de7b84289ca778868c4\"\ndependencies = [\n \"ident_case\",\n \"proc-macro2\",\n \"quote\",\n \"strsim\",\n \"syn 3.0.3\",\n]\n\n[[package]]\nname = \"darling_macro\"\nversion = \"0.24.0\"\nsource = \"registry+https://github.com/rust-lang/crates.io-index\"\nchecksum = \"68f5792fa0d41cd2325ce0ffa64f0a340eaebd4971a3a0c5e1ffd2cc488a355e\"\ndependencies = [\n \"darling_core\",\n \"quote\",\n \"syn 3.0.3\",\n]\n\n[[package]]\nname = \"dashmap\"\nversion = \"6.2.1\"\nsource = \"registry+https://github.com/rust-lang/crates.io-index\"\nchecksum = \"e6361d5c062261c78a176addb82d4c821ae42bed6089de0e12603cd25de2059c\"\ndependencies = [\n \"cfg-if\",\n \"crossbeam-utils\",\n \"hashbrown 0.14.5\",\n \"lock_api\",\n \"once_cell\",\n \"parking_lot_core\",\n]\n\n[[package]]\nname = \"deranged\"\nversion = \"0.5.8\"\nsource = \"registry+https://github.com/rust-lang/crates.io-index\"\nchecksum = \"7cd812cc2bc1d69d4764bd80df88b4317eaef9e773c75226407d9bc0876b211c\"\n\n[[package]]\nname = \"digest\"\nversion = \"0.11.3\"\nsource = \"registry+https://github.com/rust-lang/crates.io-index\"\nchecksum = \"f1dd6dbb5841937940781866fa1281a1ff7bd3bf827091440879f9994983d5c2\"\ndependencies = [\n \"block-buffer\",\n \"const-oid\",\n \"crypto-common\",\n \"ctutils\",\n]\n\n[[package]]\nname = \"displaydoc\"\nversion = \"0.2.7\"\nsource = \"registry+https://github.com/rust-lang/crates.io-index\"\nchecksum = \"c6232dd377dcc64799954cbd3a9bb882e9cdc1308ccd87b1c098f1fb2eaf82a8\"\ndependencies = [\n \"proc-macro2\",\n \"quote\",\n \"syn 3.0.3\",\n]\n\n[[package]]\nname = \"document-features\"\nversion = \"0.2.12\"\nsource = \"registry+https://github.com/rust-lang/crates.io-index\"\nchecksum = \"d4b8a88685455ed29a21542a33abd9cb6510b6b129abadabdcef0f4c55bc8f61\"\ndependencies = [\n \"litrs\",\n]\n\n[[package]]\nname = \"dyn-clone\"\nversion = \"1.0.20\"\nsource = \"registry+https://github.com/rust-lang/crates.io-index\"\nchecksum = \"d0881ea181b1df73ff77ffaaf9c7544ecc11e82fba9b5f27b262a3c73a332555\"\n\n[[package]]\nname = \"either\"\nversion = \"1.17.0\"\nsource = \"registry+https://github.com/rust-lang/crates.io-index\"\nchecksum = \"9e5e8f6c15a24b9a3ee5efec809ccd006d3b30e8b3bb63c39af737c7f87daa1d\"\n\n[[package]]\nname = \"equivalent\"\nversion = \"1.0.2\"\nsource = \"registry+https://github.com/rust-lang/crates.io-index\"\nchecksum = \"877a4ace8713b0bcf2a4e7eec82529c029f1d0619886d18145fea96c3ffe5c0f\"\n\n[[package]]\nname = \"errno\"\nversion = \"0.3.14\"\nsource = \"registry+https://github.com/rust-lang/crates.io-index\"\nchecksum = \"39cab71617ae0d63f51a36d69f866391735b51691dbda63cf6f96d042b63efeb\"\ndependencies = [\n \"libc\",\n \"windows-sys 0.61.2\",\n]\n\n[[package]]\nname = \"fastrand\"\nversion = \"2.5.0\"\nsource = \"registry+https://github.com/rust-lang/crates.io-index\"\nchecksum = \"da7c62ceae207dd37ea5b845da6a0696c799f85e97da1ab5b7910be3c1c80223\"\n\n[[package]]\nname = \"find-msvc-tools\"\nversion = \"0.1.9\"\nsource = \"registry+https://github.com/rust-lang/crates.io-index\"\nchecksum = \"5baebc0774151f905a1a2cc41989300b1e6fbb29aff0ceffa1064fdd3088d582\"\n\n[[package]]\nname = \"fnv\"\nversion = \"1.0.7\"\nsource = \"registry+https://github.com/rust-lang/crates.io-index\"\nchecksum = \"3f9eec918d3f24069decb9af1554cad7c880e2da24a9afd88aca000531ab82c1\"\n\n[[package]]\nname = \"foldhash\"\nversion = \"0.2.0\"\nsource = \"registry+https://github.com/rust-lang/crates.io-index\"\nchecksum = \"77ce24cb58228fbb8aa041425bb1050850ac19177686ea6e0f41a70416f56fdb\"\n\n[[package]]\nname = \"form_urlencoded\"\nversion = \"1.2.2\"\nsource = \"registry+https://github.com/rust-lang/crates.io-index\"\nchecksum = \"cb4cb245038516f5f85277875cdaa4f7d2c9a0fa0468de06ed190163b1581fcf\"\ndependencies = [\n \"percent-encoding\",\n]\n\n[[package]]\nname = \"fs-err\"\nversion = \"3.3.1\"\nsource = \"registry+https://github.com/rust-lang/crates.io-index\"\nchecksum = \"b91aa448ca50d7e79433bdf3ee8d99215430d2ec02ade5aefab2a073a1822e8a\"\ndependencies = [\n \"autocfg\",\n \"tokio\",\n]\n\n[[package]]\nname = \"futures\"\nversion = \"0.3.33\"\nsource = \"registry+https://github.com/rust-lang/crates.io-index\"\nchecksum = \"a88cf1f829d945f548cf8fec32c61b1f202b6d93b45848602fc02af4b12ad218\"\ndependencies = [\n \"futures-channel\",\n \"futures-core\",\n \"futures-executor\",\n \"futures-io\",\n \"futures-sink\",\n \"futures-task\",\n \"futures-util\",\n]\n\n[[package]]\nname = \"futures-channel\"\nversion = \"0.3.33\"\nsource = \"registry+https://github.com/rust-lang/crates.io-index\"\nchecksum = \"262590f4fe6afeb0bc83be1daa64e52657fe185690a958af7f3ad0e92085c5ae\"\ndependencies = [\n \"futures-core\",\n \"futures-sink\",\n]\n\n[[package]]\nname = \"futures-core\"\nversion = \"0.3.33\"\nsource = \"registry+https://github.com/rust-lang/crates.io-index\"\nchecksum = \"2cd50c473c80f6d7c3670a752354b8e569b1a7cbfdc0419ec88e5edad85e0dc7\"\n\n[[package]]\nname = \"futures-executor\"\nversion = \"0.3.33\"\nsource = \"registry+https://github.com/rust-lang/crates.io-index\"\nchecksum = \"6754879cc9f2c66f88c6e5c35344bb0bdb0708b0352b1201815667c7eabc7458\"\ndependencies = [\n \"futures-core\",\n \"futures-task\",\n \"futures-util\",\n]\n\n[[package]]\nname = \"futures-io\"\nversion = \"0.3.33\"\nsource = \"registry+https://github.com/rust-lang/crates.io-index\"\nchecksum = \"4577ecaa3c4f96589d473f679a71b596316f6641bc350038b962a5daf0085d7a\"\n\n[[package]]\nname = \"futures-macro\"\nversion = \"0.3.33\"\nsource = \"registry+https://github.com/rust-lang/crates.io-index\"\nchecksum = \"2d6d3cde68c518367be28956066ddfef33813991b77a55005a69dae04bf3b10b\"\ndependencies = [\n \"proc-macro2\",\n \"quote\",\n \"syn 2.0.119\",\n]\n\n[[package]]\nname = \"futures-sink\"\nversion = \"0.3.33\"\nsource = \"registry+https://github.com/rust-lang/crates.io-index\"\nchecksum = \"e34418ac499d6305c2fb5ad0ed2f6ac998c5f8ca209b4510f7f94242c647e307\"\n\n[[package]]\nname = \"futures-task\"\nversion = \"0.3.33\"\nsource = \"registry+https://github.com/rust-lang/crates.io-index\"\nchecksum = \"b231ed28831efb4a61a08580c4bc233ec56bc009f4cd8f52da2c3cb97df0c109\"\n\n[[package]]\nname = \"futures-util\"\nversion = \"0.3.33\"\nsource = \"registry+https://github.com/rust-lang/crates.io-index\"\nchecksum = \"a77a90a256fce34da66415271e30f94ee91c57b04b8a2c042d9cf3220179deaa\"\ndependencies = [\n \"futures-channel\",\n \"futures-core\",\n \"futures-io\",\n \"futures-macro\",\n \"futures-sink\",\n \"futures-task\",\n \"memchr\",\n \"pin-project-lite\",\n \"slab\",\n]\n\n[[package]]\nname = \"getrandom\"\nversion = \"0.2.17\"\nsource = \"registry+https://github.com/rust-lang/crates.io-index\"\nchecksum = \"ff2abc00be7fca6ebc474524697ae276ad847ad0a6b3faa4bcb027e9a4614ad0\"\ndependencies = [\n \"cfg-if\",\n \"libc\",\n \"wasi\",\n]\n\n[[package]]\nname = \"getrandom\"\nversion = \"0.3.4\"\nsource = \"registry+https://github.com/rust-lang/crates.io-index\"\nchecksum = \"899def5c37c4fd7b2664648c28120ecec138e4d395b459e5ca34f9cce2dd77fd\"\ndependencies = [\n \"cfg-if\",\n \"libc\",\n \"r-efi 5.3.0\",\n \"wasip2\",\n]\n\n[[package]]\nname = \"getrandom\"\nversion = \"0.4.3\"\nsource = \"registry+https://github.com/rust-lang/crates.io-index\"\nchecksum = \"300e883d756b2e4ec94e02791f39b04b522276138852cfc41d9fb7e904106099\"\ndependencies = [\n \"cfg-if\",\n \"libc\",\n \"r-efi 6.0.0\",\n \"rand_core 0.10.1\",\n]\n\n[[package]]\nname = \"h2\"\nversion = \"0.4.15\"\nsource = \"registry+https://github.com/rust-lang/crates.io-index\"\nchecksum = \"6cb093c84e8bd9b188d4c4a8cb6579fc016968d14c99882163cd3ff402a4f155\"\ndependencies = [\n \"atomic-waker\",\n \"bytes\",\n \"fnv\",\n \"futures-core\",\n \"futures-sink\",\n \"http\",\n \"indexmap\",\n \"slab\",\n \"tokio\",\n \"tokio-util\",\n \"tracing\",\n]\n\n[[package]]\nname = \"hashbrown\"\nversion = \"0.14.5\"\nsource = \"registry+https://github.com/rust-lang/crates.io-index\"\nchecksum = \"e5274423e17b7c9fc20b6e7e208532f9b19825d82dfd615708b70edd83df41f1\"\n\n[[package]]\nname = \"hashbrown\"\nversion = \"0.16.1\"\nsource = \"registry+https://github.com/rust-lang/crates.io-index\"\nchecksum = \"841d1cc9bed7f9236f321df977030373f4a4163ae1a7dbfe1a51a2c1a51d9100\"\ndependencies = [\n \"foldhash\",\n]\n\n[[package]]\nname = \"hashbrown\"\nversion = \"0.17.1\"\nsource = \"registry+https://github.com/rust-lang/crates.io-index\"\nchecksum = \"ed5909b6e89a2db4456e54cd5f673791d7eca6732202bbf2a9cc504fe2f9b84a\"\n\n[[package]]\nname = \"heck\"\nversion = \"0.5.0\"\nsource = \"registry+https://github.com/rust-lang/crates.io-index\"\nchecksum = \"2304e00983f87ffb38b55b444b5e3b60a884b5d30c0fca7d82fe33449bbe55ea\"\n\n[[package]]\nname = \"hex\"\nversion = \"0.4.3\"\nsource = \"registry+https://github.com/rust-lang/crates.io-index\"\nchecksum = \"7f24254aa9a54b5c858eaee2f5bccdb46aaf0e486a595ed5fd8f86ba55232a70\"\n\n[[package]]\nname = \"hmac\"\nversion = \"0.13.0\"\nsource = \"registry+https://github.com/rust-lang/crates.io-index\"\nchecksum = \"6303bc9732ae41b04cb554b844a762b4115a61bfaa81e3e83050991eeb56863f\"\ndependencies = [\n \"digest\",\n]\n\n[[package]]\nname = \"http\"\nversion = \"1.5.0\"\nsource = \"registry+https://github.com/rust-lang/crates.io-index\"\nchecksum = \"918d3568bebf352712bc2ef3d46a8bcf1a75b373be6539de198e9105cbbf9ce0\"\ndependencies = [\n \"bytes\",\n \"itoa\",\n]\n\n[[package]]\nname = \"http-body\"\nversion = \"1.1.0\"\nsource = \"registry+https://github.com/rust-lang/crates.io-index\"\nchecksum = \"ca2a8f2913ee65f60facd6a5905613afaa448497a0230cc41ce022d93290bc2c\"\ndependencies = [\n \"bytes\",\n \"http\",\n]\n\n[[package]]\nname = \"http-body-util\"\nversion = \"0.1.4\"\nsource = \"registry+https://github.com/rust-lang/crates.io-index\"\nchecksum = \"e9f41fd6a08e4d4ec69df65976da761afd5ad5e58a9d4acb46bd1c953a9e3ff2\"\ndependencies = [\n \"bytes\",\n \"futures-core\",\n \"http\",\n \"http-body\",\n \"pin-project-lite\",\n]\n\n[[package]]\nname = \"httparse\"\nversion = \"1.10.1\"\nsource = \"registry+https://github.com/rust-lang/crates.io-index\"\nchecksum = \"6dbf3de79e51f3d586ab4cb9d5c3e2c14aa28ed23d180cf89b4df0454a69cc87\"\n\n[[package]]\nname = \"httpdate\"\nversion = \"1.0.3\"\nsource = \"registry+https://github.com/rust-lang/crates.io-index\"\nchecksum = \"df3b46402a9d5adb4c86a0cf463f42e19994e3ee891101b1841f30a545cb49a9\"\n\n[[package]]\nname = \"hybrid-array\"\nversion = \"0.4.13\"\nsource = \"registry+https://github.com/rust-lang/crates.io-index\"\nchecksum = \"818356c5132c1fede50f837ca96afbe78ff42413047f4abb886217845e1b6c8c\"\ndependencies = [\n \"typenum\",\n]\n\n[[package]]\nname = \"hyper\"\nversion = \"1.11.0\"\nsource = \"registry+https://github.com/rust-lang/crates.io-index\"\nchecksum = \"d22053281f852e11534f5198498373cbb59295120a20771d90f7ed1897490a72\"\ndependencies = [\n \"atomic-waker\",\n \"bytes\",\n \"futures-channel\",\n \"futures-core\",\n \"h2\",\n \"http\",\n \"http-body\",\n \"httparse\",\n \"httpdate\",\n \"itoa\",\n \"pin-project-lite\",\n \"smallvec\",\n \"tokio\",\n \"want\",\n]\n\n[[package]]\nname = \"hyper-rustls\"\nversion = \"0.27.9\"\nsource = \"registry+https://github.com/rust-lang/crates.io-index\"\nchecksum = \"33ca68d021ef39cf6463ab54c1d0f5daf03377b70561305bb89a8f83aab66e0f\"\ndependencies = [\n \"http\",\n \"hyper\",\n \"hyper-util\",\n \"rustls\",\n \"tokio\",\n \"tokio-rustls\",\n \"tower-service\",\n]\n\n[[package]]\nname = \"hyper-util\"\nversion = \"0.1.20\"\nsource = \"registry+https://github.com/rust-lang/crates.io-index\"\nchecksum = \"96547c2556ec9d12fb1578c4eaf448b04993e7fb79cbaad930a656880a6bdfa0\"\ndependencies = [\n \"base64 0.22.1\",\n \"bytes\",\n \"futures-channel\",\n \"futures-util\",\n \"http\",\n \"http-body\",\n \"hyper\",\n \"ipnet\",\n \"libc\",\n \"percent-encoding\",\n \"pin-project-lite\",\n \"socket2\",\n \"tokio\",\n \"tower-service\",\n \"tracing\",\n]\n\n[[package]]\nname = \"iana-time-zone\"\nversion = \"0.1.65\"\nsource = \"registry+https://github.com/rust-lang/crates.io-index\"\nchecksum = \"e31bc9ad994ba00e440a8aa5c9ef0ec67d5cb5e5cb0cc7f8b744a35b389cc470\"\ndependencies = [\n \"android_system_properties\",\n \"core-foundation-sys\",\n \"iana-time-zone-haiku\",\n \"js-sys\",\n \"log\",\n \"wasm-bindgen\",\n \"windows-core\",\n]\n\n[[package]]\nname = \"iana-time-zone-haiku\"\nversion = \"0.1.2\"\nsource = \"registry+https://github.com/rust-lang/crates.io-index\"\nchecksum = \"f31827a206f56af32e590ba56d5d2d085f558508192593743f16b2306495269f\"\ndependencies = [\n \"cc\",\n]\n\n[[package]]\nname = \"icu_collections\"\nversion = \"2.2.0\"\nsource = \"registry+https://github.com/rust-lang/crates.io-index\"\nchecksum = \"2984d1cd16c883d7935b9e07e44071dca8d917fd52ecc02c04d5fa0b5a3f191c\"\ndependencies = [\n \"displaydoc\",\n \"potential_utf\",\n \"utf8_iter\",\n \"yoke\",\n \"zerofrom\",\n \"zerovec\",\n]\n\n[[package]]\nname = \"icu_locale_core\"\nversion = \"2.2.0\"\nsource = \"registry+https://github.com/rust-lang/crates.io-index\"\nchecksum = \"92219b62b3e2b4d88ac5119f8904c10f8f61bf7e95b640d25ba3075e6cac2c29\"\ndependencies = [\n \"displaydoc\",\n \"litemap\",\n \"tinystr\",\n \"writeable\",\n \"zerovec\",\n]\n\n[[package]]\nname = \"icu_normalizer\"\nversion = \"2.2.0\"\nsource = \"registry+https://github.com/rust-lang/crates.io-index\"\nchecksum = \"c56e5ee99d6e3d33bd91c5d85458b6005a22140021cc324cea84dd0e72cff3b4\"\ndependencies = [\n \"icu_collections\",\n \"icu_normalizer_data\",\n \"icu_properties\",\n \"icu_provider\",\n \"smallvec\",\n \"zerovec\",\n]\n\n[[package]]\nname = \"icu_normalizer_data\"\nversion = \"2.2.0\"\nsource = \"registry+https://github.com/rust-lang/crates.io-index\"\nchecksum = \"da3be0ae77ea334f4da67c12f149704f19f81d1adf7c51cf482943e84a2bad38\"\n\n[[package]]\nname = \"icu_properties\"\nversion = \"2.2.0\"\nsource = \"registry+https://github.com/rust-lang/crates.io-index\"\nchecksum = \"bee3b67d0ea5c2cca5003417989af8996f8604e34fb9ddf96208a033901e70de\"\ndependencies = [\n \"icu_collections\",\n \"icu_locale_core\",\n \"icu_properties_data\",\n \"icu_provider\",\n \"zerotrie\",\n \"zerovec\",\n]\n\n[[package]]\nname = \"icu_properties_data\"\nversion = \"2.2.0\"\nsource = \"registry+https://github.com/rust-lang/crates.io-index\"\nchecksum = \"8e2bbb201e0c04f7b4b3e14382af113e17ba4f63e2c9d2ee626b720cbce54a14\"\n\n[[package]]\nname = \"icu_provider\"\nversion = \"2.2.0\"\nsource = \"registry+https://github.com/rust-lang/crates.io-index\"\nchecksum = \"139c4cf31c8b5f33d7e199446eff9c1e02decfc2f0eec2c8d71f65befa45b421\"\ndependencies = [\n \"displaydoc\",\n \"icu_locale_core\",\n \"writeable\",\n \"yoke\",\n \"zerofrom\",\n \"zerotrie\",\n \"zerovec\",\n]\n\n[[package]]\nname = \"ident_case\"\nversion = \"1.0.1\"\nsource = \"registry+https://github.com/rust-lang/crates.io-index\"\nchecksum = \"b9e0384b61958566e926dc50660321d12159025e767c18e043daf26b70104c39\"\n\n[[package]]\nname = \"idna\"\nversion = \"1.1.0\"\nsource = \"registry+https://github.com/rust-lang/crates.io-index\"\nchecksum = \"3b0875f23caa03898994f6ddc501886a45c7d3d62d04d2d90788d47be1b1e4de\"\ndependencies = [\n \"idna_adapter\",\n \"smallvec\",\n \"utf8_iter\",\n]\n\n[[package]]\nname = \"idna_adapter\"\nversion = \"1.2.2\"\nsource = \"registry+https://github.com/rust-lang/crates.io-index\"\nchecksum = \"cb68373c0d6620ef8105e855e7745e18b0d00d3bdb07fb532e434244cdb9a714\"\ndependencies = [\n \"icu_normalizer\",\n \"icu_properties\",\n]\n\n[[package]]\nname = \"indexmap\"\nversion = \"2.14.0\"\nsource = \"registry+https://github.com/rust-lang/crates.io-index\"\nchecksum = \"d466e9454f08e4a911e14806c24e16fba1b4c121d1ea474396f396069cf949d9\"\ndependencies = [\n \"equivalent\",\n \"hashbrown 0.17.1\",\n]\n\n[[package]]\nname = \"ipnet\"\nversion = \"2.12.0\"\nsource = \"registry+https://github.com/rust-lang/crates.io-index\"\nchecksum = \"d98f6fed1fde3f8c21bc40a1abb88dd75e67924f9cffc3ef95607bad8017f8e2\"\n\n[[package]]\nname = \"is_terminal_polyfill\"\nversion = \"1.70.2\"\nsource = \"registry+https://github.com/rust-lang/crates.io-index\"\nchecksum = \"a6cb138bb79a146c1bd460005623e142ef0181e3d0219cb493e02f7d08a35695\"\n\n[[package]]\nname = \"itoa\"\nversion = \"1.0.18\"\nsource = \"registry+https://github.com/rust-lang/crates.io-index\"\nchecksum = \"8f42a60cbdf9a97f5d2305f08a87dc4e09308d1276d28c869c684d7777685682\"\n\n[[package]]\nname = \"jni\"\nversion = \"0.22.4\"\nsource = \"registry+https://github.com/rust-lang/crates.io-index\"\nchecksum = \"5efd9a482cf3a427f00d6b35f14332adc7902ce91efb778580e180ff90fa3498\"\ndependencies = [\n \"cfg-if\",\n \"combine\",\n \"jni-macros\",\n \"jni-sys\",\n \"log\",\n \"simd_cesu8\",\n \"thiserror\",\n \"walkdir\",\n \"windows-link\",\n]\n\n[[package]]\nname = \"jni-macros\"\nversion = \"0.22.4\"\nsource = \"registry+https://github.com/rust-lang/crates.io-index\"\nchecksum = \"a00109accc170f0bdb141fed3e393c565b6f5e072365c3bd58f5b062591560a3\"\ndependencies = [\n \"proc-macro2\",\n \"quote\",\n \"rustc_version\",\n \"simd_cesu8\",\n \"syn 2.0.119\",\n]\n\n[[package]]\nname = \"jni-sys\"\nversion = \"0.4.1\"\nsource = \"registry+https://github.com/rust-lang/crates.io-index\"\nchecksum = \"c6377a88cb3910bee9b0fa88d4f42e1d2da8e79915598f65fb0c7ee14c878af2\"\ndependencies = [\n \"jni-sys-macros\",\n]\n\n[[package]]\nname = \"jni-sys-macros\"\nversion = \"0.4.1\"\nsource = \"registry+https://github.com/rust-lang/crates.io-index\"\nchecksum = \"38c0b942f458fe50cdac086d2f946512305e5631e720728f2a61aabcd47a6264\"\ndependencies = [\n \"quote\",\n \"syn 2.0.119\",\n]\n\n[[package]]\nname = \"js-sys\"\nversion = \"0.3.103\"\nsource = \"registry+https://github.com/rust-lang/crates.io-index\"\nchecksum = \"53b44bfcdb3f8d5837a46dae1ca9660a837176eee74a28b229bc626816589102\"\ndependencies = [\n \"cfg-if\",\n \"futures-util\",\n \"wasm-bindgen\",\n]\n\n[[package]]\nname = \"lazy_static\"\nversion = \"1.5.0\"\nsource = \"registry+https://github.com/rust-lang/crates.io-index\"\nchecksum = \"bbd2bcb4c963f2ddae06a2efc7e9f3591312473c50c6685e1f298068316e66fe\"\n\n[[package]]\nname = \"libc\"\nversion = \"0.2.189\"\nsource = \"registry+https://github.com/rust-lang/crates.io-index\"\nchecksum = \"3eaf3ede3fee6db1a4c2ee091bf8a8b4dccdc6d17f656fb07896ee72867612f2\"\n\n[[package]]\nname = \"linux-raw-sys\"\nversion = \"0.4.15\"\nsource = \"registry+https://github.com/rust-lang/crates.io-index\"\nchecksum = \"d26c52dbd32dccf2d10cac7725f8eae5296885fb5703b261f7d0a0739ec807ab\"\n\n[[package]]\nname = \"linux-raw-sys\"\nversion = \"0.12.1\"\nsource = \"registry+https://github.com/rust-lang/crates.io-index\"\nchecksum = \"32a66949e030da00e8c7d4434b251670a91556f4144941d37452769c25d58a53\"\n\n[[package]]\nname = \"litemap\"\nversion = \"0.8.2\"\nsource = \"registry+https://github.com/rust-lang/crates.io-index\"\nchecksum = \"92daf443525c4cce67b150400bc2316076100ce0b3686209eb8cf3c31612e6f0\"\n\n[[package]]\nname = \"litrs\"\nversion = \"1.0.0\"\nsource = \"registry+https://github.com/rust-lang/crates.io-index\"\nchecksum = \"11d3d7f243d5c5a8b9bb5d6dd2b1602c0cb0b9db1621bafc7ed66e35ff9fe092\"\n\n[[package]]\nname = \"lock_api\"\nversion = \"0.4.14\"\nsource = \"registry+https://github.com/rust-lang/crates.io-index\"\nchecksum = \"224399e74b87b5f3557511d98dff8b14089b3dadafcab6bb93eab67d3aace965\"\ndependencies = [\n \"scopeguard\",\n]\n\n[[package]]\nname = \"log\"\nversion = \"0.4.33\"\nsource = \"registry+https://github.com/rust-lang/crates.io-index\"\nchecksum = \"0ceec5bc11778974d1bcb055b18002eba7f4b3518b6a0081b3af5f21666da9ad\"\n\n[[package]]\nname = \"matchers\"\nversion = \"0.2.0\"\nsource = \"registry+https://github.com/rust-lang/crates.io-index\"\nchecksum = \"d1525a2a28c7f4fa0fc98bb91ae755d1e2d1505079e05539e35bc876b5d65ae9\"\ndependencies = [\n \"regex-automata\",\n]\n\n[[package]]\nname = \"matchit\"\nversion = \"0.8.4\"\nsource = \"registry+https://github.com/rust-lang/crates.io-index\"\nchecksum = \"47e1ffaa40ddd1f3ed91f717a33c8c0ee23fff369e3aa8772b9605cc1d22f4c3\"\n\n[[package]]\nname = \"mecmcp-audit\"\nversion = \"0.8.0\"\nsource = \"git+https://github.com/fastrevmd-lab/mecmcp?tag=v0.8.0#56b97f5d9530f63a2961950cbd1f88970cb01320\"\ndependencies = [\n \"hmac\",\n \"log\",\n \"mecmcp-auth\",\n \"metrics\",\n \"serde\",\n \"serde_json\",\n \"sha2\",\n \"tempfile\",\n \"tracing\",\n \"tracing-journald\",\n \"tracing-log\",\n \"tracing-subscriber\",\n \"uuid\",\n]\n\n[[package]]\nname = \"mecmcp-auth\"\nversion = \"0.8.0\"\nsource = \"git+https://github.com/fastrevmd-lab/mecmcp?tag=v0.8.0#56b97f5d9530f63a2961950cbd1f88970cb01320\"\ndependencies = [\n \"arc-swap\",\n \"chrono\",\n \"getrandom 0.4.3\",\n \"mecmcp-secret\",\n \"serde\",\n \"serde_json\",\n \"sha2\",\n \"subtle\",\n \"tempfile\",\n \"thiserror\",\n \"zeroize\",\n]\n\n[[package]]\nname = \"mecmcp-changeset\"\nversion = \"0.8.0\"\nsource = \"git+https://github.com/fastrevmd-lab/mecmcp?tag=v0.8.0#56b97f5d9530f63a2961950cbd1f88970cb01320\"\ndependencies = [\n \"async-trait\",\n \"getrandom 0.4.3\",\n \"hex\",\n \"mecmcp-audit\",\n \"mecmcp-secret\",\n \"rustix 1.1.4\",\n \"serde\",\n \"serde_json\",\n \"sha2\",\n \"tempfile\",\n \"tokio\",\n \"tokio-util\",\n \"url\",\n]\n\n[[package]]\nname = \"mecmcp-runtime\"\nversion = \"0.8.0\"\nsource = \"git+https://github.com/fastrevmd-lab/mecmcp?tag=v0.8.0#56b97f5d9530f63a2961950cbd1f88970cb01320\"\ndependencies = [\n \"anyhow\",\n \"clap\",\n \"mecmcp-auth\",\n \"rustix 1.1.4\",\n \"thiserror\",\n \"tokio\",\n \"tokio-util\",\n \"tracing\",\n]\n\n[[package]]\nname = \"mecmcp-secret\"\nversion = \"0.8.0\"\nsource = \"git+https://github.com/fastrevmd-lab/mecmcp?tag=v0.8.0#56b97f5d9530f63a2961950cbd1f88970cb01320\"\ndependencies = [\n \"rustix 1.1.4\",\n \"thiserror\",\n \"zeroize\",\n]\n\n[[package]]\nname = \"mecmcp-server\"\nversion = \"0.8.0\"\nsource = \"git+https://github.com/fastrevmd-lab/mecmcp?tag=v0.8.0#56b97f5d9530f63a2961950cbd1f88970cb01320\"\ndependencies = [\n \"http\",\n \"mecmcp-audit\",\n \"mecmcp-auth\",\n \"rmcp\",\n \"serde\",\n \"serde_json\",\n \"thiserror\",\n]\n\n[[package]]\nname = \"mecmcp-transport\"\nversion = \"0.8.0\"\nsource = \"git+https://github.com/fastrevmd-lab/mecmcp?tag=v0.8.0#56b97f5d9530f63a2961950cbd1f88970cb01320\"\ndependencies = [\n \"axum\",\n \"axum-server\",\n \"dashmap\",\n \"futures\",\n \"http\",\n \"http-body\",\n \"http-body-util\",\n \"mecmcp-auth\",\n \"metrics\",\n \"metrics-exporter-prometheus\",\n \"rmcp\",\n \"rustix 0.38.44\",\n \"rustls\",\n \"rustls-pki-types\",\n \"serde\",\n \"serde_json\",\n \"thiserror\",\n \"tokio\",\n \"tokio-util\",\n \"tower-http\",\n \"tracing\",\n \"ureq\",\n \"zeroize\",\n]\n\n[[package]]\nname = \"memchr\"\nversion = \"2.8.3\"\nsource = \"registry+https://github.com/rust-lang/crates.io-index\"\nchecksum = \"cf8baf1c55e62ffcace7a9f06f4bd9cd3f0c4beb022d3b367256b91b87513d98\"\n\n[[package]]\nname = \"metrics\"\nversion = \"0.24.6\"\nsource = \"registry+https://github.com/rust-lang/crates.io-index\"\nchecksum = \"89550ee9f79e88fef3119de263694973a8adb26c21d75322164fb8c493039fe2\"\ndependencies = [\n \"portable-atomic\",\n \"rapidhash\",\n]\n\n[[package]]\nname = \"metrics-exporter-prometheus\"\nversion = \"0.17.2\"\nsource = \"registry+https://github.com/rust-lang/crates.io-index\"\nchecksum = \"2b166dea96003ee2531cf14833efedced545751d800f03535801d833313f8c15\"\ndependencies = [\n \"base64 0.22.1\",\n \"indexmap\",\n \"metrics\",\n \"metrics-util\",\n \"quanta\",\n \"thiserror\",\n]\n\n[[package]]\nname = \"metrics-util\"\nversion = \"0.20.4\"\nsource = \"registry+https://github.com/rust-lang/crates.io-index\"\nchecksum = \"96f8722f8562635f92f8ed992f26df0532266eb03d5202607c20c0d7e9745e13\"\ndependencies = [\n \"crossbeam-epoch\",\n \"crossbeam-utils\",\n \"hashbrown 0.16.1\",\n \"metrics\",\n \"quanta\",\n \"rand 0.9.5\",\n \"rand_xoshiro\",\n \"rapidhash\",\n \"sketches-ddsketch\",\n]\n\n[[package]]\nname = \"mime\"\nversion = \"0.3.17\"\nsource = \"registry+https://github.com/rust-lang/crates.io-index\"\nchecksum = \"6877bb514081ee2a7ff5ef9de3281f14a4dd4bceac4c09388074a6b5df8a139a\"\n\n[[package]]\nname = \"mio\"\nversion = \"1.2.2\"\nsource = \"registry+https://github.com/rust-lang/crates.io-index\"\nchecksum = \"30d65c71f1ce40ab09135ce117d742b9f8a19ff91a41a8b57ed50bc2de59c427\"\ndependencies = [\n \"libc\",\n \"wasi\",\n \"windows-sys 0.61.2\",\n]\n\n[[package]]\nname = \"nu-ansi-term\"\nversion = \"0.50.3\"\nsource = \"registry+https://github.com/rust-lang/crates.io-index\"\nchecksum = \"7957b9740744892f114936ab4a57b3f487491bbeafaf8083688b16841a4240e5\"\ndependencies = [\n \"windows-sys 0.61.2\",\n]\n\n[[package]]\nname = \"num-conv\"\nversion = \"0.2.2\"\nsource = \"registry+https://github.com/rust-lang/crates.io-index\"\nchecksum = \"521739c6d2bac4aa25192232afe6841231376b2b26d4d9fae5ecf8ca5772e441\"\n\n[[package]]\nname = \"num-traits\"\nversion = \"0.2.19\"\nsource = \"registry+https://github.com/rust-lang/crates.io-index\"\nchecksum = \"071dfc062690e90b734c0b2273ce72ad0ffa95f0c74596bc250dcfd960262841\"\ndependencies = [\n \"autocfg\",\n]\n\n[[package]]\nname = \"once_cell\"\nversion = \"1.21.4\"\nsource = \"registry+https://github.com/rust-lang/crates.io-index\"\nchecksum = \"9f7c3e4beb33f85d45ae3e3a1792185706c8e16d043238c593331cc7cd313b50\"\n\n[[package]]\nname = \"once_cell_polyfill\"\nversion = \"1.70.2\"\nsource = \"registry+https://github.com/rust-lang/crates.io-index\"\nchecksum = \"384b8ab6d37215f3c5301a95a4accb5d64aa607f1fcb26a11b5303878451b4fe\"\n\n[[package]]\nname = \"openssl-probe\"\nversion = \"0.2.1\"\nsource = \"registry+https://github.com/rust-lang/crates.io-index\"\nchecksum = \"7c87def4c32ab89d880effc9e097653c8da5d6ef28e6b539d313baaacfbafcbe\"\n\n[[package]]\nname = \"parking_lot\"\nversion = \"0.12.5\"\nsource = \"registry+https://github.com/rust-lang/crates.io-index\"\nchecksum = \"93857453250e3077bd71ff98b6a65ea6621a19bb0f559a85248955ac12c45a1a\"\ndependencies = [\n \"lock_api\",\n \"parking_lot_core\",\n]\n\n[[package]]\nname = \"parking_lot_core\"\nversion = \"0.9.12\"\nsource = \"registry+https://github.com/rust-lang/crates.io-index\"\nchecksum = \"2621685985a2ebf1c516881c026032ac7deafcda1a2c9b7850dc81e3dfcb64c1\"\ndependencies = [\n \"cfg-if\",\n \"libc\",\n \"redox_syscall\",\n \"smallvec\",\n \"windows-link\",\n]\n\n[[package]]\nname = \"pastey\"\nversion = \"0.2.3\"\nsource = \"registry+https://github.com/rust-lang/crates.io-index\"\nchecksum = \"2ee67f1008b1ba2321834326597b8e186293b049a023cdef258527550b9935b4\"\n\n[[package]]\nname = \"percent-encoding\"\nversion = \"2.3.2\"\nsource = \"registry+https://github.com/rust-lang/crates.io-index\"\nchecksum = \"9b4f627cb1b25917193a259e49bdad08f671f8d9708acfd5fe0a8c1455d87220\"\n\n[[package]]\nname = \"pin-project-lite\"\nversion = \"0.2.17\"\nsource = \"registry+https://github.com/rust-lang/crates.io-index\"\nchecksum = \"a89322df9ebe1c1578d689c92318e070967d1042b512afbe49518723f4e6d5cd\"\n\n[[package]]\nname = \"portable-atomic\"\nversion = \"1.14.0\"\nsource = \"registry+https://github.com/rust-lang/crates.io-index\"\nchecksum = \"3d20d5497ef88037a52ff98267d066e7f11fcc5e99bbfbd58a42336193aacec3\"\n\n[[package]]\nname = \"potential_utf\"\nversion = \"0.1.5\"\nsource = \"registry+https://github.com/rust-lang/crates.io-index\"\nchecksum = \"0103b1cef7ec0cf76490e969665504990193874ea05c85ff9bab8b911d0a0564\"\ndependencies = [\n \"zerovec\",\n]\n\n[[package]]\nname = \"powerfmt\"\nversion = \"0.2.0\"\nsource = \"registry+https://github.com/rust-lang/crates.io-index\"\nchecksum = \"439ee305def115ba05938db6eb1644ff94165c5ab5e9420d1c1bcedbba909391\"\n\n[[package]]\nname = \"ppv-lite86\"\nversion = \"0.2.21\"\nsource = \"registry+https://github.com/rust-lang/crates.io-index\"\nchecksum = \"85eae3c4ed2f50dcfe72643da4befc30deadb458a9b590d720cde2f2b1e97da9\"\ndependencies = [\n \"zerocopy\",\n]\n\n[[package]]\nname = \"proc-macro2\"\nversion = \"1.0.107\"\nsource = \"registry+https://github.com/rust-lang/crates.io-index\"\nchecksum = \"985e7ec9bb745e6ce6535b544d84d6cd6f7ad8bd711c398938ae983b91a766d9\"\ndependencies = [\n \"unicode-ident\",\n]\n\n[[package]]\nname = \"quanta\"\nversion = \"0.12.6\"\nsource = \"registry+https://github.com/rust-lang/crates.io-index\"\nchecksum = \"f3ab5a9d756f0d97bdc89019bd2e4ea098cf9cde50ee7564dde6b81ccc8f06c7\"\ndependencies = [\n \"crossbeam-utils\",\n \"libc\",\n \"once_cell\",\n \"raw-cpuid\",\n \"wasi\",\n \"web-sys\",\n \"winapi\",\n]\n\n[[package]]\nname = \"quote\"\nversion = \"1.0.47\"\nsource = \"registry+https://github.com/rust-lang/crates.io-index\"\nchecksum = \"1fbf4db142a473a8d80c26bbf18454ed458bf8d26c8219c331daecfdbd079001\"\ndependencies = [\n \"proc-macro2\",\n]\n\n[[package]]\nname = \"r-efi\"\nversion = \"5.3.0\"\nsource = \"registry+https://github.com/rust-lang/crates.io-index\"\nchecksum = \"69cdb34c158ceb288df11e18b4bd39de994f6657d83847bdffdbd7f346754b0f\"\n\n[[package]]\nname = \"r-efi\"\nversion = \"6.0.0\"\nsource = \"registry+https://github.com/rust-lang/crates.io-index\"\nchecksum = \"f8dcc9c7d52a811697d2151c701e0d08956f92b0e24136cf4cf27b57a6a0d9bf\"\n\n[[package]]\nname = \"rand\"\nversion = \"0.9.5\"\nsource = \"registry+https://github.com/rust-lang/crates.io-index\"\nchecksum = \"b9ef1d0d795eb7d84685bca4f72f3649f064e6641543d3a8c415898726a57b41\"\ndependencies = [\n \"rand_chacha\",\n \"rand_core 0.9.5\",\n]\n\n[[package]]\nname = \"rand\"\nversion = \"0.10.2\"\nsource = \"registry+https://github.com/rust-lang/crates.io-index\"\nchecksum = \"c7f5fa3a058cd35567ef9bfa5e75732bee0f9e4c55fa90477bef2dfcdbc4be80\"\ndependencies = [\n \"chacha20\",\n \"getrandom 0.4.3\",\n \"rand_core 0.10.1\",\n]\n\n[[package]]\nname = \"rand_chacha\"\nversion = \"0.9.0\"\nsource = \"registry+https://github.com/rust-lang/crates.io-index\"\nchecksum = \"d3022b5f1df60f26e1ffddd6c66e8aa15de382ae63b3a0c1bfc0e4d3e3f325cb\"\ndependencies = [\n \"ppv-lite86\",\n \"rand_core 0.9.5\",\n]\n\n[[package]]\nname = \"rand_core\"\nversion = \"0.9.5\"\nsource = \"registry+https://github.com/rust-lang/crates.io-index\"\nchecksum = \"76afc826de14238e6e8c374ddcc1fa19e374fd8dd986b0d2af0d02377261d83c\"\ndependencies = [\n \"getrandom 0.3.4\",\n]\n\n[[package]]\nname = \"rand_core\"\nversion = \"0.10.1\"\nsource = \"registry+https://github.com/rust-lang/crates.io-index\"\nchecksum = \"63b8176103e19a2643978565ca18b50549f6101881c443590420e4dc998a3c69\"\n\n[[package]]\nname = \"rand_xoshiro\"\nversion = \"0.7.0\"\nsource = \"registry+https://github.com/rust-lang/crates.io-index\"\nchecksum = \"f703f4665700daf5512dcca5f43afa6af89f09db47fb56be587f80636bda2d41\"\ndependencies = [\n \"rand_core 0.9.5\",\n]\n\n[[package]]\nname = \"rapidhash\"\nversion = \"4.5.1\"\nsource = \"registry+https://github.com/rust-lang/crates.io-index\"\nchecksum = \"5da7e78a036ce858e8d55b7e7dc8ba3a88b78350fd2155d3591bbd966b58589e\"\ndependencies = [\n \"rustversion\",\n]\n\n[[package]]\nname = \"raw-cpuid\"\nversion = \"11.6.0\"\nsource = \"registry+https://github.com/rust-lang/crates.io-index\"\nchecksum = \"498cd0dc59d73224351ee52a95fee0f1a617a2eae0e7d9d720cc622c73a54186\"\ndependencies = [\n \"bitflags\",\n]\n\n[[package]]\nname = \"redox_syscall\"\nversion = \"0.5.18\"\nsource = \"registry+https://github.com/rust-lang/crates.io-index\"\nchecksum = \"ed2bf2547551a7053d6fdfafda3f938979645c44812fbfcda098faae3f1a362d\"\ndependencies = [\n \"bitflags\",\n]\n\n[[package]]\nname = \"ref-cast\"\nversion = \"1.0.26\"\nsource = \"registry+https://github.com/rust-lang/crates.io-index\"\nchecksum = \"216e8f773d7923bcba9ceb86a86c93cabb3903a11872fc3f138c49630e50b96d\"\ndependencies = [\n \"ref-cast-impl\",\n]\n\n[[package]]\nname = \"ref-cast-impl\"\nversion = \"1.0.26\"\nsource = \"registry+https://github.com/rust-lang/crates.io-index\"\nchecksum = \"2c9283685feec7d69af75fb0e858d5e7378f33fe4fc699383b2916ab9273e03c\"\ndependencies = [\n \"proc-macro2\",\n \"quote\",\n \"syn 3.0.3\",\n]\n\n[[package]]\nname = \"regex-automata\"\nversion = \"0.4.16\"\nsource = \"registry+https://github.com/rust-lang/crates.io-index\"\nchecksum = \"8fcfdb36bda0c880c5931cdc7a2bcdc8ba4556847b9d912bca70bc94708711ad\"\ndependencies = [\n \"aho-corasick\",\n \"memchr\",\n \"regex-syntax\",\n]\n\n[[package]]\nname = \"regex-syntax\"\nversion = \"0.8.11\"\nsource = \"registry+https://github.com/rust-lang/crates.io-index\"\nchecksum = \"d6f6ff9a378485b298a5286656da665ba74413d36db0979633275d2e708145d4\"\n\n[[package]]\nname = \"reqwest\"\nversion = \"0.13.4\"\nsource = \"registry+https://github.com/rust-lang/crates.io-index\"\nchecksum = \"219c5811de6525e5416c7d5d53bb656d3afdbc6c5af816e0802bcfa42dbdc1c3\"\ndependencies = [\n \"base64 0.22.1\",\n \"bytes\",\n \"futures-core\",\n \"futures-util\",\n \"http\",\n \"http-body\",\n \"http-body-util\",\n \"hyper\",\n \"hyper-rustls\",\n \"hyper-util\",\n \"js-sys\",\n \"log\",\n \"percent-encoding\",\n \"pin-project-lite\",\n \"rustls\",\n \"rustls-pki-types\",\n \"rustls-platform-verifier\",\n \"serde\",\n \"serde_json\",\n \"serde_urlencoded\",\n \"sync_wrapper\",\n \"tokio\",\n \"tokio-rustls\",\n \"tokio-util\",\n \"tower\",\n \"tower-http\",\n \"tower-service\",\n \"url\",\n \"wasm-bindgen\",\n \"wasm-bindgen-futures\",\n \"wasm-streams\",\n \"web-sys\",\n]\n\n[[package]]\nname = \"ring\"\nversion = \"0.17.14\"\nsource = \"registry+https://github.com/rust-lang/crates.io-index\"\nchecksum = \"a4689e6c2294d81e88dc6261c768b63bc4fcdb852be6d1352498b114f61383b7\"\ndependencies = [\n \"cc\",\n \"cfg-if\",\n \"getrandom 0.2.17\",\n \"libc\",\n \"untrusted\",\n \"windows-sys 0.52.0\",\n]\n\n[[package]]\nname = \"rmcp\"\nversion = \"3.1.1\"\nsource = \"registry+https://github.com/rust-lang/crates.io-index\"\nchecksum = \"094c075f6698deef5a657cf4df6b684dff65157d255978b92b552ec22503f17a\"\ndependencies = [\n \"async-trait\",\n \"base64 0.23.1\",\n \"bytes\",\n \"chrono\",\n \"futures\",\n \"http\",\n \"http-body\",\n \"http-body-util\",\n \"pastey\",\n \"pin-project-lite\",\n \"rand 0.10.2\",\n \"rmcp-macros\",\n \"schemars\",\n \"serde\",\n \"serde_json\",\n \"sse-stream\",\n \"thiserror\",\n \"tokio\",\n \"tokio-stream\",\n \"tokio-util\",\n \"tower-service\",\n \"tracing\",\n \"uuid\",\n]\n\n[[package]]\nname = \"rmcp-macros\"\nversion = \"3.1.1\"\nsource = \"registry+https://github.com/rust-lang/crates.io-index\"\nchecksum = \"737d947bcfd946fae6a179a4ef6487be6dcf25c930c2393856b820f1386e52a6\"\ndependencies = [\n \"darling\",\n \"proc-macro2\",\n \"quote\",\n \"serde_json\",\n \"syn 3.0.3\",\n]\n\n[[package]]\nname = \"rustc_version\"\nversion = \"0.4.1\"\nsource = \"registry+https://github.com/rust-lang/crates.io-index\"\nchecksum = \"cfcb3a22ef46e85b45de6ee7e79d063319ebb6594faafcf1c225ea92ab6e9b92\"\ndependencies = [\n \"semver\",\n]\n\n[[package]]\nname = \"rustix\"\nversion = \"0.38.44\"\nsource = \"registry+https://github.com/rust-lang/crates.io-index\"\nchecksum = \"fdb5bc1ae2baa591800df16c9ca78619bf65c0488b41b96ccec5d11220d8c154\"\ndependencies = [\n \"bitflags\",\n \"errno\",\n \"libc\",\n \"linux-raw-sys 0.4.15\",\n \"windows-sys 0.59.0\",\n]\n\n[[package]]\nname = \"rustix\"\nversion = \"1.1.4\"\nsource = \"registry+https://github.com/rust-lang/crates.io-index\"\nchecksum = \"b6fe4565b9518b83ef4f91bb47ce29620ca828bd32cb7e408f0062e9930ba190\"\ndependencies = [\n \"bitflags\",\n \"errno\",\n \"libc\",\n \"linux-raw-sys 0.12.1\",\n \"windows-sys 0.61.2\",\n]\n\n[[package]]\nname = \"rustls\"\nversion = \"0.23.43\"\nsource = \"registry+https://github.com/rust-lang/crates.io-index\"\nchecksum = \"0283386ce02abc0151e1761d08802dfe86c173b0b494af5cbc086574e453da06\"\ndependencies = [\n \"log\",\n \"once_cell\",\n \"ring\",\n \"rustls-pki-types\",\n \"rustls-webpki\",\n \"subtle\",\n \"zeroize\",\n]\n\n[[package]]\nname = \"rustls-native-certs\"\nversion = \"0.8.4\"\nsource = \"registry+https://github.com/rust-lang/crates.io-index\"\nchecksum = \"dab5152771c58876a2146916e53e35057e1a4dfa2b9df0f0305b07f611fdea4d\"\ndependencies = [\n \"openssl-probe\",\n \"rustls-pki-types\",\n \"schannel\",\n \"security-framework\",\n]\n\n[[package]]\nname = \"rustls-pki-types\"\nversion = \"1.15.1\"\nsource = \"registry+https://github.com/rust-lang/crates.io-index\"\nchecksum = \"2f4925028c7eb5d1fcdaf196971378ed9d2c1c4efc7dc5d011256f76c99c0a96\"\ndependencies = [\n \"zeroize\",\n]\n\n[[package]]\nname = \"rustls-platform-verifier\"\nversion = \"0.7.0\"\nsource = \"registry+https://github.com/rust-lang/crates.io-index\"\nchecksum = \"26d1e2536ce4f35f4846aa13bff16bd0ff40157cdb14cc056c7b14ba41233ba0\"\ndependencies = [\n \"core-foundation\",\n \"core-foundation-sys\",\n \"jni\",\n \"log\",\n \"once_cell\",\n \"rustls\",\n \"rustls-native-certs\",\n \"rustls-platform-verifier-android\",\n \"rustls-webpki\",\n \"security-framework\",\n \"security-framework-sys\",\n \"webpki-root-certs\",\n \"windows-sys 0.61.2\",\n]\n\n[[package]]\nname = \"rustls-platform-verifier-android\"\nversion = \"0.1.1\"\nsource = \"registry+https://github.com/rust-lang/crates.io-index\"\nchecksum = \"f87165f0995f63a9fbeea62b64d10b4d9d8e78ec6d7d51fb2125fda7bb36788f\"\n\n[[package]]\nname = \"rustls-webpki\"\nversion = \"0.103.13\"\nsource = \"registry+https://github.com/rust-lang/crates.io-index\"\nchecksum = \"61c429a8649f110dddef65e2a5ad240f747e85f7758a6bccc7e5777bd33f756e\"\ndependencies = [\n \"ring\",\n \"rustls-pki-types\",\n \"untrusted\",\n]\n\n[[package]]\nname = \"rustsdcmcp\"\nversion = \"0.1.0\"\ndependencies = [\n \"anyhow\",\n \"axum\",\n \"axum-server\",\n \"clap\",\n \"http\",\n \"mecmcp-audit\",\n \"mecmcp-auth\",\n \"mecmcp-changeset\",\n \"mecmcp-runtime\",\n \"mecmcp-server\",\n \"mecmcp-transport\",\n \"rmcp\",\n \"rustls\",\n \"rustsdcmcp-core\",\n \"schemars\",\n \"serde\",\n \"serde_json\",\n \"syn 2.0.119\",\n \"thiserror\",\n \"tokio\",\n \"tokio-util\",\n \"toml\",\n \"tower\",\n \"tracing\",\n \"tracing-subscriber\",\n]\n\n[[package]]\nname = \"rustsdcmcp-core\"\nversion = \"0.1.0\"\ndependencies = [\n \"async-trait\",\n \"axum\",\n \"futures\",\n \"hex\",\n \"http\",\n \"mecmcp-audit\",\n \"mecmcp-changeset\",\n \"mecmcp-server\",\n \"reqwest\",\n \"rustls\",\n \"schemars\",\n \"serde\",\n \"serde_json\",\n \"sha2\",\n \"tempfile\",\n \"thiserror\",\n \"tokio\",\n \"tokio-util\",\n \"url\",\n \"zeroize\",\n]\n\n[[package]]\nname = \"rustversion\"\nversion = \"1.0.23\"\nsource = \"registry+https://github.com/rust-lang/crates.io-index\"\nchecksum = \"cf54715a573b99ac80df0bc206da022bcd442c974952c7b9720069370852e21f\"\n\n[[package]]\nname = \"ryu\"\nversion = \"1.0.23\"\nsource = \"registry+https://github.com/rust-lang/crates.io-index\"\nchecksum = \"9774ba4a74de5f7b1c1451ed6cd5285a32eddb5cccb8cc655a4e50009e06477f\"\n\n[[package]]\nname = \"same-file\"\nversion = \"1.0.6\"\nsource = \"registry+https://github.com/rust-lang/crates.io-index\"\nchecksum = \"93fc1dc3aaa9bfed95e02e6eadabb4baf7e3078b0bd1b4d7b6b0b68378900502\"\ndependencies = [\n \"winapi-util\",\n]\n\n[[package]]\nname = \"schannel\"\nversion = \"0.1.29\"\nsource = \"registry+https://github.com/rust-lang/crates.io-index\"\nchecksum = \"91c1b7e4904c873ef0710c1f407dde2e6287de2bebc1bbbf7d430bb7cbffd939\"\ndependencies = [\n \"windows-sys 0.61.2\",\n]\n\n[[package]]\nname = \"schemars\"\nversion = \"1.2.2\"\nsource = \"registry+https://github.com/rust-lang/crates.io-index\"\nchecksum = \"687274d293b6cdc6e73e0fee520bf2049650090d7164f87672d212a3c530cf4a\"\ndependencies = [\n \"chrono\",\n \"dyn-clone\",\n \"ref-cast\",\n \"schemars_derive\",\n \"serde\",\n \"serde_json\",\n]\n\n[[package]]\nname = \"schemars_derive\"\nversion = \"1.2.2\"\nsource = \"registry+https://github.com/rust-lang/crates.io-index\"\nchecksum = \"d98c67716b46af2f0b8cf752abc930f6f9aecfbf671ecfb531db8a31dbe4e2ba\"\ndependencies = [\n \"proc-macro2\",\n \"quote\",\n \"serde_derive_internals\",\n \"syn 3.0.3\",\n]\n\n[[package]]\nname = \"scopeguard\"\nversion = \"1.2.0\"\nsource = \"registry+https://github.com/rust-lang/crates.io-index\"\nchecksum = \"94143f37725109f92c262ed2cf5e59bce7498c01bcc1502d7b9afe439a4e9f49\"\n\n[[package]]\nname = \"security-framework\"\nversion = \"3.7.0\"\nsource = \"registry+https://github.com/rust-lang/crates.io-index\"\nchecksum = \"b7f4bc775c73d9a02cde8bf7b2ec4c9d12743edf609006c7facc23998404cd1d\"\ndependencies = [\n \"bitflags\",\n \"core-foundation\",\n \"core-foundation-sys\",\n \"libc\",\n \"security-framework-sys\",\n]\n\n[[package]]\nname = \"security-framework-sys\"\nversion = \"2.17.0\"\nsource = \"registry+https://github.com/rust-lang/crates.io-index\"\nchecksum = \"6ce2691df843ecc5d231c0b14ece2acc3efb62c0a398c7e1d875f3983ce020e3\"\ndependencies = [\n \"core-foundation-sys\",\n \"libc\",\n]\n\n[[package]]\nname = \"semver\"\nversion = \"1.0.28\"\nsource = \"registry+https://github.com/rust-lang/crates.io-index\"\nchecksum = \"8a7852d02fc848982e0c167ef163aaff9cd91dc640ba85e263cb1ce46fae51cd\"\n\n[[package]]\nname = \"serde\"\nversion = \"1.0.229\"\nsource = \"registry+https://github.com/rust-lang/crates.io-index\"\nchecksum = \"4148590afebada386688f18773da617792bf2ef03ffc1e4cbd2b1d45b023e0ba\"\ndependencies = [\n \"serde_core\",\n \"serde_derive\",\n]\n\n[[package]]\nname = \"serde_core\"\nversion = \"1.0.229\"\nsource = \"registry+https://github.com/rust-lang/crates.io-index\"\nchecksum = \"67dca2c9c51e58a4791a4b1ed58308b39c64224d349a935ab5039aa360942a48\"\ndependencies = [\n \"serde_derive\",\n]\n\n[[package]]\nname = \"serde_derive\"\nversion = \"1.0.229\"\nsource = \"registry+https://github.com/rust-lang/crates.io-index\"\nchecksum = \"e7a5d71263a5a7d47b41f6b3f06ba276f10cc18b0931f1799f710578e2309348\"\ndependencies = [\n \"proc-macro2\",\n \"quote\",\n \"syn 3.0.3\",\n]\n\n[[package]]\nname = \"serde_derive_internals\"\nversion = \"0.30.0\"\nsource = \"registry+https://github.com/rust-lang/crates.io-index\"\nchecksum = \"f852137cce035d6a4df67ccce505ff6b3e9fd3a10e3e52b24dc71e650bb1a9bd\"\ndependencies = [\n \"proc-macro2\",\n \"quote\",\n \"syn 3.0.3\",\n]\n\n[[package]]\nname = \"serde_json\"\nversion = \"1.0.151\"\nsource = \"registry+https://github.com/rust-lang/crates.io-index\"\nchecksum = \"c841b55ecdae098c80dcae9cf767f6f8a0c2cdb3416bbef72181df4d0fe73f14\"\ndependencies = [\n \"indexmap\",\n \"itoa\",\n \"memchr\",\n \"serde\",\n \"serde_core\",\n \"zmij\",\n]\n\n[[package]]\nname = \"serde_path_to_error\"\nversion = \"0.1.20\"\nsource = \"registry+https://github.com/rust-lang/crates.io-index\"\nchecksum = \"10a9ff822e371bb5403e391ecd83e182e0e77ba7f6fe0160b795797109d1b457\"\ndependencies = [\n \"itoa\",\n \"serde\",\n \"serde_core\",\n]\n\n[[package]]\nname = \"serde_spanned\"\nversion = \"1.1.1\"\nsource = \"registry+https://github.com/rust-lang/crates.io-index\"\nchecksum = \"6662b5879511e06e8999a8a235d848113e942c9124f211511b16466ee2995f26\"\ndependencies = [\n \"serde_core\",\n]\n\n[[package]]\nname = \"serde_urlencoded\"\nversion = \"0.7.1\"\nsource = \"registry+https://github.com/rust-lang/crates.io-index\"\nchecksum = \"d3491c14715ca2294c4d6a88f15e84739788c1d030eed8c110436aafdaa2f3fd\"\ndependencies = [\n \"form_urlencoded\",\n \"itoa\",\n \"ryu\",\n \"serde\",\n]\n\n[[package]]\nname = \"sha2\"\nversion = \"0.11.0\"\nsource = \"registry+https://github.com/rust-lang/crates.io-index\"\nchecksum = \"446ba717509524cb3f22f17ecc096f10f4822d76ab5c0b9822c5f9c284e825f4\"\ndependencies = [\n \"cfg-if\",\n \"cpufeatures\",\n \"digest\",\n]\n\n[[package]]\nname = \"sharded-slab\"\nversion = \"0.1.7\"\nsource = \"registry+https://github.com/rust-lang/crates.io-index\"\nchecksum = \"f40ca3c46823713e0d4209592e8d6e826aa57e928f09752619fc696c499637f6\"\ndependencies = [\n \"lazy_static\",\n]\n\n[[package]]\nname = \"shlex\"\nversion = \"2.0.1\"\nsource = \"registry+https://github.com/rust-lang/crates.io-index\"\nchecksum = \"f8fadd59c855ef2080decdef8ff161eb6661b86933c9d82e5ba29dc602a55aba\"\n\n[[package]]\nname = \"signal-hook-registry\"\nversion = \"1.4.8\"\nsource = \"registry+https://github.com/rust-lang/crates.io-index\"\nchecksum = \"c4db69cba1110affc0e9f7bcd48bbf87b3f4fc7c61fc9155afd4c469eb3d6c1b\"\ndependencies = [\n \"errno\",\n \"libc\",\n]\n\n[[package]]\nname = \"simd_cesu8\"\nversion = \"1.2.0\"\nsource = \"registry+https://github.com/rust-lang/crates.io-index\"\nchecksum = \"11031e251abf8611c80f460e19dbdeb54a66db918e49c65a7065b46ac7aec520\"\ndependencies = [\n \"rustc_version\",\n \"simdutf8\",\n]\n\n[[package]]\nname = \"simdutf8\"\nversion = \"0.1.5\"\nsource = \"registry+https://github.com/rust-lang/crates.io-index\"\nchecksum = \"e3a9fe34e3e7a50316060351f37187a3f546bce95496156754b601a5fa71b76e\"\n\n[[package]]\nname = \"sketches-ddsketch\"\nversion = \"0.3.1\"\nsource = \"registry+https://github.com/rust-lang/crates.io-index\"\nchecksum = \"0c6f73aeb92d671e0cc4dca167e59b2deb6387c375391bc99ee743f326994a2b\"\n\n[[package]]\nname = \"slab\"\nversion = \"0.4.12\"\nsource = \"registry+https://github.com/rust-lang/crates.io-index\"\nchecksum = \"0c790de23124f9ab44544d7ac05d60440adc586479ce501c1d6d7da3cd8c9cf5\"\n\n[[package]]\nname = \"smallvec\"\nversion = \"1.15.2\"\nsource = \"registry+https://github.com/rust-lang/crates.io-index\"\nchecksum = \"8ed6a63f02c8539c91a8685a86f4099661ba3da017932f6ebbea6de3f0fa7c90\"\n\n[[package]]\nname = \"socket2\"\nversion = \"0.6.5\"\nsource = \"registry+https://github.com/rust-lang/crates.io-index\"\nchecksum = \"c3d1e2c7f27f8d4cb10542a02c49005dbd6e93095799d6f3be745fae9f8fedd4\"\ndependencies = [\n \"libc\",\n \"windows-sys 0.61.2\",\n]\n\n[[package]]\nname = \"sse-stream\"\nversion = \"0.2.5\"\nsource = \"registry+https://github.com/rust-lang/crates.io-index\"\nchecksum = \"c123f296ade4ec4b8b0f6162116e6629f5146922ca5ab40ca9d3c2e73ab4761e\"\ndependencies = [\n \"bytes\",\n \"futures-util\",\n \"http-body\",\n \"http-body-util\",\n \"pin-project-lite\",\n]\n\n[[package]]\nname = \"stable_deref_trait\"\nversion = \"1.2.1\"\nsource = \"registry+https://github.com/rust-lang/crates.io-index\"\nchecksum = \"6ce2be8dc25455e1f91df71bfa12ad37d7af1092ae736f3a6cd0e37bc7810596\"\n\n[[package]]\nname = \"strsim\"\nversion = \"0.11.1\"\nsource = \"registry+https://github.com/rust-lang/crates.io-index\"\nchecksum = \"7da8b5736845d9f2fcb837ea5d9e2628564b3b043a70948a3f0b778838c5fb4f\"\n\n[[package]]\nname = \"subtle\"\nversion = \"2.6.1\"\nsource = \"registry+https://github.com/rust-lang/crates.io-index\"\nchecksum = \"13c2bddecc57b384dee18652358fb23172facb8a2c51ccc10d74c157bdea3292\"\n\n[[package]]\nname = \"syn\"\nversion = \"2.0.119\"\nsource = \"registry+https://github.com/rust-lang/crates.io-index\"\nchecksum = \"872831b642d1a07999a962a351ed35b955ea2cfc8f3862091e2a240a84f17297\"\ndependencies = [\n \"proc-macro2\",\n \"quote\",\n \"unicode-ident\",\n]\n\n[[package]]\nname = \"syn\"\nversion = \"3.0.3\"\nsource = \"registry+https://github.com/rust-lang/crates.io-index\"\nchecksum = \"53e9bae58849f64dfa4f5d5ae372c8341f7305f82a3868709269343628b659a3\"\ndependencies = [\n \"proc-macro2\",\n \"quote\",\n \"unicode-ident\",\n]\n\n[[package]]\nname = \"sync_wrapper\"\nversion = \"1.0.2\"\nsource = \"registry+https://github.com/rust-lang/crates.io-index\"\nchecksum = \"0bf256ce5efdfa370213c1dabab5935a12e49f2c58d15e9eac2870d3b4f27263\"\ndependencies = [\n \"futures-core\",\n]\n\n[[package]]\nname = \"synstructure\"\nversion = \"0.13.2\"\nsource = \"registry+https://github.com/rust-lang/crates.io-index\"\nchecksum = \"728a70f3dbaf5bab7f0c4b1ac8d7ae5ea60a4b5549c8a5914361c99147a709d2\"\ndependencies = [\n \"proc-macro2\",\n \"quote\",\n \"syn 2.0.119\",\n]\n\n[[package]]\nname = \"tempfile\"\nversion = \"3.27.0\"\nsource = \"registry+https://github.com/rust-lang/crates.io-index\"\nchecksum = \"32497e9a4c7b38532efcdebeef879707aa9f794296a4f0244f6f69e9bc8574bd\"\ndependencies = [\n \"fastrand\",\n \"getrandom 0.4.3\",\n \"once_cell\",\n \"rustix 1.1.4\",\n \"windows-sys 0.61.2\",\n]\n\n[[package]]\nname = \"thiserror\"\nversion = \"2.0.19\"\nsource = \"registry+https://github.com/rust-lang/crates.io-index\"\nchecksum = \"09a43598840e33d5b0331f38c5e30d13bb11c11210a4b58f0d9b18a5a5eefcd9\"\ndependencies = [\n \"thiserror-impl\",\n]\n\n[[package]]\nname = \"thiserror-impl\"\nversion = \"2.0.19\"\nsource = \"registry+https://github.com/rust-lang/crates.io-index\"\nchecksum = \"43cbfe0cf76104d42a574802844187e84a305e531ed54455f11fbde0f10541cd\"\ndependencies = [\n \"proc-macro2\",\n \"quote\",\n \"syn 3.0.3\",\n]\n\n[[package]]\nname = \"thread_local\"\nversion = \"1.1.10\"\nsource = \"registry+https://github.com/rust-lang/crates.io-index\"\nchecksum = \"1ad99c4c6d32803332c548b1af0540b357b3f5fc0be8f6c6bfe8b2e6ae784070\"\ndependencies = [\n \"cfg-if\",\n]\n\n[[package]]\nname = \"time\"\nversion = \"0.3.55\"\nsource = \"registry+https://github.com/rust-lang/crates.io-index\"\nchecksum = \"cdb87b95ec50ddfa440816d227a17b2ccbdda963a316a727fda0fc4334f7d134\"\ndependencies = [\n \"deranged\",\n \"num-conv\",\n \"powerfmt\",\n \"serde_core\",\n \"time-core\",\n \"time-macros\",\n]\n\n[[package]]\nname = \"time-core\"\nversion = \"0.1.9\"\nsource = \"registry+https://github.com/rust-lang/crates.io-index\"\nchecksum = \"9e1c906769ad99c88eaa54e728060edef082f8e358ff32030cb7c7d315e81109\"\n\n[[package]]\nname = \"time-macros\"\nversion = \"0.2.32\"\nsource = \"registry+https://github.com/rust-lang/crates.io-index\"\nchecksum = \"7e689342a48d2ea927c87ea50cabf8594854bf940e9310208848d680d668ed85\"\ndependencies = [\n \"num-conv\",\n \"time-core\",\n]\n\n[[package]]\nname = \"tinystr\"\nversion = \"0.8.3\"\nsource = \"registry+https://github.com/rust-lang/crates.io-index\"\nchecksum = \"c8323304221c2a851516f22236c5722a72eaa19749016521d6dff0824447d96d\"\ndependencies = [\n \"displaydoc\",\n \"zerovec\",\n]\n\n[[package]]\nname = \"tokio\"\nversion = \"1.53.1\"\nsource = \"registry+https://github.com/rust-lang/crates.io-index\"\nchecksum = \"202caea871b69668250d242070849eb495be178ed697a3e98aebce5bc81a0bed\"\ndependencies = [\n \"bytes\",\n \"libc\",\n \"mio\",\n \"parking_lot\",\n \"pin-project-lite\",\n \"signal-hook-registry\",\n \"socket2\",\n \"tokio-macros\",\n \"windows-sys 0.61.2\",\n]\n\n[[package]]\nname = \"tokio-macros\"\nversion = \"2.7.2\"\nsource = \"registry+https://github.com/rust-lang/crates.io-index\"\nchecksum = \"78773a2a397f451582ce068015985c33193cf6dea8b74d2a639fe457b2f07b0e\"\ndependencies = [\n \"proc-macro2\",\n \"quote\",\n \"syn 3.0.3\",\n]\n\n[[package]]\nname = \"tokio-rustls\"\nversion = \"0.26.4\"\nsource = \"registry+https://github.com/rust-lang/crates.io-index\"\nchecksum = \"1729aa945f29d91ba541258c8df89027d5792d85a8841fb65e8bf0f4ede4ef61\"\ndependencies = [\n \"rustls\",\n \"tokio\",\n]\n\n[[package]]\nname = \"tokio-stream\"\nversion = \"0.1.19\"\nsource = \"registry+https://github.com/rust-lang/crates.io-index\"\nchecksum = \"a3d06f0b082ba57c26b79407372e57cf2a1e28124f78e9479fe80322cf53420b\"\ndependencies = [\n \"futures-core\",\n \"pin-project-lite\",\n \"tokio\",\n]\n\n[[package]]\nname = \"tokio-util\"\nversion = \"0.7.19\"\nsource = \"registry+https://github.com/rust-lang/crates.io-index\"\nchecksum = \"494815d09bf52b5548659851081238f0ca39ff638363907596da739561c62c52\"\ndependencies = [\n \"bytes\",\n \"futures-core\",\n \"futures-sink\",\n \"futures-util\",\n \"libc\",\n \"pin-project-lite\",\n \"tokio\",\n]\n\n[[package]]\nname = \"toml\"\nversion = \"1.1.4+spec-1.1.0\"\nsource = \"registry+https://github.com/rust-lang/crates.io-index\"\nchecksum = \"3aace63f4bbcdfc2c965b059de67119c89c4017a70d633be6c104910f67056f5\"\ndependencies = [\n \"serde_core\",\n \"serde_spanned\",\n \"toml_datetime\",\n \"toml_parser\",\n \"winnow\",\n]\n\n[[package]]\nname = \"toml_datetime\"\nversion = \"1.1.1+spec-1.1.0\"\nsource = \"registry+https://github.com/rust-lang/crates.io-index\"\nchecksum = \"3165f65f62e28e0115a00b2ebdd37eb6f3b641855f9d636d3cd4103767159ad7\"\ndependencies = [\n \"serde_core\",\n]\n\n[[package]]\nname = \"toml_parser\"\nversion = \"1.1.3+spec-1.1.0\"\nsource = \"registry+https://github.com/rust-lang/crates.io-index\"\nchecksum = \"1d38ac1cf9b95face32296c0a3ede1fdc270627c9d9c02a7274dd6d960dc4d56\"\ndependencies = [\n \"winnow\",\n]\n\n[[package]]\nname = \"tower\"\nversion = \"0.5.3\"\nsource = \"registry+https://github.com/rust-lang/crates.io-index\"\nchecksum = \"ebe5ef63511595f1344e2d5cfa636d973292adc0eec1f0ad45fae9f0851ab1d4\"\ndependencies = [\n \"futures-core\",\n \"futures-util\",\n \"pin-project-lite\",\n \"sync_wrapper\",\n \"tokio\",\n \"tower-layer\",\n \"tower-service\",\n \"tracing\",\n]\n\n[[package]]\nname = \"tower-http\"\nversion = \"0.6.11\"\nsource = \"registry+https://github.com/rust-lang/crates.io-index\"\nchecksum = \"4cfcf7e2740e6fc6d4d688b4ef00650406bb94adf4731e43c096c3a19fe40840\"\ndependencies = [\n \"bitflags\",\n \"bytes\",\n \"futures-util\",\n \"http\",\n \"http-body\",\n \"http-body-util\",\n \"pin-project-lite\",\n \"tower\",\n \"tower-layer\",\n \"tower-service\",\n \"url\",\n]\n\n[[package]]\nname = \"tower-layer\"\nversion = \"0.3.3\"\nsource = \"registry+https://github.com/rust-lang/crates.io-index\"\nchecksum = \"121c2a6cda46980bb0fcd1647ffaf6cd3fc79a013de288782836f6df9c48780e\"\n\n[[package]]\nname = \"tower-service\"\nversion = \"0.3.3\"\nsource = \"registry+https://github.com/rust-lang/crates.io-index\"\nchecksum = \"8df9b6e13f2d32c91b9bd719c00d1958837bc7dec474d94952798cc8e69eeec3\"\n\n[[package]]\nname = \"tracing\"\nversion = \"0.1.44\"\nsource = \"registry+https://github.com/rust-lang/crates.io-index\"\nchecksum = \"63e71662fa4b2a2c3a26f570f037eb95bb1f85397f3cd8076caed2f026a6d100\"\ndependencies = [\n \"log\",\n \"pin-project-lite\",\n \"tracing-attributes\",\n \"tracing-core\",\n]\n\n[[package]]\nname = \"tracing-attributes\"\nversion = \"0.1.31\"\nsource = \"registry+https://github.com/rust-lang/crates.io-index\"\nchecksum = \"7490cfa5ec963746568740651ac6781f701c9c5ea257c58e057f3ba8cf69e8da\"\ndependencies = [\n \"proc-macro2\",\n \"quote\",\n \"syn 2.0.119\",\n]\n\n[[package]]\nname = \"tracing-core\"\nversion = \"0.1.36\"\nsource = \"registry+https://github.com/rust-lang/crates.io-index\"\nchecksum = \"db97caf9d906fbde555dd62fa95ddba9eecfd14cb388e4f491a66d74cd5fb79a\"\ndependencies = [\n \"once_cell\",\n \"valuable\",\n]\n\n[[package]]\nname = \"tracing-journald\"\nversion = \"0.3.2\"\nsource = \"registry+https://github.com/rust-lang/crates.io-index\"\nchecksum = \"2d3a81ed245bfb62592b1e2bc153e77656d94ee6a0497683a65a12ccaf2438d0\"\ndependencies = [\n \"libc\",\n \"tracing-core\",\n \"tracing-subscriber\",\n]\n\n[[package]]\nname = \"tracing-log\"\nversion = \"0.2.0\"\nsource = \"registry+https://github.com/rust-lang/crates.io-index\"\nchecksum = \"ee855f1f400bd0e5c02d150ae5de3840039a3f54b025156404e34c23c03f47c3\"\ndependencies = [\n \"log\",\n \"once_cell\",\n \"tracing-core\",\n]\n\n[[package]]\nname = \"tracing-serde\"\nversion = \"0.2.0\"\nsource = \"registry+https://github.com/rust-lang/crates.io-index\"\nchecksum = \"704b1aeb7be0d0a84fc9828cae51dab5970fee5088f83d1dd7ee6f6246fc6ff1\"\ndependencies = [\n \"serde\",\n \"tracing-core\",\n]\n\n[[package]]\nname = \"tracing-subscriber\"\nversion = \"0.3.23\"\nsource = \"registry+https://github.com/rust-lang/crates.io-index\"\nchecksum = \"cb7f578e5945fb242538965c2d0b04418d38ec25c79d160cd279bf0731c8d319\"\ndependencies = [\n \"matchers\",\n \"nu-ansi-term\",\n \"once_cell\",\n \"regex-automata\",\n \"serde\",\n \"serde_json\",\n \"sharded-slab\",\n \"smallvec\",\n \"thread_local\",\n \"tracing\",\n \"tracing-core\",\n \"tracing-log\",\n \"tracing-serde\",\n]\n\n[[package]]\nname = \"try-lock\"\nversion = \"0.2.5\"\nsource = \"registry+https://github.com/rust-lang/crates.io-index\"\nchecksum = \"e421abadd41a4225275504ea4d6566923418b7f05506fbc9c0fe86ba7396114b\"\n\n[[package]]\nname = \"typenum\"\nversion = \"1.20.1\"\nsource = \"registry+https://github.com/rust-lang/crates.io-index\"\nchecksum = \"b6f5e870be6c3b371b77fe0ee0bafb859fa4964b4404c27de1d380043c4dda20\"\n\n[[package]]\nname = \"unicode-ident\"\nversion = \"1.0.24\"\nsource = \"registry+https://github.com/rust-lang/crates.io-index\"\nchecksum = \"e6e4313cd5fcd3dad5cafa179702e2b244f760991f45397d14d4ebf38247da75\"\n\n[[package]]\nname = \"untrusted\"\nversion = \"0.9.0\"\nsource = \"registry+https://github.com/rust-lang/crates.io-index\"\nchecksum = \"8ecb6da28b8a351d773b68d5825ac39017e680750f980f3a1a85cd8dd28a47c1\"\n\n[[package]]\nname = \"ureq\"\nversion = \"3.3.0\"\nsource = \"registry+https://github.com/rust-lang/crates.io-index\"\nchecksum = \"dea7109cdcd5864d4eeb1b58a1648dc9bf520360d7af16ec26d0a9354bafcfc0\"\ndependencies = [\n \"base64 0.22.1\",\n \"cookie_store\",\n \"log\",\n \"percent-encoding\",\n \"serde\",\n \"serde_json\",\n \"ureq-proto\",\n \"utf8-zero\",\n]\n\n[[package]]\nname = \"ureq-proto\"\nversion = \"0.6.0\"\nsource = \"registry+https://github.com/rust-lang/crates.io-index\"\nchecksum = \"e994ba84b0bd1b1b0cf92878b7ef898a5c1760108fe7b6010327e274917a808c\"\ndependencies = [\n \"base64 0.22.1\",\n \"http\",\n \"httparse\",\n \"log\",\n]\n\n[[package]]\nname = \"url\"\nversion = \"2.5.8\"\nsource = \"registry+https://github.com/rust-lang/crates.io-index\"\nchecksum = \"ff67a8a4397373c3ef660812acab3268222035010ab8680ec4215f38ba3d0eed\"\ndependencies = [\n \"form_urlencoded\",\n \"idna\",\n \"percent-encoding\",\n \"serde\",\n]\n\n[[package]]\nname = \"utf8-zero\"\nversion = \"0.8.1\"\nsource = \"registry+https://github.com/rust-lang/crates.io-index\"\nchecksum = \"b8c0a043c9540bae7c578c88f91dda8bd82e59ae27c21baca69c8b191aaf5a6e\"\n\n[[package]]\nname = \"utf8_iter\"\nversion = \"1.0.4\"\nsource = \"registry+https://github.com/rust-lang/crates.io-index\"\nchecksum = \"b6c140620e7ffbb22c2dee59cafe6084a59b5ffc27a8859a5f0d494b5d52b6be\"\n\n[[package]]\nname = \"utf8parse\"\nversion = \"0.2.2\"\nsource = \"registry+https://github.com/rust-lang/crates.io-index\"\nchecksum = \"06abde3611657adf66d383f00b093d7faecc7fa57071cce2578660c9f1010821\"\n\n[[package]]\nname = \"uuid\"\nversion = \"1.24.0\"\nsource = \"registry+https://github.com/rust-lang/crates.io-index\"\nchecksum = \"bf3923a6f5c4c6382e0b653c4117f48d631ea17f38ed86e2a828e6f7412f5239\"\ndependencies = [\n \"getrandom 0.4.3\",\n \"js-sys\",\n \"wasm-bindgen\",\n]\n\n[[package]]\nname = \"valuable\"\nversion = \"0.1.1\"\nsource = \"registry+https://github.com/rust-lang/crates.io-index\"\nchecksum = \"ba73ea9cf16a25df0c8caa16c51acb937d5712a8429db78a3ee29d5dcacd3a65\"\n\n[[package]]\nname = \"version_check\"\nversion = \"0.9.5\"\nsource = \"registry+https://github.com/rust-lang/crates.io-index\"\nchecksum = \"0b928f33d975fc6ad9f86c8f283853ad26bdd5b10b7f1542aa2fa15e2289105a\"\n\n[[package]]\nname = \"walkdir\"\nversion = \"2.5.0\"\nsource = \"registry+https://github.com/rust-lang/crates.io-index\"\nchecksum = \"29790946404f91d9c5d06f9874efddea1dc06c5efe94541a7d6863108e3a5e4b\"\ndependencies = [\n \"same-file\",\n \"winapi-util\",\n]\n\n[[package]]\nname = \"want\"\nversion = \"0.3.1\"\nsource = \"registry+https://github.com/rust-lang/crates.io-index\"\nchecksum = \"bfa7760aed19e106de2c7c0b581b509f2f25d3dacaf737cb82ac61bc6d760b0e\"\ndependencies = [\n \"try-lock\",\n]\n\n[[package]]\nname = \"wasi\"\nversion = \"0.11.1+wasi-snapshot-preview1\"\nsource = \"registry+https://github.com/rust-lang/crates.io-index\"\nchecksum = \"ccf3ec651a847eb01de73ccad15eb7d99f80485de043efb2f370cd654f4ea44b\"\n\n[[package]]\nname = \"wasip2\"\nversion = \"1.0.4+wasi-0.2.12\"\nsource = \"registry+https://github.com/rust-lang/crates.io-index\"\nchecksum = \"b67efb37e106e55ce722a510d6b5f9c17f083e5fc79afc2badeb12cc313d9487\"\ndependencies = [\n \"wit-bindgen\",\n]\n\n[[package]]\nname = \"wasm-bindgen\"\nversion = \"0.2.126\"\nsource = \"registry+https://github.com/rust-lang/crates.io-index\"\nchecksum = \"4b067c0c11094aef6b7a801c1e34a26affafdf3d051dba08456b868789aaf9a4\"\ndependencies = [\n \"cfg-if\",\n \"once_cell\",\n \"rustversion\",\n \"wasm-bindgen-macro\",\n \"wasm-bindgen-shared\",\n]\n\n[[package]]\nname = \"wasm-bindgen-futures\"\nversion = \"0.4.76\"\nsource = \"registry+https://github.com/rust-lang/crates.io-index\"\nchecksum = \"c62df1340f32221cb9c54d6a27b030e3dba64361d4a95bed55f9aacb44da291d\"\ndependencies = [\n \"js-sys\",\n \"wasm-bindgen\",\n]\n\n[[package]]\nname = \"wasm-bindgen-macro\"\nversion = \"0.2.126\"\nsource = \"registry+https://github.com/rust-lang/crates.io-index\"\nchecksum = \"167ce5e579f6bcf889c4f7175a8a5a585de84e8ff93976ce393efa5f2837aab1\"\ndependencies = [\n \"quote\",\n \"wasm-bindgen-macro-support\",\n]\n\n[[package]]\nname = \"wasm-bindgen-macro-support\"\nversion = \"0.2.126\"\nsource = \"registry+https://github.com/rust-lang/crates.io-index\"\nchecksum = \"f3997c7839262f4ef12cf90b818d6340c18e80f263f1a94bf157d0ec4420380e\"\ndependencies = [\n \"bumpalo\",\n \"proc-macro2\",\n \"quote\",\n \"syn 2.0.119\",\n \"wasm-bindgen-shared\",\n]\n\n[[package]]\nname = \"wasm-bindgen-shared\"\nversion = \"0.2.126\"\nsource = \"registry+https://github.com/rust-lang/crates.io-index\"\nchecksum = \"dc1b4cb0cc549fcf58d7dfc081778139b3d283a081644e833e84682ad71cea24\"\ndependencies = [\n \"unicode-ident\",\n]\n\n[[package]]\nname = \"wasm-streams\"\nversion = \"0.5.0\"\nsource = \"registry+https://github.com/rust-lang/crates.io-index\"\nchecksum = \"9d1ec4f6517c9e11ae630e200b2b65d193279042e28edd4a2cda233e46670bbb\"\ndependencies = [\n \"futures-util\",\n \"js-sys\",\n \"wasm-bindgen\",\n \"wasm-bindgen-futures\",\n \"web-sys\",\n]\n\n[[package]]\nname = \"web-sys\"\nversion = \"0.3.103\"\nsource = \"registry+https://github.com/rust-lang/crates.io-index\"\nchecksum = \"8622dcb61c0bcc9fffa6938bed81210af2da9a7e4a1a834b2e37a59b6dfb6141\"\ndependencies = [\n \"js-sys\",\n \"wasm-bindgen\",\n]\n\n[[package]]\nname = \"webpki-root-certs\"\nversion = \"1.0.9\"\nsource = \"registry+https://github.com/rust-lang/crates.io-index\"\nchecksum = \"b96554aa2acc8ccdb7e1c9a58a7a68dd5d13bccc69cd124cb09406db612a1c9b\"\ndependencies = [\n \"rustls-pki-types\",\n]\n\n[[package]]\nname = \"winapi\"\nversion = \"0.3.9\"\nsource = \"registry+https://github.com/rust-lang/crates.io-index\"\nchecksum = \"5c839a674fcd7a98952e593242ea400abe93992746761e38641405d28b00f419\"\ndependencies = [\n \"winapi-i686-pc-windows-gnu\",\n \"winapi-x86_64-pc-windows-gnu\",\n]\n\n[[package]]\nname = \"winapi-i686-pc-windows-gnu\"\nversion = \"0.4.0\"\nsource = \"registry+https://github.com/rust-lang/crates.io-index\"\nchecksum = \"ac3b87c63620426dd9b991e5ce0329eff545bccbbb34f3be09ff6fb6ab51b7b6\"\n\n[[package]]\nname = \"winapi-util\"\nversion = \"0.1.11\"\nsource = \"registry+https://github.com/rust-lang/crates.io-index\"\nchecksum = \"c2a7b1c03c876122aa43f3020e6c3c3ee5c05081c9a00739faf7503aeba10d22\"\ndependencies = [\n \"windows-sys 0.61.2\",\n]\n\n[[package]]\nname = \"winapi-x86_64-pc-windows-gnu\"\nversion = \"0.4.0\"\nsource = \"registry+https://github.com/rust-lang/crates.io-index\"\nchecksum = \"712e227841d057c1ee1cd2fb22fa7e5a5461ae8e48fa2ca79ec42cfc1931183f\"\n\n[[package]]\nname = \"windows-core\"\nversion = \"0.62.2\"\nsource = \"registry+https://github.com/rust-lang/crates.io-index\"\nchecksum = \"b8e83a14d34d0623b51dce9581199302a221863196a1dde71a7663a4c2be9deb\"\ndependencies = [\n \"windows-implement\",\n \"windows-interface\",\n \"windows-link\",\n \"windows-result\",\n \"windows-strings\",\n]\n\n[[package]]\nname = \"windows-implement\"\nversion = \"0.60.2\"\nsource = \"registry+https://github.com/rust-lang/crates.io-index\"\nchecksum = \"053e2e040ab57b9dc951b72c264860db7eb3b0200ba345b4e4c3b14f67855ddf\"\ndependencies = [\n \"proc-macro2\",\n \"quote\",\n \"syn 2.0.119\",\n]\n\n[[package]]\nname = \"windows-interface\"\nversion = \"0.59.3\"\nsource = \"registry+https://github.com/rust-lang/crates.io-index\"\nchecksum = \"3f316c4a2570ba26bbec722032c4099d8c8bc095efccdc15688708623367e358\"\ndependencies = [\n \"proc-macro2\",\n \"quote\",\n \"syn 2.0.119\",\n]\n\n[[package]]\nname = \"windows-link\"\nversion = \"0.2.1\"\nsource = \"registry+https://github.com/rust-lang/crates.io-index\"\nchecksum = \"f0805222e57f7521d6a62e36fa9163bc891acd422f971defe97d64e70d0a4fe5\"\n\n[[package]]\nname = \"windows-result\"\nversion = \"0.4.1\"\nsource = \"registry+https://github.com/rust-lang/crates.io-index\"\nchecksum = \"7781fa89eaf60850ac3d2da7af8e5242a5ea78d1a11c49bf2910bb5a73853eb5\"\ndependencies = [\n \"windows-link\",\n]\n\n[[package]]\nname = \"windows-strings\"\nversion = \"0.5.1\"\nsource = \"registry+https://github.com/rust-lang/crates.io-index\"\nchecksum = \"7837d08f69c77cf6b07689544538e017c1bfcf57e34b4c0ff58e6c2cd3b37091\"\ndependencies = [\n \"windows-link\",\n]\n\n[[package]]\nname = \"windows-sys\"\nversion = \"0.52.0\"\nsource = \"registry+https://github.com/rust-lang/crates.io-index\"\nchecksum = \"282be5f36a8ce781fad8c8ae18fa3f9beff57ec1b52cb3de0789201425d9a33d\"\ndependencies = [\n \"windows-targets\",\n]\n\n[[package]]\nname = \"windows-sys\"\nversion = \"0.59.0\"\nsource = \"registry+https://github.com/rust-lang/crates.io-index\"\nchecksum = \"1e38bc4d79ed67fd075bcc251a1c39b32a1776bbe92e5bef1f0bf1f8c531853b\"\ndependencies = [\n \"windows-targets\",\n]\n\n[[package]]\nname = \"windows-sys\"\nversion = \"0.61.2\"\nsource = \"registry+https://github.com/rust-lang/crates.io-index\"\nchecksum = \"ae137229bcbd6cdf0f7b80a31df61766145077ddf49416a728b02cb3921ff3fc\"\ndependencies = [\n \"windows-link\",\n]\n\n[[package]]\nname = \"windows-targets\"\nversion = \"0.52.6\"\nsource = \"registry+https://github.com/rust-lang/crates.io-index\"\nchecksum = \"9b724f72796e036ab90c1021d4780d4d3d648aca59e491e6b98e725b84e99973\"\ndependencies = [\n \"windows_aarch64_gnullvm\",\n \"windows_aarch64_msvc\",\n \"windows_i686_gnu\",\n \"windows_i686_gnullvm\",\n \"windows_i686_msvc\",\n \"windows_x86_64_gnu\",\n \"windows_x86_64_gnullvm\",\n \"windows_x86_64_msvc\",\n]\n\n[[package]]\nname = \"windows_aarch64_gnullvm\"\nversion = \"0.52.6\"\nsource = \"registry+https://github.com/rust-lang/crates.io-index\"\nchecksum = \"32a4622180e7a0ec044bb555404c800bc9fd9ec262ec147edd5989ccd0c02cd3\"\n\n[[package]]\nname = \"windows_aarch64_msvc\"\nversion = \"0.52.6\"\nsource = \"registry+https://github.com/rust-lang/crates.io-index\"\nchecksum = \"09ec2a7bb152e2252b53fa7803150007879548bc709c039df7627cabbd05d469\"\n\n[[package]]\nname = \"windows_i686_gnu\"\nversion = \"0.52.6\"\nsource = \"registry+https://github.com/rust-lang/crates.io-index\"\nchecksum = \"8e9b5ad5ab802e97eb8e295ac6720e509ee4c243f69d781394014ebfe8bbfa0b\"\n\n[[package]]\nname = \"windows_i686_gnullvm\"\nversion = \"0.52.6\"\nsource = \"registry+https://github.com/rust-lang/crates.io-index\"\nchecksum = \"0eee52d38c090b3caa76c563b86c3a4bd71ef1a819287c19d586d7334ae8ed66\"\n\n[[package]]\nname = \"windows_i686_msvc\"\nversion = \"0.52.6\"\nsource = \"registry+https://github.com/rust-lang/crates.io-index\"\nchecksum = \"240948bc05c5e7c6dabba28bf89d89ffce3e303022809e73deaefe4f6ec56c66\"\n\n[[package]]\nname = \"windows_x86_64_gnu\"\nversion = \"0.52.6\"\nsource = \"registry+https://github.com/rust-lang/crates.io-index\"\nchecksum = \"147a5c80aabfbf0c7d901cb5895d1de30ef2907eb21fbbab29ca94c5b08b1a78\"\n\n[[package]]\nname = \"windows_x86_64_gnullvm\"\nversion = \"0.52.6\"\nsource = \"registry+https://github.com/rust-lang/crates.io-index\"\nchecksum = \"24d5b23dc417412679681396f2b49f3de8c1473deb516bd34410872eff51ed0d\"\n\n[[package]]\nname = \"windows_x86_64_msvc\"\nversion = \"0.52.6\"\nsource = \"registry+https://github.com/rust-lang/crates.io-index\"\nchecksum = \"589f6da84c646204747d1270a2a5661ea66ed1cced2631d546fdfb155959f9ec\"\n\n[[package]]\nname = \"winnow\"\nversion = \"1.0.4\"\nsource = \"registry+https://github.com/rust-lang/crates.io-index\"\nchecksum = \"23b97319f7b8343df12cc98938e5c3eb436064524c8d2b4e30a1d3a36eecdf81\"\n\n[[package]]\nname = \"wit-bindgen\"\nversion = \"0.57.1\"\nsource = \"registry+https://github.com/rust-lang/crates.io-index\"\nchecksum = \"1ebf944e87a7c253233ad6766e082e3cd714b5d03812acc24c318f549614536e\"\n\n[[package]]\nname = \"writeable\"\nversion = \"0.6.3\"\nsource = \"registry+https://github.com/rust-lang/crates.io-index\"\nchecksum = \"1ffae5123b2d3fc086436f8834ae3ab053a283cfac8fe0a0b8eaae044768a4c4\"\n\n[[package]]\nname = \"yoke\"\nversion = \"0.8.3\"\nsource = \"registry+https://github.com/rust-lang/crates.io-index\"\nchecksum = \"709fe23a0424b6a435d82152b1bd3fdfb0833487d5fa90d05d42762a9891fef5\"\ndependencies = [\n \"stable_deref_trait\",\n \"yoke-derive\",\n \"zerofrom\",\n]\n\n[[package]]\nname = \"yoke-derive\"\nversion = \"0.8.2\"\nsource = \"registry+https://github.com/rust-lang/crates.io-index\"\nchecksum = \"de844c262c8848816172cef550288e7dc6c7b7814b4ee56b3e1553f275f1858e\"\ndependencies = [\n \"proc-macro2\",\n \"quote\",\n \"syn 2.0.119\",\n \"synstructure\",\n]\n\n[[package]]\nname = \"zerocopy\"\nversion = \"0.8.55\"\nsource = \"registry+https://github.com/rust-lang/crates.io-index\"\nchecksum = \"b5a105cd7b140f6eeec8acff2ea38135d3cab283ada58540f629fe51e46696eb\"\ndependencies = [\n \"zerocopy-derive\",\n]\n\n[[package]]\nname = \"zerocopy-derive\"\nversion = \"0.8.55\"\nsource = \"registry+https://github.com/rust-lang/crates.io-index\"\nchecksum = \"0fe976fb70c78cd64cccfe3a6fc142244e8a77b70959b30faf9d0ac37ee228eb\"\ndependencies = [\n \"proc-macro2\",\n \"quote\",\n \"syn 2.0.119\",\n]\n\n[[package]]\nname = \"zerofrom\"\nversion = \"0.1.8\"\nsource = \"registry+https://github.com/rust-lang/crates.io-index\"\nchecksum = \"0ec05a11813ea801ff6d75110ad09cd0824ddba17dfe17128ea0d5f68e6c5272\"\ndependencies = [\n \"zerofrom-derive\",\n]\n\n[[package]]\nname = \"zerofrom-derive\"\nversion = \"0.1.7\"\nsource = \"registry+https://github.com/rust-lang/crates.io-index\"\nchecksum = \"11532158c46691caf0f2593ea8358fed6bbf68a0315e80aae9bd41fbade684a1\"\ndependencies = [\n \"proc-macro2\",\n \"quote\",\n \"syn 2.0.119\",\n \"synstructure\",\n]\n\n[[package]]\nname = \"zeroize\"\nversion = \"1.9.0\"\nsource = \"registry+https://github.com/rust-lang/crates.io-index\"\nchecksum = \"e13c156562582aa81c60cb29407084cdb54c4164760106ab78e6c5b0858cf64e\"\ndependencies = [\n \"zeroize_derive\",\n]\n\n[[package]]\nname = \"zeroize_derive\"\nversion = \"1.5.0\"\nsource = \"registry+https://github.com/rust-lang/crates.io-index\"\nchecksum = \"3c50655cbb0fe3fc43170059e702f1ce5e19b84cec58dc87b037a09935c2f328\"\ndependencies = [\n \"proc-macro2\",\n \"quote\",\n \"syn 2.0.119\",\n]\n\n[[package]]\nname = \"zerotrie\"\nversion = \"0.2.4\"\nsource = \"registry+https://github.com/rust-lang/crates.io-index\"\nchecksum = \"0f9152d31db0792fa83f70fb2f83148effb5c1f5b8c7686c3459e361d9bc20bf\"\ndependencies = [\n \"displaydoc\",\n \"yoke\",\n \"zerofrom\",\n]\n\n[[package]]\nname = \"zerovec\"\nversion = \"0.11.6\"\nsource = \"registry+https://github.com/rust-lang/crates.io-index\"\nchecksum = \"90f911cbc359ab6af17377d242225f4d75119aec87ea711a880987b18cd7b239\"\ndependencies = [\n \"yoke\",\n \"zerofrom\",\n \"zerovec-derive\",\n]\n\n[[package]]\nname = \"zerovec-derive\"\nversion = \"0.11.3\"\nsource = \"registry+https://github.com/rust-lang/crates.io-index\"\nchecksum = \"625dc425cab0dca6dc3c3319506e6593dcb08a9f387ea3b284dbd52a92c40555\"\ndependencies = [\n \"proc-macro2\",\n \"quote\",\n \"syn 2.0.119\",\n]\n\n[[package]]\nname = \"zmij\"\nversion = \"1.0.23\"\nsource = \"registry+https://github.com/rust-lang/crates.io-index\"\nchecksum = \"29666d0abbfad1e3dc4dcf6144730dd3a3ab225bbbdac83319345b1b44ccfc1b\"\n"


failures:
    all_mecmcp_crates_use_one_released_tag_and_commit
    rejects_any_non_exact_mecmcp_package_set

test result: FAILED. 2 passed; 2 failed; 0 ignored; 0 measured; 0 filtered out; finished in 0.04s

error: test failed, to rerun pass `-p rustsdcmcp --test mecmcp_dependency_contract`
